93.155.66.81 - - [8/May/2015:22:46:08 +0000] "GET /plugin/zoom-js/zoom.js HTTP/1.1" 404 91805 "http://somedomain.com/plugin/highlight/highlight.js" "Mozilla/5.0 (iPhone; CPU iPhone OS 14_6 like Mac OS X) AppleWebKit/605.1.15 (KHTML, like Gecko) Version/14.1.1 Mobile/15E148 Safari/604.1"
78.201.15.89 - - [19/May/2015:06:57:53 +0000] "GET /images/kibana-search.png HTTP/1.1" 200 278270 "http://somedomain.com/images/kibana-search.png" "Mozilla/5.0 (Windows NT 10.0; Win64; x64) AppleWebKit/537.36 (KHTML, like Gecko) Chrome/91.0.4472.124 Safari/537.36"
72.158.11.201 - - [3/May/2015:13:02:45 +0000] "GET /css/styles.css HTTP/1.1" 200 123618 "http://somedomain.com/images/kibana-dashboard3.png" "Mozilla/5.0 (Windows NT 10.0; Win64; x64) AppleWebKit/537.36 (KHTML, like Gecko) Chrome/91.0.4472.124 Safari/537.36"
79.132.49.176 - - [4/May/2015:06:00:20 +0000] "GET /api/data HTTP/1.1" 200 75263 "http://somedomain.com/js/app.js" "Mozilla/5.0 (iPhone; CPU iPhone OS 14_6 like Mac OS X) AppleWebKit/605.1.15 (KHTML, like Gecko) Version/14.1.1 Mobile/15E148 Safari/604.1"
8.49.39.221 - - [30/May/2015:07:35:24 +0000] "GET /images/kibana-dashboard3.png HTTP/1.1" 200 94084 "http://somedomain.com/images/kibana-search.png" "Mozilla/5.0 (Windows NT 10.0; Win64; x64) AppleWebKit/537.36 (KHTML, like Gecko) Chrome/91.0.4472.124 Safari/537.36"
8.49.39.221 - - [24/May/2015:17:24:10 +0000] "GET /about HTTP/1.1" 200 160350 "http://somedomain.com/contact" "Mozilla/5.0 (iPhone; CPU iPhone OS 14_6 like Mac OS X) AppleWebKit/605.1.15 (KHTML, like Gecko) Version/14.1.1 Mobile/15E148 Safari/604.1"
83.137.9.216 - - [10/May/2015:09:43:50 +0000] "GET /js/app.js HTTP/1.1" 200 380320 "http://somedomain.com/css/styles.css" "Mozilla/5.0 (iPhone; CPU iPhone OS 14_6 like Mac OS X) AppleWebKit/605.1.15 (KHTML, like Gecko) Version/14.1.1 Mobile/15E148 Safari/604.1"
72.158.11.201 - - [14/May/2015:12:51:01 +0000] "GET /favicon.ico HTTP/1.1" 200 160418 "http://somedomain.com/favicon.ico" "Mozilla/5.0 (Macintosh; Intel Mac OS X 10_15_7) AppleWebKit/605.1.15 (KHTML, like Gecko) Version/14.1.1 Safari/605.1.15"
79.132.49.176 - - [23/May/2015:18:32:10 +0000] "GET /about HTTP/1.1" 200 339531 "http://somedomain.com/plugin/zoom-js/zoom.js" "Mozilla/5.0 (Macintosh; Intel Mac OS X 10_15_7) AppleWebKit/605.1.15 (KHTML, like Gecko) Version/14.1.1 Safari/605.1.15"
77.166.38.94 - - [24/May/2015:12:45:31 +0000] "GET /contact HTTP/1.1" 404 77974 "http://somedomain.com/api/data" "Mozilla/5.0 (Windows NT 10.0; Win64; x64) AppleWebKit/537.36 (KHTML, like Gecko) Chrome/91.0.4472.124 Safari/537.36"
92.149.9.216 - - [24/May/2015:19:11:03 +0000] "GET /css/styles.css HTTP/1.1" 200 407552 "http://somedomain.com/favicon.ico" "Mozilla/5.0 (iPhone; CPU iPhone OS 14_6 like Mac OS X) AppleWebKit/605.1.15 (KHTML, like Gecko) Version/14.1.1 Mobile/15E148 Safari/604.1"
8.49.39.221 - - [26/May/2015:22:23:45 +0000] "GET /plugin/zoom-js/zoom.js HTTP/1.1" 200 281784 "http://somedomain.com/favicon.ico" "Mozilla/5.0 (iPhone; CPU iPhone OS 14_6 like Mac OS X) AppleWebKit/605.1.15 (KHTML, like Gecko) Version/14.1.1 Mobile/15E148 Safari/604.1"
65.189.22.45 - - [31/May/2015:10:01:19 +0000] "GET /api/data HTTP/1.1" 200 432173 "http://somedomain.com/favicon.ico" "Mozilla/5.0 (Macintosh; Intel Mac OS X 10_15_7) AppleWebKit/605.1.15 (KHTML, like Gecko) Version/14.1.1 Safari/605.1.15"
92.149.9.216 - - [20/May/2015:07:44:16 +0000] "GET /images/kibana-dashboard3.png HTTP/1.1" 200 308351 "http://somedomain.com/images/kibana-dashboard3.png" "Mozilla/5.0 (Macintosh; Intel Mac OS X 10_15_7) AppleWebKit/605.1.15 (KHTML, like Gecko) Version/14.1.1 Safari/605.1.15"
72.158.11.201 - - [24/May/2015:08:23:26 +0000] "GET /favicon.ico HTTP/1.1" 200 79728 "http://somedomain.com/favicon.ico" "Mozilla/5.0 (Windows NT 10.0; Win64; x64) AppleWebKit/537.36 (KHTML, like Gecko) Chrome/91.0.4472.124 Safari/537.36"
76.144.19.200 - - [30/May/2015:18:46:49 +0000] "GET /favicon.ico HTTP/1.1" 200 211693 "http://somedomain.com/css/styles.css" "Mozilla/5.0 (Macintosh; Intel Mac OS X 10_15_7) AppleWebKit/605.1.15 (KHTML, like Gecko) Version/14.1.1 Safari/605.1.15"
83.137.9.216 - - [8/May/2015:14:37:24 +0000] "GET /plugin/highlight/highlight.js HTTP/1.1" 200 72138 "http://somedomain.com/css/styles.css" "Mozilla/5.0 (Macintosh; Intel Mac OS X 10_15_7) AppleWebKit/605.1.15 (KHTML, like Gecko) Version/14.1.1 Safari/605.1.15"
8.49.39.221 - - [10/May/2015:15:24:16 +0000] "GET /images/kibana-search.png HTTP/1.1" 200 199256 "http://somedomain.com/images/kibana-search.png" "Mozilla/5.0 (Macintosh; Intel Mac OS X 10_15_7) AppleWebKit/605.1.15 (KHTML, like Gecko) Version/14.1.1 Safari/605.1.15"
8.49.39.221 - - [20/May/2015:16:19:50 +0000] "GET /js/app.js HTTP/1.1" 404 207411 "http://somedomain.com/plugin/zoom-js/zoom.js" "Mozilla/5.0 (Macintosh; Intel Mac OS X 10_15_7) AppleWebKit/605.1.15 (KHTML, like Gecko) Version/14.1.1 Safari/605.1.15"
69.211.88.92 - - [8/May/2015:10:33:32 +0000] "GET /contact HTTP/1.1" 200 473949 "http://somedomain.com/images/kibana-dashboard3.png" "Mozilla/5.0 (Macintosh; Intel Mac OS X 10_15_7) AppleWebKit/605.1.15 (KHTML, like Gecko) Version/14.1.1 Safari/605.1.15"
78.201.15.89 - - [4/May/2015:20:11:52 +0000] "GET /images/kibana-search.png HTTP/1.1" 200 344392 "http://somedomain.com/contact" "Mozilla/5.0 (iPhone; CPU iPhone OS 14_6 like Mac OS X) AppleWebKit/605.1.15 (KHTML, like Gecko) Version/14.1.1 Mobile/15E148 Safari/604.1"
95.207.60.131 - - [23/May/2015:08:08:36 +0000] "GET /favicon.ico HTTP/1.1" 200 108119 "http://somedomain.com/images/kibana-dashboard3.png" "Mozilla/5.0 (Windows NT 10.0; Win64; x64) AppleWebKit/537.36 (KHTML, like Gecko) Chrome/91.0.4472.124 Safari/537.36"
92.149.9.216 - - [9/May/2015:12:23:08 +0000] "GET /api/data HTTP/1.1" 200 266535 "http://somedomain.com/images/kibana-dashboard3.png" "Mozilla/5.0 (Windows NT 10.0; Win64; x64) AppleWebKit/537.36 (KHTML, like Gecko) Chrome/91.0.4472.124 Safari/537.36"
93.155.66.81 - - [21/May/2015:10:36:15 +0000] "GET /images/kibana-dashboard3.png HTTP/1.1" 200 74653 "http://somedomain.com/favicon.ico" "Mozilla/5.0 (Windows NT 10.0; Win64; x64) AppleWebKit/537.36 (KHTML, like Gecko) Chrome/91.0.4472.124 Safari/537.36"
65.189.22.45 - - [11/May/2015:18:58:26 +0000] "GET /plugin/zoom-js/zoom.js HTTP/1.1" 200 362724 "http://somedomain.com/js/app.js" "Mozilla/5.0 (Windows NT 10.0; Win64; x64) AppleWebKit/537.36 (KHTML, like Gecko) Chrome/91.0.4472.124 Safari/537.36"
76.144.19.200 - - [29/May/2015:14:32:57 +0000] "GET /images/kibana-dashboard3.png HTTP/1.1" 200 226272 "http://somedomain.com/js/app.js" "Mozilla/5.0 (Windows NT 10.0; Win64; x64) AppleWebKit/537.36 (KHTML, like Gecko) Chrome/91.0.4472.124 Safari/537.36"
84.199.32.167 - - [11/May/2015:09:54:51 +0000] "GET /plugin/highlight/highlight.js HTTP/1.1" 200 7920 "http://somedomain.com/contact" "Mozilla/5.0 (Macintosh; Intel Mac OS X 10_15_7) AppleWebKit/605.1.15 (KHTML, like Gecko) Version/14.1.1 Safari/605.1.15"
76.144.19.200 - - [17/May/2015:14:40:21 +0000] "GET /favicon.ico HTTP/1.1" 200 496166 "http://somedomain.com/js/app.js" "Mozilla/5.0 (Windows NT 10.0; Win64; x64) AppleWebKit/537.36 (KHTML, like Gecko) Chrome/91.0.4472.124 Safari/537.36"
77.166.38.94 - - [2/May/2015:15:56:04 +0000] "GET /api/data HTTP/1.1" 200 351871 "http://somedomain.com/contact" "Mozilla/5.0 (Windows NT 10.0; Win64; x64) AppleWebKit/537.36 (KHTML, like Gecko) Chrome/91.0.4472.124 Safari/537.36"
78.201.15.89 - - [12/May/2015:12:25:10 +0000] "GET /plugin/zoom-js/zoom.js HTTP/1.1" 200 487539 "http://somedomain.com/js/app.js" "Mozilla/5.0 (iPhone; CPU iPhone OS 14_6 like Mac OS X) AppleWebKit/605.1.15 (KHTML, like Gecko) Version/14.1.1 Mobile/15E148 Safari/604.1"
72.158.11.201 - - [15/May/2015:12:09:53 +0000] "GET /plugin/zoom-js/zoom.js HTTP/1.1" 200 442172 "http://somedomain.com/images/kibana-search.png" "Mozilla/5.0 (Windows NT 10.0; Win64; x64) AppleWebKit/537.36 (KHTML, like Gecko) Chrome/91.0.4472.124 Safari/537.36"
85.227.44.109 - - [20/May/2015:12:09:05 +0000] "GET /plugin/highlight/highlight.js HTTP/1.1" 404 155443 "http://somedomain.com/plugin/zoom-js/zoom.js" "Mozilla/5.0 (Macintosh; Intel Mac OS X 10_15_7) AppleWebKit/605.1.15 (KHTML, like Gecko) Version/14.1.1 Safari/605.1.15"
72.158.11.201 - - [30/May/2015:07:31:02 +0000] "GET /css/styles.css HTTP/1.1" 200 455355 "http://somedomain.com/images/kibana-dashboard3.png" "Mozilla/5.0 (iPhone; CPU iPhone OS 14_6 like Mac OS X) AppleWebKit/605.1.15 (KHTML, like Gecko) Version/14.1.1 Mobile/15E148 Safari/604.1"
76.144.19.200 - - [8/May/2015:13:32:55 +0000] "GET /favicon.ico HTTP/1.1" 304 399750 "http://somedomain.com/about" "Mozilla/5.0 (Windows NT 10.0; Win64; x64) AppleWebKit/537.36 (KHTML, like Gecko) Chrome/91.0.4472.124 Safari/537.36"
65.189.22.45 - - [15/May/2015:06:59:31 +0000] "GET /plugin/highlight/highlight.js HTTP/1.1" 200 40485 "http://somedomain.com/about" "Mozilla/5.0 (iPhone; CPU iPhone OS 14_6 like Mac OS X) AppleWebKit/605.1.15 (KHTML, like Gecko) Version/14.1.1 Mobile/15E148 Safari/604.1"
8.49.39.221 - - [7/May/2015:18:50:24 +0000] "GET /css/styles.css HTTP/1.1" 200 73131 "http://somedomain.com/api/data" "Mozilla/5.0 (Windows NT 10.0; Win64; x64) AppleWebKit/537.36 (KHTML, like Gecko) Chrome/91.0.4472.124 Safari/537.36"
92.149.9.216 - - [30/May/2015:10:48:02 +0000] "GET /plugin/zoom-js/zoom.js HTTP/1.1" 200 258743 "http://somedomain.com/css/styles.css" "Mozilla/5.0 (Windows NT 10.0; Win64; x64) AppleWebKit/537.36 (KHTML, like Gecko) Chrome/91.0.4472.124 Safari/537.36"
84.199.32.167 - - [6/May/2015:11:44:50 +0000] "GET /plugin/zoom-js/zoom.js HTTP/1.1" 200 159651 "http://somedomain.com/about" "Mozilla/5.0 (iPhone; CPU iPhone OS 14_6 like Mac OS X) AppleWebKit/605.1.15 (KHTML, like Gecko) Version/14.1.1 Mobile/15E148 Safari/604.1"
83.137.9.216 - - [2/May/2015:16:16:23 +0000] "GET /js/app.js HTTP/1.1" 404 39777 "http://somedomain.com/js/app.js" "Mozilla/5.0 (iPhone; CPU iPhone OS 14_6 like Mac OS X) AppleWebKit/605.1.15 (KHTML, like Gecko) Version/14.1.1 Mobile/15E148 Safari/604.1"
69.211.88.92 - - [15/May/2015:13:02:35 +0000] "GET /contact HTTP/1.1" 200 345585 "http://somedomain.com/api/data" "Mozilla/5.0 (iPhone; CPU iPhone OS 14_6 like Mac OS X) AppleWebKit/605.1.15 (KHTML, like Gecko) Version/14.1.1 Mobile/15E148 Safari/604.1"
83.137.9.216 - - [24/May/2015:14:53:55 +0000] "GET /images/kibana-search.png HTTP/1.1" 200 125990 "http://somedomain.com/js/app.js" "Mozilla/5.0 (Macintosh; Intel Mac OS X 10_15_7) AppleWebKit/605.1.15 (KHTML, like Gecko) Version/14.1.1 Safari/605.1.15"
91.205.77.123 - - [8/May/2015:07:11:37 +0000] "GET /contact HTTP/1.1" 200 71105 "http://somedomain.com/plugin/highlight/highlight.js" "Mozilla/5.0 (Macintosh; Intel Mac OS X 10_15_7) AppleWebKit/605.1.15 (KHTML, like Gecko) Version/14.1.1 Safari/605.1.15"
92.149.9.216 - - [15/May/2015:09:24:12 +0000] "GET /contact HTTP/1.1" 200 92272 "http://somedomain.com/css/styles.css" "Mozilla/5.0 (Macintosh; Intel Mac OS X 10_15_7) AppleWebKit/605.1.15 (KHTML, like Gecko) Version/14.1.1 Safari/605.1.15"
79.132.49.176 - - [17/May/2015:09:18:14 +0000] "GET /js/app.js HTTP/1.1" 200 231447 "http://somedomain.com/images/kibana-dashboard3.png" "Mozilla/5.0 (Macintosh; Intel Mac OS X 10_15_7) AppleWebKit/605.1.15 (KHTML, like Gecko) Version/14.1.1 Safari/605.1.15"
8.49.39.221 - - [6/May/2015:19:25:20 +0000] "GET /about HTTP/1.1" 200 124689 "http://somedomain.com/api/data" "Mozilla/5.0 (Windows NT 10.0; Win64; x64) AppleWebKit/537.36 (KHTML, like Gecko) Chrome/91.0.4472.124 Safari/537.36"
65.189.22.45 - - [3/May/2015:09:04:28 +0000] "GET /favicon.ico HTTP/1.1" 200 483158 "http://somedomain.com/favicon.ico" "Mozilla/5.0 (iPhone; CPU iPhone OS 14_6 like Mac OS X) AppleWebKit/605.1.15 (KHTML, like Gecko) Version/14.1.1 Mobile/15E148 Safari/604.1"
84.199.32.167 - - [6/May/2015:16:36:38 +0000] "GET /about HTTP/1.1" 200 473480 "http://somedomain.com/about" "Mozilla/5.0 (Windows NT 10.0; Win64; x64) AppleWebKit/537.36 (KHTML, like Gecko) Chrome/91.0.4472.124 Safari/537.36"
93.155.66.81 - - [29/May/2015:16:44:46 +0000] "GET /images/kibana-dashboard3.png HTTP/1.1" 304 158543 "http://somedomain.com/api/data" "Mozilla/5.0 (iPhone; CPU iPhone OS 14_6 like Mac OS X) AppleWebKit/605.1.15 (KHTML, like Gecko) Version/14.1.1 Mobile/15E148 Safari/604.1"
82.149.9.216 - - [3/May/2015:10:14:41 +0000] "GET /favicon.ico HTTP/1.1" 200 149642 "http://somedomain.com/plugin/highlight/highlight.js" "Mozilla/5.0 (iPhone; CPU iPhone OS 14_6 like Mac OS X) AppleWebKit/605.1.15 (KHTML, like Gecko) Version/14.1.1 Mobile/15E148 Safari/604.1"
65.189.22.45 - - [4/May/2015:13:54:11 +0000] "GET /api/data HTTP/1.1" 200 247182 "http://somedomain.com/plugin/zoom-js/zoom.js" "Mozilla/5.0 (iPhone; CPU iPhone OS 14_6 like Mac OS X) AppleWebKit/605.1.15 (KHTML, like Gecko) Version/14.1.1 Mobile/15E148 Safari/604.1"
78.201.15.89 - - [8/May/2015:17:38:20 +0000] "GET /api/data HTTP/1.1" 200 313092 "http://somedomain.com/favicon.ico" "Mozilla/5.0 (Windows NT 10.0; Win64; x64) AppleWebKit/537.36 (KHTML, like Gecko) Chrome/91.0.4472.124 Safari/537.36"
91.205.77.123 - - [16/May/2015:10:28:47 +0000] "GET /js/app.js HTTP/1.1" 200 228926 "http://somedomain.com/plugin/highlight/highlight.js" "Mozilla/5.0 (Macintosh; Intel Mac OS X 10_15_7) AppleWebKit/605.1.15 (KHTML, like Gecko) Version/14.1.1 Safari/605.1.15"
77.166.38.94 - - [28/May/2015:21:53:07 +0000] "GET /plugin/highlight/highlight.js HTTP/1.1" 304 54816 "http://somedomain.com/contact" "Mozilla/5.0 (Macintosh; Intel Mac OS X 10_15_7) AppleWebKit/605.1.15 (KHTML, like Gecko) Version/14.1.1 Safari/605.1.15"
83.137.9.216 - - [9/May/2015:16:46:43 +0000] "GET /plugin/zoom-js/zoom.js HTTP/1.1" 200 112932 "http://somedomain.com/contact" "Mozilla/5.0 (Windows NT 10.0; Win64; x64) AppleWebKit/537.36 (KHTML, like Gecko) Chrome/91.0.4472.124 Safari/537.36"
82.149.9.216 - - [2/May/2015:16:19:14 +0000] "GET /images/kibana-dashboard3.png HTTP/1.1" 200 47762 "http://somedomain.com/js/app.js" "Mozilla/5.0 (Windows NT 10.0; Win64; x64) AppleWebKit/537.36 (KHTML, like Gecko) Chrome/91.0.4472.124 Safari/537.36"
69.211.88.92 - - [25/May/2015:10:22:33 +0000] "GET /contact HTTP/1.1" 200 261441 "http://somedomain.com/css/styles.css" "Mozilla/5.0 (Macintosh; Intel Mac OS X 10_15_7) AppleWebKit/605.1.15 (KHTML, like Gecko) Version/14.1.1 Safari/605.1.15"
77.166.38.94 - - [23/May/2015:10:50:21 +0000] "GET /plugin/highlight/highlight.js HTTP/1.1" 200 340986 "http://somedomain.com/css/styles.css" "Mozilla/5.0 (Windows NT 10.0; Win64; x64) AppleWebKit/537.36 (KHTML, like Gecko) Chrome/91.0.4472.124 Safari/537.36"
92.149.9.216 - - [6/May/2015:10:16:55 +0000] "GET /images/kibana-search.png HTTP/1.1" 200 43518 "http://somedomain.com/plugin/zoom-js/zoom.js" "Mozilla/5.0 (Windows NT 10.0; Win64; x64) AppleWebKit/537.36 (KHTML, like Gecko) Chrome/91.0.4472.124 Safari/537.36"
92.149.9.216 - - [24/May/2015:08:12:03 +0000] "GET /favicon.ico HTTP/1.1" 200 271789 "http://somedomain.com/plugin/zoom-js/zoom.js" "Mozilla/5.0 (iPhone; CPU iPhone OS 14_6 like Mac OS X) AppleWebKit/605.1.15 (KHTML, like Gecko) Version/14.1.1 Mobile/15E148 Safari/604.1"
82.149.9.216 - - [4/May/2015:10:32:42 +0000] "GET /images/kibana-dashboard3.png HTTP/1.1" 200 375724 "http://somedomain.com/plugin/highlight/highlight.js" "Mozilla/5.0 (Macintosh; Intel Mac OS X 10_15_7) AppleWebKit/605.1.15 (KHTML, like Gecko) Version/14.1.1 Safari/605.1.15"
84.199.32.167 - - [11/May/2015:14:46:45 +0000] "GET /plugin/highlight/highlight.js HTTP/1.1" 200 241403 "http://somedomain.com/css/styles.css" "Mozilla/5.0 (iPhone; CPU iPhone OS 14_6 like Mac OS X) AppleWebKit/605.1.15 (KHTML, like Gecko) Version/14.1.1 Mobile/15E148 Safari/604.1"
82.149.9.216 - - [29/May/2015:12:54:10 +0000] "GET /about HTTP/1.1" 200 4016 "http://somedomain.com/js/app.js" "Mozilla/5.0 (Windows NT 10.0; Win64; x64) AppleWebKit/537.36 (KHTML, like Gecko) Chrome/91.0.4472.124 Safari/537.36"
8.49.39.221 - - [5/May/2015:14:12:33 +0000] "GET /css/styles.css HTTP/1.1" 200 113867 "http://somedomain.com/api/data" "Mozilla/5.0 (Macintosh; Intel Mac OS X 10_15_7) AppleWebKit/605.1.15 (KHTML, like Gecko) Version/14.1.1 Safari/605.1.15"
82.149.9.216 - - [27/May/2015:16:49:51 +0000] "GET /plugin/highlight/highlight.js HTTP/1.1" 200 102214 "http://somedomain.com/plugin/highlight/highlight.js" "Mozilla/5.0 (Windows NT 10.0; Win64; x64) AppleWebKit/537.36 (KHTML, like Gecko) Chrome/91.0.4472.124 Safari/537.36"
92.149.9.216 - - [4/May/2015:14:26:37 +0000] "GET /plugin/highlight/highlight.js HTTP/1.1" 200 289750 "http://somedomain.com/contact" "Mozilla/5.0 (iPhone; CPU iPhone OS 14_6 like Mac OS X) AppleWebKit/605.1.15 (KHTML, like Gecko) Version/14.1.1 Mobile/15E148 Safari/604.1"
91.205.77.123 - - [31/May/2015:11:42:12 +0000] "GET /css/styles.css HTTP/1.1" 200 439210 "http://somedomain.com/images/kibana-search.png" "Mozilla/5.0 (Windows NT 10.0; Win64; x64) AppleWebKit/537.36 (KHTML, like Gecko) Chrome/91.0.4472.124 Safari/537.36"
84.199.32.167 - - [8/May/2015:15:59:15 +0000] "GET /js/app.js HTTP/1.1" 200 27063 "http://somedomain.com/plugin/highlight/highlight.js" "Mozilla/5.0 (Macintosh; Intel Mac OS X 10_15_7) AppleWebKit/605.1.15 (KHTML, like Gecko) Version/14.1.1 Safari/605.1.15"
8.49.39.221 - - [12/May/2015:14:38:34 +0000] "GET /css/styles.css HTTP/1.1" 200 19731 "http://somedomain.com/images/kibana-search.png" "Mozilla/5.0 (iPhone; CPU iPhone OS 14_6 like Mac OS X) AppleWebKit/605.1.15 (KHTML, like Gecko) Version/14.1.1 Mobile/15E148 Safari/604.1"
84.199.32.167 - - [21/May/2015:16:52:08 +0000] "GET /plugin/zoom-js/zoom.js HTTP/1.1" 200 50959 "http://somedomain.com/plugin/zoom-js/zoom.js" "Mozilla/5.0 (Windows NT 10.0; Win64; x64) AppleWebKit/537.36 (KHTML, like Gecko) Chrome/91.0.4472.124 Safari/537.36"
8.49.39.221 - - [27/May/2015:14:18:27 +0000] "GET /api/data HTTP/1.1" 404 457406 "http://somedomain.com/js/app.js" "Mozilla/5.0 (iPhone; CPU iPhone OS 14_6 like Mac OS X) AppleWebKit/605.1.15 (KHTML, like Gecko) Version/14.1.1 Mobile/15E148 Safari/604.1"
76.144.19.200 - - [14/May/2015:14:51:01 +0000] "GET /favicon.ico HTTP/1.1" 200 221031 "http://somedomain.com/plugin/highlight/highlight.js" "Mozilla/5.0 (Macintosh; Intel Mac OS X 10_15_7) AppleWebKit/605.1.15 (KHTML, like Gecko) Version/14.1.1 Safari/605.1.15"
82.149.9.216 - - [7/May/2015:17:48:42 +0000] "GET /images/kibana-search.png HTTP/1.1" 200 351984 "http://somedomain.com/favicon.ico" "Mozilla/5.0 (Windows NT 10.0; Win64; x64) AppleWebKit/537.36 (KHTML, like Gecko) Chrome/91.0.4472.124 Safari/537.36"
78.201.15.89 - - [29/May/2015:17:34:41 +0000] "GET /contact HTTP/1.1" 200 63848 "http://somedomain.com/plugin/highlight/highlight.js" "Mozilla/5.0 (Windows NT 10.0; Win64; x64) AppleWebKit/537.36 (KHTML, like Gecko) Chrome/91.0.4472.124 Safari/537.36"
91.205.77.123 - - [29/May/2015:10:13:41 +0000] "GET /about HTTP/1.1" 200 440964 "http://somedomain.com/images/kibana-search.png" "Mozilla/5.0 (iPhone; CPU iPhone OS 14_6 like Mac OS X) AppleWebKit/605.1.15 (KHTML, like Gecko) Version/14.1.1 Mobile/15E148 Safari/604.1"
91.205.77.123 - - [21/May/2015:18:13:35 +0000] "GET /api/data HTTP/1.1" 200 126817 "http://somedomain.com/js/app.js" "Mozilla/5.0 (iPhone; CPU iPhone OS 14_6 like Mac OS X) AppleWebKit/605.1.15 (KHTML, like Gecko) Version/14.1.1 Mobile/15E148 Safari/604.1"
83.137.9.216 - - [20/May/2015:09:21:01 +0000] "GET /plugin/zoom-js/zoom.js HTTP/1.1" 200 486533 "http://somedomain.com/images/kibana-search.png" "Mozilla/5.0 (Macintosh; Intel Mac OS X 10_15_7) AppleWebKit/605.1.15 (KHTML, like Gecko) Version/14.1.1 Safari/605.1.15"
8.49.39.221 - - [4/May/2015:12:31:14 +0000] "GET /js/app.js HTTP/1.1" 200 269020 "http://somedomain.com/images/kibana-search.png" "Mozilla/5.0 (Windows NT 10.0; Win64; x64) AppleWebKit/537.36 (KHTML, like Gecko) Chrome/91.0.4472.124 Safari/537.36"
72.158.11.201 - - [2/May/2015:15:40:57 +0000] "GET /contact HTTP/1.1" 200 62888 "http://somedomain.com/contact" "Mozilla/5.0 (Windows NT 10.0; Win64; x64) AppleWebKit/537.36 (KHTML, like Gecko) Chrome/91.0.4472.124 Safari/537.36"
65.189.22.45 - - [7/May/2015:22:56:06 +0000] "GET /favicon.ico HTTP/1.1" 200 312647 "http://somedomain.com/css/styles.css" "Mozilla/5.0 (Windows NT 10.0; Win64; x64) AppleWebKit/537.36 (KHTML, like Gecko) Chrome/91.0.4472.124 Safari/537.36"
84.199.32.167 - - [22/May/2015:13:46:53 +0000] "GET /contact HTTP/1.1" 200 357864 "http://somedomain.com/images/kibana-search.png" "Mozilla/5.0 (Macintosh; Intel Mac OS X 10_15_7) AppleWebKit/605.1.15 (KHTML, like Gecko) Version/14.1.1 Safari/605.1.15"
8.49.39.221 - - [7/May/2015:18:53:21 +0000] "GET /about HTTP/1.1" 304 400597 "http://somedomain.com/css/styles.css" "Mozilla/5.0 (Windows NT 10.0; Win64; x64) AppleWebKit/537.36 (KHTML, like Gecko) Chrome/91.0.4472.124 Safari/537.36"
85.227.44.109 - - [17/May/2015:16:42:13 +0000] "GET /about HTTP/1.1" 200 144850 "http://somedomain.com/plugin/highlight/highlight.js" "Mozilla/5.0 (Macintosh; Intel Mac OS X 10_15_7) AppleWebKit/605.1.15 (KHTML, like Gecko) Version/14.1.1 Safari/605.1.15"
72.158.11.201 - - [27/May/2015:09:48:33 +0000] "GET /favicon.ico HTTP/1.1" 200 180847 "http://somedomain.com/contact" "Mozilla/5.0 (iPhone; CPU iPhone OS 14_6 like Mac OS X) AppleWebKit/605.1.15 (KHTML, like Gecko) Version/14.1.1 Mobile/15E148 Safari/604.1"
84.199.32.167 - - [15/May/2015:16:08:50 +0000] "GET /js/app.js HTTP/1.1" 200 40310 "http://somedomain.com/about" "Mozilla/5.0 (Windows NT 10.0; Win64; x64) AppleWebKit/537.36 (KHTML, like Gecko) Chrome/91.0.4472.124 Safari/537.36"
65.189.22.45 - - [11/May/2015:11:57:20 +0000] "GET /favicon.ico HTTP/1.1" 200 425042 "http://somedomain.com/js/app.js" "Mozilla/5.0 (Macintosh; Intel Mac OS X 10_15_7) AppleWebKit/605.1.15 (KHTML, like Gecko) Version/14.1.1 Safari/605.1.15"
65.189.22.45 - - [18/May/2015:12:51:05 +0000] "GET /about HTTP/1.1" 200 38565 "http://somedomain.com/api/data" "Mozilla/5.0 (iPhone; CPU iPhone OS 14_6 like Mac OS X) AppleWebKit/605.1.15 (KHTML, like Gecko) Version/14.1.1 Mobile/15E148 Safari/604.1"
72.158.11.201 - - [22/May/2015:17:00:37 +0000] "GET /plugin/zoom-js/zoom.js HTTP/1.1" 200 444171 "http://somedomain.com/plugin/zoom-js/zoom.js" "Mozilla/5.0 (iPhone; CPU iPhone OS 14_6 like Mac OS X) AppleWebKit/605.1.15 (KHTML, like Gecko) Version/14.1.1 Mobile/15E148 Safari/604.1"
92.149.9.216 - - [22/May/2015:15:13:18 +0000] "GET /css/styles.css HTTP/1.1" 200 432428 "http://somedomain.com/plugin/highlight/highlight.js" "Mozilla/5.0 (Windows NT 10.0; Win64; x64) AppleWebKit/537.36 (KHTML, like Gecko) Chrome/91.0.4472.124 Safari/537.36"
81.199.53.102 - - [10/May/2015:17:58:13 +0000] "GET /api/data HTTP/1.1" 200 357946 "http://somedomain.com/css/styles.css" "Mozilla/5.0 (Macintosh; Intel Mac OS X 10_15_7) AppleWebKit/605.1.15 (KHTML, like Gecko) Version/14.1.1 Safari/605.1.15"
94.188.25.117 - - [27/May/2015:07:09:30 +0000] "GET /favicon.ico HTTP/1.1" 304 334982 "http://somedomain.com/plugin/highlight/highlight.js" "Mozilla/5.0 (Windows NT 10.0; Win64; x64) AppleWebKit/537.36 (KHTML, like Gecko) Chrome/91.0.4472.124 Safari/537.36"
82.149.9.216 - - [29/May/2015:17:44:47 +0000] "GET /favicon.ico HTTP/1.1" 200 465639 "http://somedomain.com/images/kibana-dashboard3.png" "Mozilla/5.0 (Macintosh; Intel Mac OS X 10_15_7) AppleWebKit/605.1.15 (KHTML, like Gecko) Version/14.1.1 Safari/605.1.15"
72.158.11.201 - - [13/May/2015:11:38:17 +0000] "GET /css/styles.css HTTP/1.1" 200 412882 "http://somedomain.com/contact" "Mozilla/5.0 (Windows NT 10.0; Win64; x64) AppleWebKit/537.36 (KHTML, like Gecko) Chrome/91.0.4472.124 Safari/537.36"
84.199.32.167 - - [5/May/2015:17:46:27 +0000] "GET /js/app.js HTTP/1.1" 200 287269 "http://somedomain.com/images/kibana-search.png" "Mozilla/5.0 (Windows NT 10.0; Win64; x64) AppleWebKit/537.36 (KHTML, like Gecko) Chrome/91.0.4472.124 Safari/537.36"
91.205.77.123 - - [2/May/2015:16:17:47 +0000] "GET /images/kibana-dashboard3.png HTTP/1.1" 200 392634 "http://somedomain.com/favicon.ico" "Mozilla/5.0 (Windows NT 10.0; Win64; x64) AppleWebKit/537.36 (KHTML, like Gecko) Chrome/91.0.4472.124 Safari/537.36"
92.149.9.216 - - [26/May/2015:16:32:05 +0000] "GET /favicon.ico HTTP/1.1" 200 407885 "http://somedomain.com/css/styles.css" "Mozilla/5.0 (iPhone; CPU iPhone OS 14_6 like Mac OS X) AppleWebKit/605.1.15 (KHTML, like Gecko) Version/14.1.1 Mobile/15E148 Safari/604.1"
92.149.9.216 - - [15/May/2015:14:47:08 +0000] "GET /favicon.ico HTTP/1.1" 200 294842 "http://somedomain.com/plugin/highlight/highlight.js" "Mozilla/5.0 (Macintosh; Intel Mac OS X 10_15_7) AppleWebKit/605.1.15 (KHTML, like Gecko) Version/14.1.1 Safari/605.1.15"
91.205.77.123 - - [9/May/2015:21:15:27 +0000] "GET /images/kibana-search.png HTTP/1.1" 200 242040 "http://somedomain.com/plugin/highlight/highlight.js" "Mozilla/5.0 (iPhone; CPU iPhone OS 14_6 like Mac OS X) AppleWebKit/605.1.15 (KHTML, like Gecko) Version/14.1.1 Mobile/15E148 Safari/604.1"
69.211.88.92 - - [3/May/2015:16:50:57 +0000] "GET /contact HTTP/1.1" 200 74754 "http://somedomain.com/favicon.ico" "Mozilla/5.0 (Windows NT 10.0; Win64; x64) AppleWebKit/537.36 (KHTML, like Gecko) Chrome/91.0.4472.124 Safari/537.36"
81.199.53.102 - - [16/May/2015:06:14:35 +0000] "GET /images/kibana-search.png HTTP/1.1" 200 152687 "http://somedomain.com/about" "Mozilla/5.0 (Windows NT 10.0; Win64; x64) AppleWebKit/537.36 (KHTML, like Gecko) Chrome/91.0.4472.124 Safari/537.36"
83.137.9.216 - - [30/May/2015:14:14:57 +0000] "GET /js/app.js HTTP/1.1" 200 331785 "http://somedomain.com/favicon.ico" "Mozilla/5.0 (iPhone; CPU iPhone OS 14_6 like Mac OS X) AppleWebKit/605.1.15 (KHTML, like Gecko) Version/14.1.1 Mobile/15E148 Safari/604.1"
84.199.32.167 - - [2/May/2015:11:31:13 +0000] "GET /js/app.js HTTP/1.1" 200 274232 "http://somedomain.com/images/kibana-dashboard3.png" "Mozilla/5.0 (iPhone; CPU iPhone OS 14_6 like Mac OS X) AppleWebKit/605.1.15 (KHTML, like Gecko) Version/14.1.1 Mobile/15E148 Safari/604.1"
78.201.15.89 - - [17/May/2015:18:33:46 +0000] "GET /plugin/zoom-js/zoom.js HTTP/1.1" 200 301738 "http://somedomain.com/favicon.ico" "Mozilla/5.0 (iPhone; CPU iPhone OS 14_6 like Mac OS X) AppleWebKit/605.1.15 (KHTML, like Gecko) Version/14.1.1 Mobile/15E148 Safari/604.1"
95.207.60.131 - - [7/May/2015:08:25:19 +0000] "GET /js/app.js HTTP/1.1" 200 10766 "http://somedomain.com/plugin/highlight/highlight.js" "Mozilla/5.0 (iPhone; CPU iPhone OS 14_6 like Mac OS X) AppleWebKit/605.1.15 (KHTML, like Gecko) Version/14.1.1 Mobile/15E148 Safari/604.1"
8.49.39.221 - - [29/May/2015:08:42:12 +0000] "GET /api/data HTTP/1.1" 200 434965 "http://somedomain.com/css/styles.css" "Mozilla/5.0 (iPhone; CPU iPhone OS 14_6 like Mac OS X) AppleWebKit/605.1.15 (KHTML, like Gecko) Version/14.1.1 Mobile/15E148 Safari/604.1"
76.144.19.200 - - [29/May/2015:09:57:14 +0000] "GET /plugin/highlight/highlight.js HTTP/1.1" 200 458409 "http://somedomain.com/favicon.ico" "Mozilla/5.0 (Macintosh; Intel Mac OS X 10_15_7) AppleWebKit/605.1.15 (KHTML, like Gecko) Version/14.1.1 Safari/605.1.15"
8.49.39.221 - - [5/May/2015:18:51:13 +0000] "GET /favicon.ico HTTP/1.1" 200 380393 "http://somedomain.com/plugin/highlight/highlight.js" "Mozilla/5.0 (Macintosh; Intel Mac OS X 10_15_7) AppleWebKit/605.1.15 (KHTML, like Gecko) Version/14.1.1 Safari/605.1.15"
84.199.32.167 - - [26/May/2015:06:36:48 +0000] "GET /css/styles.css HTTP/1.1" 200 84515 "http://somedomain.com/plugin/highlight/highlight.js" "Mozilla/5.0 (iPhone; CPU iPhone OS 14_6 like Mac OS X) AppleWebKit/605.1.15 (KHTML, like Gecko) Version/14.1.1 Mobile/15E148 Safari/604.1"
82.149.9.216 - - [6/May/2015:19:00:05 +0000] "GET /api/data HTTP/1.1" 200 347235 "http://somedomain.com/api/data" "Mozilla/5.0 (Macintosh; Intel Mac OS X 10_15_7) AppleWebKit/605.1.15 (KHTML, like Gecko) Version/14.1.1 Safari/605.1.15"
83.137.9.216 - - [11/May/2015:17:51:19 +0000] "GET /favicon.ico HTTP/1.1" 200 85611 "http://somedomain.com/images/kibana-dashboard3.png" "Mozilla/5.0 (Windows NT 10.0; Win64; x64) AppleWebKit/537.36 (KHTML, like Gecko) Chrome/91.0.4472.124 Safari/537.36"
77.166.38.94 - - [30/May/2015:17:23:25 +0000] "GET /plugin/highlight/highlight.js HTTP/1.1" 200 246630 "http://somedomain.com/css/styles.css" "Mozilla/5.0 (Windows NT 10.0; Win64; x64) AppleWebKit/537.36 (KHTML, like Gecko) Chrome/91.0.4472.124 Safari/537.36"
92.149.9.216 - - [4/May/2015:14:45:29 +0000] "GET /css/styles.css HTTP/1.1" 200 52860 "http://somedomain.com/js/app.js" "Mozilla/5.0 (Windows NT 10.0; Win64; x64) AppleWebKit/537.36 (KHTML, like Gecko) Chrome/91.0.4472.124 Safari/537.36"
82.149.9.216 - - [27/May/2015:14:36:02 +0000] "GET /contact HTTP/1.1" 200 58991 "http://somedomain.com/plugin/highlight/highlight.js" "Mozilla/5.0 (Windows NT 10.0; Win64; x64) AppleWebKit/537.36 (KHTML, like Gecko) Chrome/91.0.4472.124 Safari/537.36"
8.49.39.221 - - [29/May/2015:12:02:00 +0000] "GET /favicon.ico HTTP/1.1" 200 421339 "http://somedomain.com/images/kibana-search.png" "Mozilla/5.0 (Windows NT 10.0; Win64; x64) AppleWebKit/537.36 (KHTML, like Gecko) Chrome/91.0.4472.124 Safari/537.36"
78.201.15.89 - - [25/May/2015:14:04:00 +0000] "GET /css/styles.css HTTP/1.1" 200 195551 "http://somedomain.com/plugin/zoom-js/zoom.js" "Mozilla/5.0 (Macintosh; Intel Mac OS X 10_15_7) AppleWebKit/605.1.15 (KHTML, like Gecko) Version/14.1.1 Safari/605.1.15"
79.132.49.176 - - [31/May/2015:16:35:18 +0000] "GET /images/kibana-dashboard3.png HTTP/1.1" 200 372495 "http://somedomain.com/contact" "Mozilla/5.0 (iPhone; CPU iPhone OS 14_6 like Mac OS X) AppleWebKit/605.1.15 (KHTML, like Gecko) Version/14.1.1 Mobile/15E148 Safari/604.1"
8.49.39.221 - - [25/May/2015:20:34:03 +0000] "GET /contact HTTP/1.1" 200 57960 "http://somedomain.com/images/kibana-search.png" "Mozilla/5.0 (Windows NT 10.0; Win64; x64) AppleWebKit/537.36 (KHTML, like Gecko) Chrome/91.0.4472.124 Safari/537.36"
92.149.9.216 - - [11/May/2015:22:37:02 +0000] "GET /about HTTP/1.1" 200 197540 "http://somedomain.com/plugin/zoom-js/zoom.js" "Mozilla/5.0 (Macintosh; Intel Mac OS X 10_15_7) AppleWebKit/605.1.15 (KHTML, like Gecko) Version/14.1.1 Safari/605.1.15"
8.49.39.221 - - [27/May/2015:06:44:22 +0000] "GET /css/styles.css HTTP/1.1" 200 102407 "http://somedomain.com/images/kibana-dashboard3.png" "Mozilla/5.0 (iPhone; CPU iPhone OS 14_6 like Mac OS X) AppleWebKit/605.1.15 (KHTML, like Gecko) Version/14.1.1 Mobile/15E148 Safari/604.1"
82.149.9.216 - - [31/May/2015:11:18:01 +0000] "GET /images/kibana-search.png HTTP/1.1" 200 26055 "http://somedomain.com/js/app.js" "Mozilla/5.0 (Windows NT 10.0; Win64; x64) AppleWebKit/537.36 (KHTML, like Gecko) Chrome/91.0.4472.124 Safari/537.36"
8.49.39.221 - - [5/May/2015:18:57:54 +0000] "GET /plugin/zoom-js/zoom.js HTTP/1.1" 200 489601 "http://somedomain.com/plugin/zoom-js/zoom.js" "Mozilla/5.0 (iPhone; CPU iPhone OS 14_6 like Mac OS X) AppleWebKit/605.1.15 (KHTML, like Gecko) Version/14.1.1 Mobile/15E148 Safari/604.1"
72.158.11.201 - - [13/May/2015:13:28:40 +0000] "GET /images/kibana-dashboard3.png HTTP/1.1" 200 94551 "http://somedomain.com/plugin/highlight/highlight.js" "Mozilla/5.0 (Macintosh; Intel Mac OS X 10_15_7) AppleWebKit/605.1.15 (KHTML, like Gecko) Version/14.1.1 Safari/605.1.15"
85.227.44.109 - - [16/May/2015:16:11:25 +0000] "GET /js/app.js HTTP/1.1" 200 117250 "http://somedomain.com/favicon.ico" "Mozilla/5.0 (Macintosh; Intel Mac OS X 10_15_7) AppleWebKit/605.1.15 (KHTML, like Gecko) Version/14.1.1 Safari/605.1.15"
8.49.39.221 - - [20/May/2015:15:38:25 +0000] "GET /about HTTP/1.1" 404 77127 "http://somedomain.com/about" "Mozilla/5.0 (iPhone; CPU iPhone OS 14_6 like Mac OS X) AppleWebKit/605.1.15 (KHTML, like Gecko) Version/14.1.1 Mobile/15E148 Safari/604.1"
93.155.66.81 - - [7/May/2015:15:10:17 +0000] "GET /css/styles.css HTTP/1.1" 200 232104 "http://somedomain.com/images/kibana-search.png" "Mozilla/5.0 (iPhone; CPU iPhone OS 14_6 like Mac OS X) AppleWebKit/605.1.15 (KHTML, like Gecko) Version/14.1.1 Mobile/15E148 Safari/604.1"
83.137.9.216 - - [23/May/2015:13:26:15 +0000] "GET /plugin/highlight/highlight.js HTTP/1.1" 200 386790 "http://somedomain.com/plugin/highlight/highlight.js" "Mozilla/5.0 (iPhone; CPU iPhone OS 14_6 like Mac OS X) AppleWebKit/605.1.15 (KHTML, like Gecko) Version/14.1.1 Mobile/15E148 Safari/604.1"
8.49.39.221 - - [15/May/2015:08:53:46 +0000] "GET /favicon.ico HTTP/1.1" 200 93093 "http://somedomain.com/images/kibana-search.png" "Mozilla/5.0 (iPhone; CPU iPhone OS 14_6 like Mac OS X) AppleWebKit/605.1.15 (KHTML, like Gecko) Version/14.1.1 Mobile/15E148 Safari/604.1"
84.199.32.167 - - [5/May/2015:16:11:25 +0000] "GET /plugin/zoom-js/zoom.js HTTP/1.1" 200 32099 "http://somedomain.com/js/app.js" "Mozilla/5.0 (Macintosh; Intel Mac OS X 10_15_7) AppleWebKit/605.1.15 (KHTML, like Gecko) Version/14.1.1 Safari/605.1.15"
84.199.32.167 - - [17/May/2015:14:17:17 +0000] "GET /contact HTTP/1.1" 200 199462 "http://somedomain.com/js/app.js" "Mozilla/5.0 (iPhone; CPU iPhone OS 14_6 like Mac OS X) AppleWebKit/605.1.15 (KHTML, like Gecko) Version/14.1.1 Mobile/15E148 Safari/604.1"
84.199.32.167 - - [3/May/2015:19:07:00 +0000] "GET /images/kibana-search.png HTTP/1.1" 200 254227 "http://somedomain.com/api/data" "Mozilla/5.0 (iPhone; CPU iPhone OS 14_6 like Mac OS X) AppleWebKit/605.1.15 (KHTML, like Gecko) Version/14.1.1 Mobile/15E148 Safari/604.1"
84.199.32.167 - - [11/May/2015:10:08:38 +0000] "GET /plugin/highlight/highlight.js HTTP/1.1" 200 103128 "http://somedomain.com/plugin/zoom-js/zoom.js" "Mozilla/5.0 (Macintosh; Intel Mac OS X 10_15_7) AppleWebKit/605.1.15 (KHTML, like Gecko) Version/14.1.1 Safari/605.1.15"
84.199.32.167 - - [18/May/2015:19:50:07 +0000] "GET /api/data HTTP/1.1" 200 167929 "http://somedomain.com/plugin/zoom-js/zoom.js" "Mozilla/5.0 (Macintosh; Intel Mac OS X 10_15_7) AppleWebKit/605.1.15 (KHTML, like Gecko) Version/14.1.1 Safari/605.1.15"
92.149.9.216 - - [4/May/2015:15:55:39 +0000] "GET /js/app.js HTTP/1.1" 200 385839 "http://somedomain.com/images/kibana-dashboard3.png" "Mozilla/5.0 (Macintosh; Intel Mac OS X 10_15_7) AppleWebKit/605.1.15 (KHTML, like Gecko) Version/14.1.1 Safari/605.1.15"
77.166.38.94 - - [7/May/2015:17:58:54 +0000] "GET /contact HTTP/1.1" 200 86164 "http://somedomain.com/js/app.js" "Mozilla/5.0 (Macintosh; Intel Mac OS X 10_15_7) AppleWebKit/605.1.15 (KHTML, like Gecko) Version/14.1.1 Safari/605.1.15"
65.189.22.45 - - [17/May/2015:08:43:12 +0000] "GET /api/data HTTP/1.1" 200 244727 "http://somedomain.com/images/kibana-dashboard3.png" "Mozilla/5.0 (Windows NT 10.0; Win64; x64) AppleWebKit/537.36 (KHTML, like Gecko) Chrome/91.0.4472.124 Safari/537.36"
82.149.9.216 - - [2/May/2015:16:38:28 +0000] "GET /favicon.ico HTTP/1.1" 200 355244 "http://somedomain.com/images/kibana-dashboard3.png" "Mozilla/5.0 (Macintosh; Intel Mac OS X 10_15_7) AppleWebKit/605.1.15 (KHTML, like Gecko) Version/14.1.1 Safari/605.1.15"
82.149.9.216 - - [23/May/2015:17:26:23 +0000] "GET /js/app.js HTTP/1.1" 200 315743 "http://somedomain.com/images/kibana-search.png" "Mozilla/5.0 (Macintosh; Intel Mac OS X 10_15_7) AppleWebKit/605.1.15 (KHTML, like Gecko) Version/14.1.1 Safari/605.1.15"
72.158.11.201 - - [26/May/2015:10:58:17 +0000] "GET /favicon.ico HTTP/1.1" 200 239773 "http://somedomain.com/js/app.js" "Mozilla/5.0 (Macintosh; Intel Mac OS X 10_15_7) AppleWebKit/605.1.15 (KHTML, like Gecko) Version/14.1.1 Safari/605.1.15"
79.132.49.176 - - [28/May/2015:10:28:18 +0000] "GET /images/kibana-search.png HTTP/1.1" 200 331930 "http://somedomain.com/images/kibana-search.png" "Mozilla/5.0 (iPhone; CPU iPhone OS 14_6 like Mac OS X) AppleWebKit/605.1.15 (KHTML, like Gecko) Version/14.1.1 Mobile/15E148 Safari/604.1"
69.211.88.92 - - [23/May/2015:20:07:43 +0000] "GET /images/kibana-dashboard3.png HTTP/1.1" 200 411052 "http://somedomain.com/contact" "Mozilla/5.0 (Macintosh; Intel Mac OS X 10_15_7) AppleWebKit/605.1.15 (KHTML, like Gecko) Version/14.1.1 Safari/605.1.15"
78.201.15.89 - - [7/May/2015:09:30:14 +0000] "GET /api/data HTTP/1.1" 200 85587 "http://somedomain.com/js/app.js" "Mozilla/5.0 (Windows NT 10.0; Win64; x64) AppleWebKit/537.36 (KHTML, like Gecko) Chrome/91.0.4472.124 Safari/537.36"
95.207.60.131 - - [10/May/2015:16:22:38 +0000] "GET /js/app.js HTTP/1.1" 200 189916 "http://somedomain.com/plugin/zoom-js/zoom.js" "Mozilla/5.0 (Macintosh; Intel Mac OS X 10_15_7) AppleWebKit/605.1.15 (KHTML, like Gecko) Version/14.1.1 Safari/605.1.15"
81.199.53.102 - - [6/May/2015:16:53:35 +0000] "GET /about HTTP/1.1" 200 241189 "http://somedomain.com/contact" "Mozilla/5.0 (Windows NT 10.0; Win64; x64) AppleWebKit/537.36 (KHTML, like Gecko) Chrome/91.0.4472.124 Safari/537.36"
72.158.11.201 - - [16/May/2015:20:39:06 +0000] "GET /css/styles.css HTTP/1.1" 200 245927 "http://somedomain.com/js/app.js" "Mozilla/5.0 (iPhone; CPU iPhone OS 14_6 like Mac OS X) AppleWebKit/605.1.15 (KHTML, like Gecko) Version/14.1.1 Mobile/15E148 Safari/604.1"
82.149.9.216 - - [9/May/2015:13:36:03 +0000] "GET /images/kibana-dashboard3.png HTTP/1.1" 200 276310 "http://somedomain.com/plugin/zoom-js/zoom.js" "Mozilla/5.0 (Windows NT 10.0; Win64; x64) AppleWebKit/537.36 (KHTML, like Gecko) Chrome/91.0.4472.124 Safari/537.36"
8.49.39.221 - - [3/May/2015:10:52:59 +0000] "GET /plugin/zoom-js/zoom.js HTTP/1.1" 404 409401 "http://somedomain.com/images/kibana-dashboard3.png" "Mozilla/5.0 (iPhone; CPU iPhone OS 14_6 like Mac OS X) AppleWebKit/605.1.15 (KHTML, like Gecko) Version/14.1.1 Mobile/15E148 Safari/604.1"
93.155.66.81 - - [10/May/2015:17:53:14 +0000] "GET /plugin/highlight/highlight.js HTTP/1.1" 200 197576 "http://somedomain.com/plugin/zoom-js/zoom.js" "Mozilla/5.0 (Macintosh; Intel Mac OS X 10_15_7) AppleWebKit/605.1.15 (KHTML, like Gecko) Version/14.1.1 Safari/605.1.15"
93.155.66.81 - - [31/May/2015:15:28:16 +0000] "GET /css/styles.css HTTP/1.1" 304 32583 "http://somedomain.com/about" "Mozilla/5.0 (iPhone; CPU iPhone OS 14_6 like Mac OS X) AppleWebKit/605.1.15 (KHTML, like Gecko) Version/14.1.1 Mobile/15E148 Safari/604.1"
72.158.11.201 - - [19/May/2015:19:58:51 +0000] "GET /api/data HTTP/1.1" 200 301810 "http://somedomain.com/images/kibana-search.png" "Mozilla/5.0 (Windows NT 10.0; Win64; x64) AppleWebKit/537.36 (KHTML, like Gecko) Chrome/91.0.4472.124 Safari/537.36"
93.155.66.81 - - [21/May/2015:09:15:22 +0000] "GET /plugin/zoom-js/zoom.js HTTP/1.1" 200 58409 "http://somedomain.com/images/kibana-dashboard3.png" "Mozilla/5.0 (Macintosh; Intel Mac OS X 10_15_7) AppleWebKit/605.1.15 (KHTML, like Gecko) Version/14.1.1 Safari/605.1.15"
97.154.81.158 - - [12/May/2015:09:44:22 +0000] "GET /css/styles.css HTTP/1.1" 200 191830 "http://somedomain.com/js/app.js" "Mozilla/5.0 (iPhone; CPU iPhone OS 14_6 like Mac OS X) AppleWebKit/605.1.15 (KHTML, like Gecko) Version/14.1.1 Mobile/15E148 Safari/604.1"
81.199.53.102 - - [31/May/2015:13:39:59 +0000] "GET /plugin/highlight/highlight.js HTTP/1.1" 200 305027 "http://somedomain.com/plugin/highlight/highlight.js" "Mozilla/5.0 (Macintosh; Intel Mac OS X 10_15_7) AppleWebKit/605.1.15 (KHTML, like Gecko) Version/14.1.1 Safari/605.1.15"
92.149.9.216 - - [27/May/2015:10:51:10 +0000] "GET /plugin/highlight/highlight.js HTTP/1.1" 200 499402 "http://somedomain.com/plugin/zoom-js/zoom.js" "Mozilla/5.0 (Windows NT 10.0; Win64; x64) AppleWebKit/537.36 (KHTML, like Gecko) Chrome/91.0.4472.124 Safari/537.36"
95.207.60.131 - - [27/May/2015:17:34:02 +0000] "GET /images/kibana-dashboard3.png HTTP/1.1" 304 105588 "http://somedomain.com/images/kibana-search.png" "Mozilla/5.0 (Macintosh; Intel Mac OS X 10_15_7) AppleWebKit/605.1.15 (KHTML, like Gecko) Version/14.1.1 Safari/605.1.15"
95.207.60.131 - - [27/May/2015:17:22:14 +0000] "GET /contact HTTP/1.1" 200 217332 "http://somedomain.com/images/kibana-dashboard3.png" "Mozilla/5.0 (Macintosh; Intel Mac OS X 10_15_7) AppleWebKit/605.1.15 (KHTML, like Gecko) Version/14.1.1 Safari/605.1.15"
65.189.22.45 - - [25/May/2015:12:01:01 +0000] "GET /favicon.ico HTTP/1.1" 200 458709 "http://somedomain.com/images/kibana-dashboard3.png" "Mozilla/5.0 (Windows NT 10.0; Win64; x64) AppleWebKit/537.36 (KHTML, like Gecko) Chrome/91.0.4472.124 Safari/537.36"
72.158.11.201 - - [14/May/2015:11:48:36 +0000] "GET /plugin/zoom-js/zoom.js HTTP/1.1" 200 316040 "http://somedomain.com/css/styles.css" "Mozilla/5.0 (Macintosh; Intel Mac OS X 10_15_7) AppleWebKit/605.1.15 (KHTML, like Gecko) Version/14.1.1 Safari/605.1.15"
8.49.39.221 - - [13/May/2015:07:16:42 +0000] "GET /plugin/highlight/highlight.js HTTP/1.1" 200 333224 "http://somedomain.com/plugin/zoom-js/zoom.js" "Mozilla/5.0 (Macintosh; Intel Mac OS X 10_15_7) AppleWebKit/605.1.15 (KHTML, like Gecko) Version/14.1.1 Safari/605.1.15"
72.158.11.201 - - [10/May/2015:13:32:11 +0000] "GET /images/kibana-dashboard3.png HTTP/1.1" 200 368646 "http://somedomain.com/images/kibana-dashboard3.png" "Mozilla/5.0 (iPhone; CPU iPhone OS 14_6 like Mac OS X) AppleWebKit/605.1.15 (KHTML, like Gecko) Version/14.1.1 Mobile/15E148 Safari/604.1"
8.49.39.221 - - [5/May/2015:08:29:17 +0000] "GET /favicon.ico HTTP/1.1" 200 355402 "http://somedomain.com/plugin/zoom-js/zoom.js" "Mozilla/5.0 (Macintosh; Intel Mac OS X 10_15_7) AppleWebKit/605.1.15 (KHTML, like Gecko) Version/14.1.1 Safari/605.1.15"
69.211.88.92 - - [19/May/2015:14:14:14 +0000] "GET /images/kibana-dashboard3.png HTTP/1.1" 200 220069 "http://somedomain.com/about" "Mozilla/5.0 (Macintosh; Intel Mac OS X 10_15_7) AppleWebKit/605.1.15 (KHTML, like Gecko) Version/14.1.1 Safari/605.1.15"
72.158.11.201 - - [19/May/2015:21:19:24 +0000] "GET /plugin/highlight/highlight.js HTTP/1.1" 200 381234 "http://somedomain.com/images/kibana-search.png" "Mozilla/5.0 (Windows NT 10.0; Win64; x64) AppleWebKit/537.36 (KHTML, like Gecko) Chrome/91.0.4472.124 Safari/537.36"
92.149.9.216 - - [28/May/2015:20:22:29 +0000] "GET /js/app.js HTTP/1.1" 404 259700 "http://somedomain.com/favicon.ico" "Mozilla/5.0 (Windows NT 10.0; Win64; x64) AppleWebKit/537.36 (KHTML, like Gecko) Chrome/91.0.4472.124 Safari/537.36"
92.149.9.216 - - [24/May/2015:08:12:57 +0000] "GET /css/styles.css HTTP/1.1" 200 479056 "http://somedomain.com/plugin/highlight/highlight.js" "Mozilla/5.0 (Macintosh; Intel Mac OS X 10_15_7) AppleWebKit/605.1.15 (KHTML, like Gecko) Version/14.1.1 Safari/605.1.15"
72.158.11.201 - - [23/May/2015:17:35:45 +0000] "GET /api/data HTTP/1.1" 200 495486 "http://somedomain.com/plugin/zoom-js/zoom.js" "Mozilla/5.0 (Windows NT 10.0; Win64; x64) AppleWebKit/537.36 (KHTML, like Gecko) Chrome/91.0.4472.124 Safari/537.36"
8.49.39.221 - - [17/May/2015:13:06:15 +0000] "GET /plugin/zoom-js/zoom.js HTTP/1.1" 200 88893 "http://somedomain.com/contact" "Mozilla/5.0 (iPhone; CPU iPhone OS 14_6 like Mac OS X) AppleWebKit/605.1.15 (KHTML, like Gecko) Version/14.1.1 Mobile/15E148 Safari/604.1"
72.158.11.201 - - [16/May/2015:18:17:51 +0000] "GET /css/styles.css HTTP/1.1" 200 50673 "http://somedomain.com/images/kibana-search.png" "Mozilla/5.0 (Macintosh; Intel Mac OS X 10_15_7) AppleWebKit/605.1.15 (KHTML, like Gecko) Version/14.1.1 Safari/605.1.15"
69.211.88.92 - - [24/May/2015:15:20:42 +0000] "GET /api/data HTTP/1.1" 200 97295 "http://somedomain.com/api/data" "Mozilla/5.0 (iPhone; CPU iPhone OS 14_6 like Mac OS X) AppleWebKit/605.1.15 (KHTML, like Gecko) Version/14.1.1 Mobile/15E148 Safari/604.1"
78.201.15.89 - - [21/May/2015:23:55:04 +0000] "GET /api/data HTTP/1.1" 200 162144 "http://somedomain.com/js/app.js" "Mozilla/5.0 (Macintosh; Intel Mac OS X 10_15_7) AppleWebKit/605.1.15 (KHTML, like Gecko) Version/14.1.1 Safari/605.1.15"
91.205.77.123 - - [13/May/2015:16:41:55 +0000] "GET /css/styles.css HTTP/1.1" 200 344188 "http://somedomain.com/images/kibana-search.png" "Mozilla/5.0 (Windows NT 10.0; Win64; x64) AppleWebKit/537.36 (KHTML, like Gecko) Chrome/91.0.4472.124 Safari/537.36"
72.158.11.201 - - [17/May/2015:14:20:21 +0000] "GET /js/app.js HTTP/1.1" 200 108634 "http://somedomain.com/js/app.js" "Mozilla/5.0 (iPhone; CPU iPhone OS 14_6 like Mac OS X) AppleWebKit/605.1.15 (KHTML, like Gecko) Version/14.1.1 Mobile/15E148 Safari/604.1"
69.211.88.92 - - [31/May/2015:11:22:43 +0000] "GET /js/app.js HTTP/1.1" 200 491028 "http://somedomain.com/favicon.ico" "Mozilla/5.0 (Windows NT 10.0; Win64; x64) AppleWebKit/537.36 (KHTML, like Gecko) Chrome/91.0.4472.124 Safari/537.36"
83.137.9.216 - - [5/May/2015:06:06:40 +0000] "GET /images/kibana-search.png HTTP/1.1" 200 360706 "http://somedomain.com/contact" "Mozilla/5.0 (iPhone; CPU iPhone OS 14_6 like Mac OS X) AppleWebKit/605.1.15 (KHTML, like Gecko) Version/14.1.1 Mobile/15E148 Safari/604.1"
79.132.49.176 - - [9/May/2015:07:07:32 +0000] "GET /api/data HTTP/1.1" 200 310293 "http://somedomain.com/favicon.ico" "Mozilla/5.0 (Macintosh; Intel Mac OS X 10_15_7) AppleWebKit/605.1.15 (KHTML, like Gecko) Version/14.1.1 Safari/605.1.15"
8.49.39.221 - - [30/May/2015:19:48:49 +0000] "GET /plugin/highlight/highlight.js HTTP/1.1" 200 412479 "http://somedomain.com/about" "Mozilla/5.0 (Windows NT 10.0; Win64; x64) AppleWebKit/537.36 (KHTML, like Gecko) Chrome/91.0.4472.124 Safari/537.36"
81.199.53.102 - - [2/May/2015:15:06:41 +0000] "GET /images/kibana-search.png HTTP/1.1" 200 242492 "http://somedomain.com/plugin/zoom-js/zoom.js" "Mozilla/5.0 (iPhone; CPU iPhone OS 14_6 like Mac OS X) AppleWebKit/605.1.15 (KHTML, like Gecko) Version/14.1.1 Mobile/15E148 Safari/604.1"
8.49.39.221 - - [18/May/2015:13:45:46 +0000] "GET /css/styles.css HTTP/1.1" 200 237882 "http://somedomain.com/plugin/zoom-js/zoom.js" "Mozilla/5.0 (Windows NT 10.0; Win64; x64) AppleWebKit/537.36 (KHTML, like Gecko) Chrome/91.0.4472.124 Safari/537.36"
65.189.22.45 - - [18/May/2015:16:33:14 +0000] "GET /css/styles.css HTTP/1.1" 200 226006 "http://somedomain.com/js/app.js" "Mozilla/5.0 (Windows NT 10.0; Win64; x64) AppleWebKit/537.36 (KHTML, like Gecko) Chrome/91.0.4472.124 Safari/537.36"
76.144.19.200 - - [31/May/2015:15:03:19 +0000] "GET /images/kibana-dashboard3.png HTTP/1.1" 200 143617 "http://somedomain.com/plugin/highlight/highlight.js" "Mozilla/5.0 (Macintosh; Intel Mac OS X 10_15_7) AppleWebKit/605.1.15 (KHTML, like Gecko) Version/14.1.1 Safari/605.1.15"
84.199.32.167 - - [29/May/2015:12:31:36 +0000] "GET /js/app.js HTTP/1.1" 200 75966 "http://somedomain.com/plugin/zoom-js/zoom.js" "Mozilla/5.0 (iPhone; CPU iPhone OS 14_6 like Mac OS X) AppleWebKit/605.1.15 (KHTML, like Gecko) Version/14.1.1 Mobile/15E148 Safari/604.1"
83.137.9.216 - - [21/May/2015:12:31:26 +0000] "GET /plugin/highlight/highlight.js HTTP/1.1" 200 198144 "http://somedomain.com/images/kibana-search.png" "Mozilla/5.0 (Windows NT 10.0; Win64; x64) AppleWebKit/537.36 (KHTML, like Gecko) Chrome/91.0.4472.124 Safari/537.36"
78.201.15.89 - - [17/May/2015:16:31:29 +0000] "GET /plugin/zoom-js/zoom.js HTTP/1.1" 200 245161 "http://somedomain.com/images/kibana-dashboard3.png" "Mozilla/5.0 (Windows NT 10.0; Win64; x64) AppleWebKit/537.36 (KHTML, like Gecko) Chrome/91.0.4472.124 Safari/537.36"
85.227.44.109 - - [20/May/2015:22:21:48 +0000] "GET /api/data HTTP/1.1" 200 184352 "http://somedomain.com/contact" "Mozilla/5.0 (Windows NT 10.0; Win64; x64) AppleWebKit/537.36 (KHTML, like Gecko) Chrome/91.0.4472.124 Safari/537.36"
82.149.9.216 - - [6/May/2015:13:37:44 +0000] "GET /favicon.ico HTTP/1.1" 304 178693 "http://somedomain.com/api/data" "Mozilla/5.0 (iPhone; CPU iPhone OS 14_6 like Mac OS X) AppleWebKit/605.1.15 (KHTML, like Gecko) Version/14.1.1 Mobile/15E148 Safari/604.1"
72.158.11.201 - - [21/May/2015:11:28:35 +0000] "GET /plugin/highlight/highlight.js HTTP/1.1" 200 13173 "http://somedomain.com/images/kibana-dashboard3.png" "Mozilla/5.0 (Windows NT 10.0; Win64; x64) AppleWebKit/537.36 (KHTML, like Gecko) Chrome/91.0.4472.124 Safari/537.36"
65.189.22.45 - - [25/May/2015:12:38:24 +0000] "GET /favicon.ico HTTP/1.1" 200 359938 "http://somedomain.com/api/data" "Mozilla/5.0 (iPhone; CPU iPhone OS 14_6 like Mac OS X) AppleWebKit/605.1.15 (KHTML, like Gecko) Version/14.1.1 Mobile/15E148 Safari/604.1"
92.149.9.216 - - [15/May/2015:09:00:13 +0000] "GET /about HTTP/1.1" 200 453167 "http://somedomain.com/plugin/zoom-js/zoom.js" "Mozilla/5.0 (Macintosh; Intel Mac OS X 10_15_7) AppleWebKit/605.1.15 (KHTML, like Gecko) Version/14.1.1 Safari/605.1.15"
92.149.9.216 - - [23/May/2015:02:58:54 +0000] "GET /contact HTTP/1.1" 200 230982 "http://somedomain.com/favicon.ico" "Mozilla/5.0 (iPhone; CPU iPhone OS 14_6 like Mac OS X) AppleWebKit/605.1.15 (KHTML, like Gecko) Version/14.1.1 Mobile/15E148 Safari/604.1"
91.205.77.123 - - [2/May/2015:09:40:40 +0000] "GET /favicon.ico HTTP/1.1" 200 308260 "http://somedomain.com/contact" "Mozilla/5.0 (iPhone; CPU iPhone OS 14_6 like Mac OS X) AppleWebKit/605.1.15 (KHTML, like Gecko) Version/14.1.1 Mobile/15E148 Safari/604.1"
85.227.44.109 - - [16/May/2015:14:12:06 +0000] "GET /images/kibana-search.png HTTP/1.1" 200 366570 "http://somedomain.com/contact" "Mozilla/5.0 (Macintosh; Intel Mac OS X 10_15_7) AppleWebKit/605.1.15 (KHTML, like Gecko) Version/14.1.1 Safari/605.1.15"
72.158.11.201 - - [13/May/2015:10:51:39 +0000] "GET /css/styles.css HTTP/1.1" 200 297273 "http://somedomain.com/images/kibana-search.png" "Mozilla/5.0 (Windows NT 10.0; Win64; x64) AppleWebKit/537.36 (KHTML, like Gecko) Chrome/91.0.4472.124 Safari/537.36"
94.188.25.117 - - [6/May/2015:17:55:45 +0000] "GET /images/kibana-dashboard3.png HTTP/1.1" 200 144997 "http://somedomain.com/js/app.js" "Mozilla/5.0 (Windows NT 10.0; Win64; x64) AppleWebKit/537.36 (KHTML, like Gecko) Chrome/91.0.4472.124 Safari/537.36"
72.158.11.201 - - [18/May/2015:14:41:12 +0000] "GET /api/data HTTP/1.1" 200 128170 "http://somedomain.com/images/kibana-dashboard3.png" "Mozilla/5.0 (Macintosh; Intel Mac OS X 10_15_7) AppleWebKit/605.1.15 (KHTML, like Gecko) Version/14.1.1 Safari/605.1.15"
92.149.9.216 - - [7/May/2015:14:11:56 +0000] "GET /contact HTTP/1.1" 200 252534 "http://somedomain.com/plugin/zoom-js/zoom.js" "Mozilla/5.0 (iPhone; CPU iPhone OS 14_6 like Mac OS X) AppleWebKit/605.1.15 (KHTML, like Gecko) Version/14.1.1 Mobile/15E148 Safari/604.1"
