65.189.22.45 - - [7/May/2015:14:44:38 +0000] "GET /plugin/highlight/highlight.js HTTP/1.1" 200 8802 "http://somedomain.com/about" "Mozilla/5.0 (Windows NT 10.0; Win64; x64) AppleWebKit/537.36 (KHTML, like Gecko) Chrome/91.0.4472.124 Safari/537.36"
92.149.9.216 - - [21/May/2015:12:26:48 +0000] "GET /js/app.js HTTP/1.1" 200 305984 "http://somedomain.com/about" "Mozilla/5.0 (Macintosh; Intel Mac OS X 10_15_7) AppleWebKit/605.1.15 (KHTML, like Gecko) Version/14.1.1 Safari/605.1.15"
92.149.9.216 - - [19/May/2015:04:41:26 +0000] "GET /images/kibana-search.png HTTP/1.1" 200 63048 "http://somedomain.com/images/kibana-search.png" "Mozilla/5.0 (iPhone; CPU iPhone OS 14_6 like Mac OS X) AppleWebKit/605.1.15 (KHTML, like Gecko) Version/14.1.1 Mobile/15E148 Safari/604.1"
69.211.88.92 - - [15/May/2015:11:21:27 +0000] "GET /contact HTTP/1.1" 200 221286 "http://somedomain.com/plugin/highlight/highlight.js" "Mozilla/5.0 (Macintosh; Intel Mac OS X 10_15_7) AppleWebKit/605.1.15 (KHTML, like Gecko) Version/14.1.1 Safari/605.1.15"
65.189.22.45 - - [21/May/2015:12:23:05 +0000] "GET /images/kibana-dashboard3.png HTTP/1.1" 200 322922 "http://somedomain.com/plugin/highlight/highlight.js" "Mozilla/5.0 (iPhone; CPU iPhone OS 14_6 like Mac OS X) AppleWebKit/605.1.15 (KHTML, like Gecko) Version/14.1.1 Mobile/15E148 Safari/604.1"
97.154.81.158 - - [13/May/2015:05:07:34 +0000] "GET /css/styles.css HTTP/1.1" 200 454186 "http://somedomain.com/plugin/highlight/highlight.js" "Mozilla/5.0 (Windows NT 10.0; Win64; x64) AppleWebKit/537.36 (KHTML, like Gecko) Chrome/91.0.4472.124 Safari/537.36"
93.155.66.81 - - [9/May/2015:11:38:05 +0000] "GET /images/kibana-dashboard3.png HTTP/1.1" 200 78790 "http://somedomain.com/plugin/zoom-js/zoom.js" "Mozilla/5.0 (Windows NT 10.0; Win64; x64) AppleWebKit/537.36 (KHTML, like Gecko) Chrome/91.0.4472.124 Safari/537.36"
84.199.32.167 - - [6/May/2015:13:08:00 +0000] "GET /about HTTP/1.1" 200 51775 "http://somedomain.com/js/app.js" "Mozilla/5.0 (Windows NT 10.0; Win64; x64) AppleWebKit/537.36 (KHTML, like Gecko) Chrome/91.0.4472.124 Safari/537.36"
8.49.39.221 - - [8/May/2015:11:16:10 +0000] "GET /plugin/highlight/highlight.js HTTP/1.1" 200 402562 "http://somedomain.com/plugin/zoom-js/zoom.js" "Mozilla/5.0 (Windows NT 10.0; Win64; x64) AppleWebKit/537.36 (KHTML, like Gecko) Chrome/91.0.4472.124 Safari/537.36"
8.49.39.221 - - [16/May/2015:15:25:29 +0000] "GET /plugin/highlight/highlight.js HTTP/1.1" 404 29104 "http://somedomain.com/images/kibana-dashboard3.png" "Mozilla/5.0 (Windows NT 10.0; Win64; x64) AppleWebKit/537.36 (KHTML, like Gecko) Chrome/91.0.4472.124 Safari/537.36"
8.49.39.221 - - [29/May/2015:07:39:11 +0000] "GET /images/kibana-search.png HTTP/1.1" 200 459343 "http://somedomain.com/about" "Mozilla/5.0 (Windows NT 10.0; Win64; x64) AppleWebKit/537.36 (KHTML, like Gecko) Chrome/91.0.4472.124 Safari/537.36"
84.199.32.167 - - [22/May/2015:14:00:16 +0000] "GET /plugin/zoom-js/zoom.js HTTP/1.1" 404 377244 "http://somedomain.com/images/kibana-search.png" "Mozilla/5.0 (Macintosh; Intel Mac OS X 10_15_7) AppleWebKit/605.1.15 (KHTML, like Gecko) Version/14.1.1 Safari/605.1.15"
83.137.9.216 - - [17/May/2015:11:29:04 +0000] "GET /images/kibana-dashboard3.png HTTP/1.1" 200 354463 "http://somedomain.com/favicon.ico" "Mozilla/5.0 (iPhone; CPU iPhone OS 14_6 like Mac OS X) AppleWebKit/605.1.15 (KHTML, like Gecko) Version/14.1.1 Mobile/15E148 Safari/604.1"
8.49.39.221 - - [19/May/2015:11:10:41 +0000] "GET /js/app.js HTTP/1.1" 200 270020 "http://somedomain.com/plugin/highlight/highlight.js" "Mozilla/5.0 (iPhone; CPU iPhone OS 14_6 like Mac OS X) AppleWebKit/605.1.15 (KHTML, like Gecko) Version/14.1.1 Mobile/15E148 Safari/604.1"
76.144.19.200 - - [19/May/2015:14:35:48 +0000] "GET /favicon.ico HTTP/1.1" 200 324002 "http://somedomain.com/about" "Mozilla/5.0 (iPhone; CPU iPhone OS 14_6 like Mac OS X) AppleWebKit/605.1.15 (KHTML, like Gecko) Version/14.1.1 Mobile/15E148 Safari/604.1"
82.149.9.216 - - [6/May/2015:14:39:58 +0000] "GET /favicon.ico HTTP/1.1" 200 482112 "http://somedomain.com/js/app.js" "Mozilla/5.0 (Macintosh; Intel Mac OS X 10_15_7) AppleWebKit/605.1.15 (KHTML, like Gecko) Version/14.1.1 Safari/605.1.15"
91.205.77.123 - - [16/May/2015:15:35:41 +0000] "GET /api/data HTTP/1.1" 404 255876 "http://somedomain.com/images/kibana-dashboard3.png" "Mozilla/5.0 (Macintosh; Intel Mac OS X 10_15_7) AppleWebKit/605.1.15 (KHTML, like Gecko) Version/14.1.1 Safari/605.1.15"
65.189.22.45 - - [19/May/2015:08:01:53 +0000] "GET /images/kibana-search.png HTTP/1.1" 200 499376 "http://somedomain.com/api/data" "Mozilla/5.0 (Macintosh; Intel Mac OS X 10_15_7) AppleWebKit/605.1.15 (KHTML, like Gecko) Version/14.1.1 Safari/605.1.15"
69.211.88.92 - - [7/May/2015:12:59:33 +0000] "GET /about HTTP/1.1" 200 28534 "http://somedomain.com/plugin/highlight/highlight.js" "Mozilla/5.0 (Windows NT 10.0; Win64; x64) AppleWebKit/537.36 (KHTML, like Gecko) Chrome/91.0.4472.124 Safari/537.36"
65.189.22.45 - - [30/May/2015:11:16:04 +0000] "GET /images/kibana-search.png HTTP/1.1" 200 56221 "http://somedomain.com/images/kibana-dashboard3.png" "Mozilla/5.0 (Macintosh; Intel Mac OS X 10_15_7) AppleWebKit/605.1.15 (KHTML, like Gecko) Version/14.1.1 Safari/605.1.15"
91.205.77.123 - - [5/May/2015:15:21:05 +0000] "GET /favicon.ico HTTP/1.1" 200 222925 "http://somedomain.com/images/kibana-search.png" "Mozilla/5.0 (Windows NT 10.0; Win64; x64) AppleWebKit/537.36 (KHTML, like Gecko) Chrome/91.0.4472.124 Safari/537.36"
8.49.39.221 - - [26/May/2015:14:32:47 +0000] "GET /about HTTP/1.1" 200 209567 "http://somedomain.com/favicon.ico" "Mozilla/5.0 (iPhone; CPU iPhone OS 14_6 like Mac OS X) AppleWebKit/605.1.15 (KHTML, like Gecko) Version/14.1.1 Mobile/15E148 Safari/604.1"
85.227.44.109 - - [18/May/2015:14:03:11 +0000] "GET /css/styles.css HTTP/1.1" 200 152893 "http://somedomain.com/about" "Mozilla/5.0 (iPhone; CPU iPhone OS 14_6 like Mac OS X) AppleWebKit/605.1.15 (KHTML, like Gecko) Version/14.1.1 Mobile/15E148 Safari/604.1"
92.149.9.216 - - [23/May/2015:14:59:58 +0000] "GET /contact HTTP/1.1" 200 133397 "http://somedomain.com/about" "Mozilla/5.0 (Windows NT 10.0; Win64; x64) AppleWebKit/537.36 (KHTML, like Gecko) Chrome/91.0.4472.124 Safari/537.36"
79.132.49.176 - - [17/May/2015:04:50:28 +0000] "GET /api/data HTTP/1.1" 200 128896 "http://somedomain.com/about" "Mozilla/5.0 (Windows NT 10.0; Win64; x64) AppleWebKit/537.36 (KHTML, like Gecko) Chrome/91.0.4472.124 Safari/537.36"
92.149.9.216 - - [21/May/2015:17:39:40 +0000] "GET /plugin/highlight/highlight.js HTTP/1.1" 200 316866 "http://somedomain.com/favicon.ico" "Mozilla/5.0 (Macintosh; Intel Mac OS X 10_15_7) AppleWebKit/605.1.15 (KHTML, like Gecko) Version/14.1.1 Safari/605.1.15"
82.149.9.216 - - [5/May/2015:09:32:01 +0000] "GET /about HTTP/1.1" 200 106074 "http://somedomain.com/images/kibana-dashboard3.png" "Mozilla/5.0 (Macintosh; Intel Mac OS X 10_15_7) AppleWebKit/605.1.15 (KHTML, like Gecko) Version/14.1.1 Safari/605.1.15"
91.205.77.123 - - [19/May/2015:17:44:21 +0000] "GET /images/kibana-dashboard3.png HTTP/1.1" 200 62955 "http://somedomain.com/images/kibana-search.png" "Mozilla/5.0 (iPhone; CPU iPhone OS 14_6 like Mac OS X) AppleWebKit/605.1.15 (KHTML, like Gecko) Version/14.1.1 Mobile/15E148 Safari/604.1"
65.189.22.45 - - [12/May/2015:17:52:02 +0000] "GET /favicon.ico HTTP/1.1" 200 424115 "http://somedomain.com/favicon.ico" "Mozilla/5.0 (Macintosh; Intel Mac OS X 10_15_7) AppleWebKit/605.1.15 (KHTML, like Gecko) Version/14.1.1 Safari/605.1.15"
93.155.66.81 - - [5/May/2015:18:17:46 +0000] "GET /plugin/zoom-js/zoom.js HTTP/1.1" 200 383641 "http://somedomain.com/images/kibana-dashboard3.png" "Mozilla/5.0 (Windows NT 10.0; Win64; x64) AppleWebKit/537.36 (KHTML, like Gecko) Chrome/91.0.4472.124 Safari/537.36"
65.189.22.45 - - [21/May/2015:14:15:12 +0000] "GET /images/kibana-dashboard3.png HTTP/1.1" 200 196871 "http://somedomain.com/images/kibana-dashboard3.png" "Mozilla/5.0 (Macintosh; Intel Mac OS X 10_15_7) AppleWebKit/605.1.15 (KHTML, like Gecko) Version/14.1.1 Safari/605.1.15"
92.149.9.216 - - [2/May/2015:12:53:23 +0000] "GET /favicon.ico HTTP/1.1" 200 464770 "http://somedomain.com/images/kibana-dashboard3.png" "Mozilla/5.0 (Windows NT 10.0; Win64; x64) AppleWebKit/537.36 (KHTML, like Gecko) Chrome/91.0.4472.124 Safari/537.36"
82.149.9.216 - - [1/May/2015:13:26:20 +0000] "GET /js/app.js HTTP/1.1" 304 417352 "http://somedomain.com/css/styles.css" "Mozilla/5.0 (Windows NT 10.0; Win64; x64) AppleWebKit/537.36 (KHTML, like Gecko) Chrome/91.0.4472.124 Safari/537.36"
84.199.32.167 - - [28/May/2015:15:02:42 +0000] "GET /images/kibana-search.png HTTP/1.1" 200 445710 "http://somedomain.com/plugin/highlight/highlight.js" "Mozilla/5.0 (Macintosh; Intel Mac OS X 10_15_7) AppleWebKit/605.1.15 (KHTML, like Gecko) Version/14.1.1 Safari/605.1.15"
92.149.9.216 - - [16/May/2015:13:17:24 +0000] "GET /api/data HTTP/1.1" 200 156129 "http://somedomain.com/js/app.js" "Mozilla/5.0 (Macintosh; Intel Mac OS X 10_15_7) AppleWebKit/605.1.15 (KHTML, like Gecko) Version/14.1.1 Safari/605.1.15"
81.199.53.102 - - [2/May/2015:16:22:53 +0000] "GET /contact HTTP/1.1" 200 351490 "http://somedomain.com/favicon.ico" "Mozilla/5.0 (Macintosh; Intel Mac OS X 10_15_7) AppleWebKit/605.1.15 (KHTML, like Gecko) Version/14.1.1 Safari/605.1.15"
78.201.15.89 - - [3/May/2015:15:51:54 +0000] "GET /contact HTTP/1.1" 200 377741 "http://somedomain.com/contact" "Mozilla/5.0 (Windows NT 10.0; Win64; x64) AppleWebKit/537.36 (KHTML, like Gecko) Chrome/91.0.4472.124 Safari/537.36"
82.149.9.216 - - [18/May/2015:10:43:32 +0000] "GET /images/kibana-dashboard3.png HTTP/1.1" 200 216623 "http://somedomain.com/contact" "Mozilla/5.0 (Windows NT 10.0; Win64; x64) AppleWebKit/537.36 (KHTML, like Gecko) Chrome/91.0.4472.124 Safari/537.36"
8.49.39.221 - - [7/May/2015:10:45:16 +0000] "GET /images/kibana-dashboard3.png HTTP/1.1" 200 487474 "http://somedomain.com/api/data" "Mozilla/5.0 (iPhone; CPU iPhone OS 14_6 like Mac OS X) AppleWebKit/605.1.15 (KHTML, like Gecko) Version/14.1.1 Mobile/15E148 Safari/604.1"
93.155.66.81 - - [26/May/2015:10:45:21 +0000] "GET /images/kibana-dashboard3.png HTTP/1.1" 200 359641 "http://somedomain.com/images/kibana-dashboard3.png" "Mozilla/5.0 (Macintosh; Intel Mac OS X 10_15_7) AppleWebKit/605.1.15 (KHTML, like Gecko) Version/14.1.1 Safari/605.1.15"
82.149.9.216 - - [12/May/2015:21:34:27 +0000] "GET /favicon.ico HTTP/1.1" 200 346880 "http://somedomain.com/favicon.ico" "Mozilla/5.0 (iPhone; CPU iPhone OS 14_6 like Mac OS X) AppleWebKit/605.1.15 (KHTML, like Gecko) Version/14.1.1 Mobile/15E148 Safari/604.1"
96.213.70.145 - - [1/May/2015:19:32:15 +0000] "GET /api/data HTTP/1.1" 200 333291 "http://somedomain.com/plugin/highlight/highlight.js" "Mozilla/5.0 (Windows NT 10.0; Win64; x64) AppleWebKit/537.36 (KHTML, like Gecko) Chrome/91.0.4472.124 Safari/537.36"
65.189.22.45 - - [16/May/2015:15:45:37 +0000] "GET /css/styles.css HTTP/1.1" 200 355655 "http://somedomain.com/api/data" "Mozilla/5.0 (iPhone; CPU iPhone OS 14_6 like Mac OS X) AppleWebKit/605.1.15 (KHTML, like Gecko) Version/14.1.1 Mobile/15E148 Safari/604.1"
81.199.53.102 - - [10/May/2015:19:50:37 +0000] "GET /images/kibana-search.png HTTP/1.1" 200 6461 "http://somedomain.com/css/styles.css" "Mozilla/5.0 (Windows NT 10.0; Win64; x64) AppleWebKit/537.36 (KHTML, like Gecko) Chrome/91.0.4472.124 Safari/537.36"
96.213.70.145 - - [19/May/2015:17:57:06 +0000] "GET /about HTTP/1.1" 200 346641 "http://somedomain.com/images/kibana-search.png" "Mozilla/5.0 (Macintosh; Intel Mac OS X 10_15_7) AppleWebKit/605.1.15 (KHTML, like Gecko) Version/14.1.1 Safari/605.1.15"
94.188.25.117 - - [3/May/2015:15:15:43 +0000] "GET /plugin/highlight/highlight.js HTTP/1.1" 200 365708 "http://somedomain.com/css/styles.css" "Mozilla/5.0 (Macintosh; Intel Mac OS X 10_15_7) AppleWebKit/605.1.15 (KHTML, like Gecko) Version/14.1.1 Safari/605.1.15"
65.189.22.45 - - [17/May/2015:13:35:32 +0000] "GET /css/styles.css HTTP/1.1" 200 101451 "http://somedomain.com/js/app.js" "Mozilla/5.0 (iPhone; CPU iPhone OS 14_6 like Mac OS X) AppleWebKit/605.1.15 (KHTML, like Gecko) Version/14.1.1 Mobile/15E148 Safari/604.1"
91.205.77.123 - - [1/May/2015:18:51:51 +0000] "GET /plugin/highlight/highlight.js HTTP/1.1" 200 203807 "http://somedomain.com/favicon.ico" "Mozilla/5.0 (iPhone; CPU iPhone OS 14_6 like Mac OS X) AppleWebKit/605.1.15 (KHTML, like Gecko) Version/14.1.1 Mobile/15E148 Safari/604.1"
69.211.88.92 - - [31/May/2015:17:59:51 +0000] "GET /css/styles.css HTTP/1.1" 200 444942 "http://somedomain.com/js/app.js" "Mozilla/5.0 (iPhone; CPU iPhone OS 14_6 like Mac OS X) AppleWebKit/605.1.15 (KHTML, like Gecko) Version/14.1.1 Mobile/15E148 Safari/604.1"
84.199.32.167 - - [29/May/2015:19:58:45 +0000] "GET /plugin/highlight/highlight.js HTTP/1.1" 200 2733 "http://somedomain.com/images/kibana-dashboard3.png" "Mozilla/5.0 (iPhone; CPU iPhone OS 14_6 like Mac OS X) AppleWebKit/605.1.15 (KHTML, like Gecko) Version/14.1.1 Mobile/15E148 Safari/604.1"
78.201.15.89 - - [9/May/2015:18:09:22 +0000] "GET /js/app.js HTTP/1.1" 200 30814 "http://somedomain.com/api/data" "Mozilla/5.0 (Windows NT 10.0; Win64; x64) AppleWebKit/537.36 (KHTML, like Gecko) Chrome/91.0.4472.124 Safari/537.36"
65.189.22.45 - - [13/May/2015:04:21:14 +0000] "GET /images/kibana-dashboard3.png HTTP/1.1" 200 292815 "http://somedomain.com/about" "Mozilla/5.0 (Windows NT 10.0; Win64; x64) AppleWebKit/537.36 (KHTML, like Gecko) Chrome/91.0.4472.124 Safari/537.36"
92.149.9.216 - - [10/May/2015:14:27:02 +0000] "GET /about HTTP/1.1" 200 493410 "http://somedomain.com/contact" "Mozilla/5.0 (iPhone; CPU iPhone OS 14_6 like Mac OS X) AppleWebKit/605.1.15 (KHTML, like Gecko) Version/14.1.1 Mobile/15E148 Safari/604.1"
78.201.15.89 - - [28/May/2015:11:33:10 +0000] "GET /plugin/zoom-js/zoom.js HTTP/1.1" 200 181522 "http://somedomain.com/css/styles.css" "Mozilla/5.0 (iPhone; CPU iPhone OS 14_6 like Mac OS X) AppleWebKit/605.1.15 (KHTML, like Gecko) Version/14.1.1 Mobile/15E148 Safari/604.1"
78.201.15.89 - - [21/May/2015:09:01:49 +0000] "GET /api/data HTTP/1.1" 404 402648 "http://somedomain.com/plugin/highlight/highlight.js" "Mozilla/5.0 (Windows NT 10.0; Win64; x64) AppleWebKit/537.36 (KHTML, like Gecko) Chrome/91.0.4472.124 Safari/537.36"
69.211.88.92 - - [21/May/2015:06:56:31 +0000] "GET /plugin/zoom-js/zoom.js HTTP/1.1" 200 314891 "http://somedomain.com/images/kibana-search.png" "Mozilla/5.0 (Windows NT 10.0; Win64; x64) AppleWebKit/537.36 (KHTML, like Gecko) Chrome/91.0.4472.124 Safari/537.36"
8.49.39.221 - - [12/May/2015:10:45:13 +0000] "GET /favicon.ico HTTP/1.1" 304 89675 "http://somedomain.com/js/app.js" "Mozilla/5.0 (iPhone; CPU iPhone OS 14_6 like Mac OS X) AppleWebKit/605.1.15 (KHTML, like Gecko) Version/14.1.1 Mobile/15E148 Safari/604.1"
8.49.39.221 - - [6/May/2015:08:14:22 +0000] "GET /js/app.js HTTP/1.1" 200 472887 "http://somedomain.com/images/kibana-search.png" "Mozilla/5.0 (Macintosh; Intel Mac OS X 10_15_7) AppleWebKit/605.1.15 (KHTML, like Gecko) Version/14.1.1 Safari/605.1.15"
85.227.44.109 - - [6/May/2015:09:46:16 +0000] "GET /images/kibana-dashboard3.png HTTP/1.1" 200 274668 "http://somedomain.com/images/kibana-search.png" "Mozilla/5.0 (Macintosh; Intel Mac OS X 10_15_7) AppleWebKit/605.1.15 (KHTML, like Gecko) Version/14.1.1 Safari/605.1.15"
65.189.22.45 - - [8/May/2015:14:55:36 +0000] "GET /contact HTTP/1.1" 200 37979 "http://somedomain.com/images/kibana-search.png" "Mozilla/5.0 (Macintosh; Intel Mac OS X 10_15_7) AppleWebKit/605.1.15 (KHTML, like Gecko) Version/14.1.1 Safari/605.1.15"
76.144.19.200 - - [29/May/2015:07:59:02 +0000] "GET /css/styles.css HTTP/1.1" 200 169957 "http://somedomain.com/plugin/zoom-js/zoom.js" "Mozilla/5.0 (iPhone; CPU iPhone OS 14_6 like Mac OS X) AppleWebKit/605.1.15 (KHTML, like Gecko) Version/14.1.1 Mobile/15E148 Safari/604.1"
92.149.9.216 - - [22/May/2015:15:40:26 +0000] "GET /images/kibana-dashboard3.png HTTP/1.1" 404 199915 "http://somedomain.com/js/app.js" "Mozilla/5.0 (Macintosh; Intel Mac OS X 10_15_7) AppleWebKit/605.1.15 (KHTML, like Gecko) Version/14.1.1 Safari/605.1.15"
82.149.9.216 - - [19/May/2015:12:23:22 +0000] "GET /plugin/zoom-js/zoom.js HTTP/1.1" 200 398127 "http://somedomain.com/images/kibana-dashboard3.png" "Mozilla/5.0 (iPhone; CPU iPhone OS 14_6 like Mac OS X) AppleWebKit/605.1.15 (KHTML, like Gecko) Version/14.1.1 Mobile/15E148 Safari/604.1"
65.189.22.45 - - [13/May/2015:14:03:51 +0000] "GET /contact HTTP/1.1" 200 370702 "http://somedomain.com/plugin/highlight/highlight.js" "Mozilla/5.0 (Macintosh; Intel Mac OS X 10_15_7) AppleWebKit/605.1.15 (KHTML, like Gecko) Version/14.1.1 Safari/605.1.15"
8.49.39.221 - - [26/May/2015:14:50:27 +0000] "GET /plugin/highlight/highlight.js HTTP/1.1" 200 367607 "http://somedomain.com/api/data" "Mozilla/5.0 (Macintosh; Intel Mac OS X 10_15_7) AppleWebKit/605.1.15 (KHTML, like Gecko) Version/14.1.1 Safari/605.1.15"
76.144.19.200 - - [9/May/2015:09:12:56 +0000] "GET /about HTTP/1.1" 200 142037 "http://somedomain.com/js/app.js" "Mozilla/5.0 (Macintosh; Intel Mac OS X 10_15_7) AppleWebKit/605.1.15 (KHTML, like Gecko) Version/14.1.1 Safari/605.1.15"
72.158.11.201 - - [21/May/2015:15:56:59 +0000] "GET /images/kibana-search.png HTTP/1.1" 200 431725 "http://somedomain.com/css/styles.css" "Mozilla/5.0 (Windows NT 10.0; Win64; x64) AppleWebKit/537.36 (KHTML, like Gecko) Chrome/91.0.4472.124 Safari/537.36"
95.207.60.131 - - [6/May/2015:11:40:59 +0000] "GET /css/styles.css HTTP/1.1" 200 290866 "http://somedomain.com/about" "Mozilla/5.0 (Macintosh; Intel Mac OS X 10_15_7) AppleWebKit/605.1.15 (KHTML, like Gecko) Version/14.1.1 Safari/605.1.15"
69.211.88.92 - - [24/May/2015:17:13:57 +0000] "GET /images/kibana-dashboard3.png HTTP/1.1" 200 129215 "http://somedomain.com/images/kibana-search.png" "Mozilla/5.0 (Macintosh; Intel Mac OS X 10_15_7) AppleWebKit/605.1.15 (KHTML, like Gecko) Version/14.1.1 Safari/605.1.15"
95.207.60.131 - - [15/May/2015:11:30:42 +0000] "GET /about HTTP/1.1" 200 464605 "http://somedomain.com/js/app.js" "Mozilla/5.0 (Windows NT 10.0; Win64; x64) AppleWebKit/537.36 (KHTML, like Gecko) Chrome/91.0.4472.124 Safari/537.36"
92.149.9.216 - - [31/May/2015:09:20:34 +0000] "GET /css/styles.css HTTP/1.1" 200 449200 "http://somedomain.com/images/kibana-search.png" "Mozilla/5.0 (iPhone; CPU iPhone OS 14_6 like Mac OS X) AppleWebKit/605.1.15 (KHTML, like Gecko) Version/14.1.1 Mobile/15E148 Safari/604.1"
77.166.38.94 - - [9/May/2015:19:29:10 +0000] "GET /css/styles.css HTTP/1.1" 200 389896 "http://somedomain.com/plugin/highlight/highlight.js" "Mozilla/5.0 (iPhone; CPU iPhone OS 14_6 like Mac OS X) AppleWebKit/605.1.15 (KHTML, like Gecko) Version/14.1.1 Mobile/15E148 Safari/604.1"
82.149.9.216 - - [30/May/2015:20:53:28 +0000] "GET /api/data HTTP/1.1" 200 439380 "http://somedomain.com/favicon.ico" "Mozilla/5.0 (Macintosh; Intel Mac OS X 10_15_7) AppleWebKit/605.1.15 (KHTML, like Gecko) Version/14.1.1 Safari/605.1.15"
91.205.77.123 - - [2/May/2015:11:04:17 +0000] "GET /contact HTTP/1.1" 200 157246 "http://somedomain.com/images/kibana-dashboard3.png" "Mozilla/5.0 (Macintosh; Intel Mac OS X 10_15_7) AppleWebKit/605.1.15 (KHTML, like Gecko) Version/14.1.1 Safari/605.1.15"
92.149.9.216 - - [22/May/2015:11:16:04 +0000] "GET /images/kibana-search.png HTTP/1.1" 200 358108 "http://somedomain.com/plugin/highlight/highlight.js" "Mozilla/5.0 (iPhone; CPU iPhone OS 14_6 like Mac OS X) AppleWebKit/605.1.15 (KHTML, like Gecko) Version/14.1.1 Mobile/15E148 Safari/604.1"
94.188.25.117 - - [23/May/2015:19:54:41 +0000] "GET /plugin/zoom-js/zoom.js HTTP/1.1" 200 158645 "http://somedomain.com/plugin/zoom-js/zoom.js" "Mozilla/5.0 (Windows NT 10.0; Win64; x64) AppleWebKit/537.36 (KHTML, like Gecko) Chrome/91.0.4472.124 Safari/537.36"
92.149.9.216 - - [14/May/2015:22:43:39 +0000] "GET /plugin/zoom-js/zoom.js HTTP/1.1" 200 253175 "http://somedomain.com/favicon.ico" "Mozilla/5.0 (iPhone; CPU iPhone OS 14_6 like Mac OS X) AppleWebKit/605.1.15 (KHTML, like Gecko) Version/14.1.1 Mobile/15E148 Safari/604.1"
91.205.77.123 - - [10/May/2015:12:08:50 +0000] "GET /css/styles.css HTTP/1.1" 200 411322 "http://somedomain.com/plugin/highlight/highlight.js" "Mozilla/5.0 (Macintosh; Intel Mac OS X 10_15_7) AppleWebKit/605.1.15 (KHTML, like Gecko) Version/14.1.1 Safari/605.1.15"
65.189.22.45 - - [31/May/2015:19:49:45 +0000] "GET /js/app.js HTTP/1.1" 200 345901 "http://somedomain.com/favicon.ico" "Mozilla/5.0 (Windows NT 10.0; Win64; x64) AppleWebKit/537.36 (KHTML, like Gecko) Chrome/91.0.4472.124 Safari/537.36"
84.199.32.167 - - [7/May/2015:11:37:02 +0000] "GET /plugin/highlight/highlight.js HTTP/1.1" 200 2948 "http://somedomain.com/api/data" "Mozilla/5.0 (Windows NT 10.0; Win64; x64) AppleWebKit/537.36 (KHTML, like Gecko) Chrome/91.0.4472.124 Safari/537.36"
72.158.11.201 - - [10/May/2015:23:32:22 +0000] "GET /css/styles.css HTTP/1.1" 200 3471 "http://somedomain.com/images/kibana-search.png" "Mozilla/5.0 (iPhone; CPU iPhone OS 14_6 like Mac OS X) AppleWebKit/605.1.15 (KHTML, like Gecko) Version/14.1.1 Mobile/15E148 Safari/604.1"
91.205.77.123 - - [30/May/2015:19:31:52 +0000] "GET /images/kibana-search.png HTTP/1.1" 200 219971 "http://somedomain.com/plugin/zoom-js/zoom.js" "Mozilla/5.0 (Windows NT 10.0; Win64; x64) AppleWebKit/537.36 (KHTML, like Gecko) Chrome/91.0.4472.124 Safari/537.36"
65.189.22.45 - - [6/May/2015:12:05:45 +0000] "GET /images/kibana-dashboard3.png HTTP/1.1" 200 144796 "http://somedomain.com/images/kibana-search.png" "Mozilla/5.0 (Macintosh; Intel Mac OS X 10_15_7) AppleWebKit/605.1.15 (KHTML, like Gecko) Version/14.1.1 Safari/605.1.15"
92.149.9.216 - - [7/May/2015:10:09:17 +0000] "GET /css/styles.css HTTP/1.1" 200 261996 "http://somedomain.com/plugin/highlight/highlight.js" "Mozilla/5.0 (Windows NT 10.0; Win64; x64) AppleWebKit/537.36 (KHTML, like Gecko) Chrome/91.0.4472.124 Safari/537.36"
92.149.9.216 - - [25/May/2015:18:16:43 +0000] "GET /favicon.ico HTTP/1.1" 200 63531 "http://somedomain.com/images/kibana-search.png" "Mozilla/5.0 (Windows NT 10.0; Win64; x64) AppleWebKit/537.36 (KHTML, like Gecko) Chrome/91.0.4472.124 Safari/537.36"
8.49.39.221 - - [31/May/2015:19:49:11 +0000] "GET /plugin/zoom-js/zoom.js HTTP/1.1" 200 372602 "http://somedomain.com/plugin/zoom-js/zoom.js" "Mozilla/5.0 (iPhone; CPU iPhone OS 14_6 like Mac OS X) AppleWebKit/605.1.15 (KHTML, like Gecko) Version/14.1.1 Mobile/15E148 Safari/604.1"
84.199.32.167 - - [10/May/2015:11:37:13 +0000] "GET /plugin/zoom-js/zoom.js HTTP/1.1" 200 299726 "http://somedomain.com/plugin/zoom-js/zoom.js" "Mozilla/5.0 (Macintosh; Intel Mac OS X 10_15_7) AppleWebKit/605.1.15 (KHTML, like Gecko) Version/14.1.1 Safari/605.1.15"
85.227.44.109 - - [28/May/2015:14:17:58 +0000] "GET /css/styles.css HTTP/1.1" 404 482978 "http://somedomain.com/about" "Mozilla/5.0 (iPhone; CPU iPhone OS 14_6 like Mac OS X) AppleWebKit/605.1.15 (KHTML, like Gecko) Version/14.1.1 Mobile/15E148 Safari/604.1"
82.149.9.216 - - [22/May/2015:12:10:25 +0000] "GET /contact HTTP/1.1" 200 161057 "http://somedomain.com/contact" "Mozilla/5.0 (Macintosh; Intel Mac OS X 10_15_7) AppleWebKit/605.1.15 (KHTML, like Gecko) Version/14.1.1 Safari/605.1.15"
82.149.9.216 - - [5/May/2015:13:45:42 +0000] "GET /images/kibana-dashboard3.png HTTP/1.1" 200 179366 "http://somedomain.com/favicon.ico" "Mozilla/5.0 (Windows NT 10.0; Win64; x64) AppleWebKit/537.36 (KHTML, like Gecko) Chrome/91.0.4472.124 Safari/537.36"
78.201.15.89 - - [17/May/2015:10:49:38 +0000] "GET /plugin/highlight/highlight.js HTTP/1.1" 200 130569 "http://somedomain.com/favicon.ico" "Mozilla/5.0 (iPhone; CPU iPhone OS 14_6 like Mac OS X) AppleWebKit/605.1.15 (KHTML, like Gecko) Version/14.1.1 Mobile/15E148 Safari/604.1"
85.227.44.109 - - [15/May/2015:08:19:18 +0000] "GET /favicon.ico HTTP/1.1" 200 106091 "http://somedomain.com/api/data" "Mozilla/5.0 (Macintosh; Intel Mac OS X 10_15_7) AppleWebKit/605.1.15 (KHTML, like Gecko) Version/14.1.1 Safari/605.1.15"
72.158.11.201 - - [22/May/2015:20:58:28 +0000] "GET /images/kibana-dashboard3.png HTTP/1.1" 200 457835 "http://somedomain.com/api/data" "Mozilla/5.0 (iPhone; CPU iPhone OS 14_6 like Mac OS X) AppleWebKit/605.1.15 (KHTML, like Gecko) Version/14.1.1 Mobile/15E148 Safari/604.1"
91.205.77.123 - - [22/May/2015:21:28:27 +0000] "GET /api/data HTTP/1.1" 200 345452 "http://somedomain.com/js/app.js" "Mozilla/5.0 (Windows NT 10.0; Win64; x64) AppleWebKit/537.36 (KHTML, like Gecko) Chrome/91.0.4472.124 Safari/537.36"
72.158.11.201 - - [28/May/2015:18:14:38 +0000] "GET /about HTTP/1.1" 404 337656 "http://somedomain.com/plugin/highlight/highlight.js" "Mozilla/5.0 (iPhone; CPU iPhone OS 14_6 like Mac OS X) AppleWebKit/605.1.15 (KHTML, like Gecko) Version/14.1.1 Mobile/15E148 Safari/604.1"
79.132.49.176 - - [12/May/2015:16:30:46 +0000] "GET /plugin/zoom-js/zoom.js HTTP/1.1" 200 50687 "http://somedomain.com/plugin/zoom-js/zoom.js" "Mozilla/5.0 (Windows NT 10.0; Win64; x64) AppleWebKit/537.36 (KHTML, like Gecko) Chrome/91.0.4472.124 Safari/537.36"
8.49.39.221 - - [11/May/2015:13:17:51 +0000] "GET /images/kibana-dashboard3.png HTTP/1.1" 200 421897 "http://somedomain.com/favicon.ico" "Mozilla/5.0 (Windows NT 10.0; Win64; x64) AppleWebKit/537.36 (KHTML, like Gecko) Chrome/91.0.4472.124 Safari/537.36"
83.137.9.216 - - [13/May/2015:15:37:36 +0000] "GET /api/data HTTP/1.1" 200 449858 "http://somedomain.com/contact" "Mozilla/5.0 (Macintosh; Intel Mac OS X 10_15_7) AppleWebKit/605.1.15 (KHTML, like Gecko) Version/14.1.1 Safari/605.1.15"
84.199.32.167 - - [25/May/2015:16:26:28 +0000] "GET /images/kibana-dashboard3.png HTTP/1.1" 200 81278 "http://somedomain.com/images/kibana-dashboard3.png" "Mozilla/5.0 (Windows NT 10.0; Win64; x64) AppleWebKit/537.36 (KHTML, like Gecko) Chrome/91.0.4472.124 Safari/537.36"
83.137.9.216 - - [29/May/2015:22:23:29 +0000] "GET /api/data HTTP/1.1" 200 370001 "http://somedomain.com/js/app.js" "Mozilla/5.0 (Windows NT 10.0; Win64; x64) AppleWebKit/537.36 (KHTML, like Gecko) Chrome/91.0.4472.124 Safari/537.36"
91.205.77.123 - - [29/May/2015:12:10:31 +0000] "GET /favicon.ico HTTP/1.1" 200 295258 "http://somedomain.com/plugin/zoom-js/zoom.js" "Mozilla/5.0 (iPhone; CPU iPhone OS 14_6 like Mac OS X) AppleWebKit/605.1.15 (KHTML, like Gecko) Version/14.1.1 Mobile/15E148 Safari/604.1"
65.189.22.45 - - [11/May/2015:15:26:35 +0000] "GET /favicon.ico HTTP/1.1" 200 371771 "http://somedomain.com/favicon.ico" "Mozilla/5.0 (Windows NT 10.0; Win64; x64) AppleWebKit/537.36 (KHTML, like Gecko) Chrome/91.0.4472.124 Safari/537.36"
65.189.22.45 - - [18/May/2015:14:30:56 +0000] "GET /contact HTTP/1.1" 200 175767 "http://somedomain.com/css/styles.css" "Mozilla/5.0 (iPhone; CPU iPhone OS 14_6 like Mac OS X) AppleWebKit/605.1.15 (KHTML, like Gecko) Version/14.1.1 Mobile/15E148 Safari/604.1"
72.158.11.201 - - [18/May/2015:05:43:09 +0000] "GET /images/kibana-dashboard3.png HTTP/1.1" 200 194099 "http://somedomain.com/api/data" "Mozilla/5.0 (iPhone; CPU iPhone OS 14_6 like Mac OS X) AppleWebKit/605.1.15 (KHTML, like Gecko) Version/14.1.1 Mobile/15E148 Safari/604.1"
79.132.49.176 - - [4/May/2015:12:46:43 +0000] "GET /api/data HTTP/1.1" 200 493949 "http://somedomain.com/images/kibana-search.png" "Mozilla/5.0 (Macintosh; Intel Mac OS X 10_15_7) AppleWebKit/605.1.15 (KHTML, like Gecko) Version/14.1.1 Safari/605.1.15"
82.149.9.216 - - [7/May/2015:17:30:54 +0000] "GET /favicon.ico HTTP/1.1" 200 328692 "http://somedomain.com/api/data" "Mozilla/5.0 (Macintosh; Intel Mac OS X 10_15_7) AppleWebKit/605.1.15 (KHTML, like Gecko) Version/14.1.1 Safari/605.1.15"
96.213.70.145 - - [4/May/2015:13:34:36 +0000] "GET /api/data HTTP/1.1" 200 106444 "http://somedomain.com/about" "Mozilla/5.0 (Windows NT 10.0; Win64; x64) AppleWebKit/537.36 (KHTML, like Gecko) Chrome/91.0.4472.124 Safari/537.36"
8.49.39.221 - - [22/May/2015:11:11:46 +0000] "GET /plugin/zoom-js/zoom.js HTTP/1.1" 200 456493 "http://somedomain.com/api/data" "Mozilla/5.0 (Windows NT 10.0; Win64; x64) AppleWebKit/537.36 (KHTML, like Gecko) Chrome/91.0.4472.124 Safari/537.36"
91.205.77.123 - - [12/May/2015:15:31:22 +0000] "GET /images/kibana-search.png HTTP/1.1" 200 99290 "http://somedomain.com/images/kibana-search.png" "Mozilla/5.0 (iPhone; CPU iPhone OS 14_6 like Mac OS X) AppleWebKit/605.1.15 (KHTML, like Gecko) Version/14.1.1 Mobile/15E148 Safari/604.1"
8.49.39.221 - - [22/May/2015:17:28:31 +0000] "GET /plugin/highlight/highlight.js HTTP/1.1" 404 3580 "http://somedomain.com/contact" "Mozilla/5.0 (Windows NT 10.0; Win64; x64) AppleWebKit/537.36 (KHTML, like Gecko) Chrome/91.0.4472.124 Safari/537.36"
65.189.22.45 - - [18/May/2015:16:29:10 +0000] "GET /plugin/highlight/highlight.js HTTP/1.1" 200 287475 "http://somedomain.com/about" "Mozilla/5.0 (iPhone; CPU iPhone OS 14_6 like Mac OS X) AppleWebKit/605.1.15 (KHTML, like Gecko) Version/14.1.1 Mobile/15E148 Safari/604.1"
78.201.15.89 - - [24/May/2015:14:22:41 +0000] "GET /api/data HTTP/1.1" 200 26441 "http://somedomain.com/contact" "Mozilla/5.0 (iPhone; CPU iPhone OS 14_6 like Mac OS X) AppleWebKit/605.1.15 (KHTML, like Gecko) Version/14.1.1 Mobile/15E148 Safari/604.1"
85.227.44.109 - - [29/May/2015:08:57:32 +0000] "GET /contact HTTP/1.1" 200 24745 "http://somedomain.com/js/app.js" "Mozilla/5.0 (Macintosh; Intel Mac OS X 10_15_7) AppleWebKit/605.1.15 (KHTML, like Gecko) Version/14.1.1 Safari/605.1.15"
91.205.77.123 - - [15/May/2015:10:57:21 +0000] "GET /api/data HTTP/1.1" 200 179093 "http://somedomain.com/contact" "Mozilla/5.0 (Macintosh; Intel Mac OS X 10_15_7) AppleWebKit/605.1.15 (KHTML, like Gecko) Version/14.1.1 Safari/605.1.15"
92.149.9.216 - - [5/May/2015:12:43:01 +0000] "GET /contact HTTP/1.1" 200 496058 "http://somedomain.com/css/styles.css" "Mozilla/5.0 (iPhone; CPU iPhone OS 14_6 like Mac OS X) AppleWebKit/605.1.15 (KHTML, like Gecko) Version/14.1.1 Mobile/15E148 Safari/604.1"
72.158.11.201 - - [27/May/2015:13:15:19 +0000] "GET /api/data HTTP/1.1" 200 104644 "http://somedomain.com/favicon.ico" "Mozilla/5.0 (iPhone; CPU iPhone OS 14_6 like Mac OS X) AppleWebKit/605.1.15 (KHTML, like Gecko) Version/14.1.1 Mobile/15E148 Safari/604.1"
85.227.44.109 - - [27/May/2015:08:27:37 +0000] "GET /images/kibana-dashboard3.png HTTP/1.1" 200 84623 "http://somedomain.com/plugin/zoom-js/zoom.js" "Mozilla/5.0 (Macintosh; Intel Mac OS X 10_15_7) AppleWebKit/605.1.15 (KHTML, like Gecko) Version/14.1.1 Safari/605.1.15"
92.149.9.216 - - [11/May/2015:17:13:12 +0000] "GET /api/data HTTP/1.1" 200 44018 "http://somedomain.com/favicon.ico" "Mozilla/5.0 (iPhone; CPU iPhone OS 14_6 like Mac OS X) AppleWebKit/605.1.15 (KHTML, like Gecko) Version/14.1.1 Mobile/15E148 Safari/604.1"
95.207.60.131 - - [2/May/2015:08:08:16 +0000] "GET /api/data HTTP/1.1" 200 394845 "http://somedomain.com/contact" "Mozilla/5.0 (Macintosh; Intel Mac OS X 10_15_7) AppleWebKit/605.1.15 (KHTML, like Gecko) Version/14.1.1 Safari/605.1.15"
78.201.15.89 - - [13/May/2015:11:38:07 +0000] "GET /api/data HTTP/1.1" 200 130198 "http://somedomain.com/css/styles.css" "Mozilla/5.0 (iPhone; CPU iPhone OS 14_6 like Mac OS X) AppleWebKit/605.1.15 (KHTML, like Gecko) Version/14.1.1 Mobile/15E148 Safari/604.1"
96.213.70.145 - - [19/May/2015:09:25:15 +0000] "GET /images/kibana-search.png HTTP/1.1" 200 224452 "http://somedomain.com/api/data" "Mozilla/5.0 (Macintosh; Intel Mac OS X 10_15_7) AppleWebKit/605.1.15 (KHTML, like Gecko) Version/14.1.1 Safari/605.1.15"
78.201.15.89 - - [4/May/2015:15:30:46 +0000] "GET /plugin/zoom-js/zoom.js HTTP/1.1" 200 494928 "http://somedomain.com/api/data" "Mozilla/5.0 (Windows NT 10.0; Win64; x64) AppleWebKit/537.36 (KHTML, like Gecko) Chrome/91.0.4472.124 Safari/537.36"
81.199.53.102 - - [10/May/2015:08:39:31 +0000] "GET /plugin/zoom-js/zoom.js HTTP/1.1" 200 274960 "http://somedomain.com/js/app.js" "Mozilla/5.0 (iPhone; CPU iPhone OS 14_6 like Mac OS X) AppleWebKit/605.1.15 (KHTML, like Gecko) Version/14.1.1 Mobile/15E148 Safari/604.1"
83.137.9.216 - - [31/May/2015:11:49:07 +0000] "GET /plugin/zoom-js/zoom.js HTTP/1.1" 200 486411 "http://somedomain.com/images/kibana-dashboard3.png" "Mozilla/5.0 (Windows NT 10.0; Win64; x64) AppleWebKit/537.36 (KHTML, like Gecko) Chrome/91.0.4472.124 Safari/537.36"
82.149.9.216 - - [30/May/2015:17:44:35 +0000] "GET /plugin/zoom-js/zoom.js HTTP/1.1" 200 103303 "http://somedomain.com/contact" "Mozilla/5.0 (iPhone; CPU iPhone OS 14_6 like Mac OS X) AppleWebKit/605.1.15 (KHTML, like Gecko) Version/14.1.1 Mobile/15E148 Safari/604.1"
84.199.32.167 - - [21/May/2015:17:07:22 +0000] "GET /images/kibana-dashboard3.png HTTP/1.1" 200 61816 "http://somedomain.com/favicon.ico" "Mozilla/5.0 (iPhone; CPU iPhone OS 14_6 like Mac OS X) AppleWebKit/605.1.15 (KHTML, like Gecko) Version/14.1.1 Mobile/15E148 Safari/604.1"
91.205.77.123 - - [2/May/2015:18:30:57 +0000] "GET /plugin/highlight/highlight.js HTTP/1.1" 200 129057 "http://somedomain.com/plugin/highlight/highlight.js" "Mozilla/5.0 (iPhone; CPU iPhone OS 14_6 like Mac OS X) AppleWebKit/605.1.15 (KHTML, like Gecko) Version/14.1.1 Mobile/15E148 Safari/604.1"
76.144.19.200 - - [15/May/2015:11:18:59 +0000] "GET /js/app.js HTTP/1.1" 200 252456 "http://somedomain.com/css/styles.css" "Mozilla/5.0 (Windows NT 10.0; Win64; x64) AppleWebKit/537.36 (KHTML, like Gecko) Chrome/91.0.4472.124 Safari/537.36"
72.158.11.201 - - [12/May/2015:16:33:45 +0000] "GET /plugin/zoom-js/zoom.js HTTP/1.1" 200 312531 "http://somedomain.com/favicon.ico" "Mozilla/5.0 (iPhone; CPU iPhone OS 14_6 like Mac OS X) AppleWebKit/605.1.15 (KHTML, like Gecko) Version/14.1.1 Mobile/15E148 Safari/604.1"
78.201.15.89 - - [9/May/2015:18:37:30 +0000] "GET /contact HTTP/1.1" 200 413073 "http://somedomain.com/plugin/highlight/highlight.js" "Mozilla/5.0 (Windows NT 10.0; Win64; x64) AppleWebKit/537.36 (KHTML, like Gecko) Chrome/91.0.4472.124 Safari/537.36"
92.149.9.216 - - [29/May/2015:08:00:21 +0000] "GET /css/styles.css HTTP/1.1" 200 16132 "http://somedomain.com/images/kibana-dashboard3.png" "Mozilla/5.0 (Windows NT 10.0; Win64; x64) AppleWebKit/537.36 (KHTML, like Gecko) Chrome/91.0.4472.124 Safari/537.36"
82.149.9.216 - - [7/May/2015:10:17:11 +0000] "GET /images/kibana-dashboard3.png HTTP/1.1" 404 492569 "http://somedomain.com/images/kibana-search.png" "Mozilla/5.0 (Windows NT 10.0; Win64; x64) AppleWebKit/537.36 (KHTML, like Gecko) Chrome/91.0.4472.124 Safari/537.36"
91.205.77.123 - - [1/May/2015:13:07:47 +0000] "GET /images/kibana-dashboard3.png HTTP/1.1" 200 464269 "http://somedomain.com/about" "Mozilla/5.0 (Windows NT 10.0; Win64; x64) AppleWebKit/537.36 (KHTML, like Gecko) Chrome/91.0.4472.124 Safari/537.36"
8.49.39.221 - - [28/May/2015:13:24:49 +0000] "GET /images/kibana-dashboard3.png HTTP/1.1" 404 459505 "http://somedomain.com/plugin/highlight/highlight.js" "Mozilla/5.0 (Macintosh; Intel Mac OS X 10_15_7) AppleWebKit/605.1.15 (KHTML, like Gecko) Version/14.1.1 Safari/605.1.15"
92.149.9.216 - - [21/May/2015:11:37:29 +0000] "GET /favicon.ico HTTP/1.1" 200 343494 "http://somedomain.com/plugin/zoom-js/zoom.js" "Mozilla/5.0 (iPhone; CPU iPhone OS 14_6 like Mac OS X) AppleWebKit/605.1.15 (KHTML, like Gecko) Version/14.1.1 Mobile/15E148 Safari/604.1"
92.149.9.216 - - [31/May/2015:23:41:04 +0000] "GET /plugin/zoom-js/zoom.js HTTP/1.1" 200 438878 "http://somedomain.com/api/data" "Mozilla/5.0 (Windows NT 10.0; Win64; x64) AppleWebKit/537.36 (KHTML, like Gecko) Chrome/91.0.4472.124 Safari/537.36"
82.149.9.216 - - [24/May/2015:05:55:32 +0000] "GET /images/kibana-search.png HTTP/1.1" 200 136405 "http://somedomain.com/js/app.js" "Mozilla/5.0 (Windows NT 10.0; Win64; x64) AppleWebKit/537.36 (KHTML, like Gecko) Chrome/91.0.4472.124 Safari/537.36"
8.49.39.221 - - [16/May/2015:13:46:47 +0000] "GET /css/styles.css HTTP/1.1" 200 362008 "http://somedomain.com/plugin/zoom-js/zoom.js" "Mozilla/5.0 (Macintosh; Intel Mac OS X 10_15_7) AppleWebKit/605.1.15 (KHTML, like Gecko) Version/14.1.1 Safari/605.1.15"
65.189.22.45 - - [2/May/2015:12:05:43 +0000] "GET /api/data HTTP/1.1" 200 360441 "http://somedomain.com/js/app.js" "Mozilla/5.0 (iPhone; CPU iPhone OS 14_6 like Mac OS X) AppleWebKit/605.1.15 (KHTML, like Gecko) Version/14.1.1 Mobile/15E148 Safari/604.1"
97.154.81.158 - - [7/May/2015:14:22:05 +0000] "GET /images/kibana-dashboard3.png HTTP/1.1" 200 392279 "http://somedomain.com/images/kibana-dashboard3.png" "Mozilla/5.0 (iPhone; CPU iPhone OS 14_6 like Mac OS X) AppleWebKit/605.1.15 (KHTML, like Gecko) Version/14.1.1 Mobile/15E148 Safari/604.1"
72.158.11.201 - - [13/May/2015:19:28:02 +0000] "GET /plugin/zoom-js/zoom.js HTTP/1.1" 200 286667 "http://somedomain.com/plugin/highlight/highlight.js" "Mozilla/5.0 (Windows NT 10.0; Win64; x64) AppleWebKit/537.36 (KHTML, like Gecko) Chrome/91.0.4472.124 Safari/537.36"
69.211.88.92 - - [31/May/2015:07:05:04 +0000] "GET /css/styles.css HTTP/1.1" 200 194596 "http://somedomain.com/api/data" "Mozilla/5.0 (Macintosh; Intel Mac OS X 10_15_7) AppleWebKit/605.1.15 (KHTML, like Gecko) Version/14.1.1 Safari/605.1.15"
91.205.77.123 - - [2/May/2015:18:48:26 +0000] "GET /plugin/zoom-js/zoom.js HTTP/1.1" 200 257233 "http://somedomain.com/favicon.ico" "Mozilla/5.0 (iPhone; CPU iPhone OS 14_6 like Mac OS X) AppleWebKit/605.1.15 (KHTML, like Gecko) Version/14.1.1 Mobile/15E148 Safari/604.1"
72.158.11.201 - - [7/May/2015:17:34:04 +0000] "GET /contact HTTP/1.1" 200 64924 "http://somedomain.com/about" "Mozilla/5.0 (Macintosh; Intel Mac OS X 10_15_7) AppleWebKit/605.1.15 (KHTML, like Gecko) Version/14.1.1 Safari/605.1.15"
85.227.44.109 - - [19/May/2015:12:18:51 +0000] "GET /api/data HTTP/1.1" 200 205178 "http://somedomain.com/favicon.ico" "Mozilla/5.0 (iPhone; CPU iPhone OS 14_6 like Mac OS X) AppleWebKit/605.1.15 (KHTML, like Gecko) Version/14.1.1 Mobile/15E148 Safari/604.1"
85.227.44.109 - - [12/May/2015:11:22:04 +0000] "GET /images/kibana-search.png HTTP/1.1" 200 170294 "http://somedomain.com/images/kibana-search.png" "Mozilla/5.0 (iPhone; CPU iPhone OS 14_6 like Mac OS X) AppleWebKit/605.1.15 (KHTML, like Gecko) Version/14.1.1 Mobile/15E148 Safari/604.1"
65.189.22.45 - - [6/May/2015:13:58:28 +0000] "GET /plugin/highlight/highlight.js HTTP/1.1" 200 50188 "http://somedomain.com/favicon.ico" "Mozilla/5.0 (Windows NT 10.0; Win64; x64) AppleWebKit/537.36 (KHTML, like Gecko) Chrome/91.0.4472.124 Safari/537.36"
93.155.66.81 - - [29/May/2015:08:11:15 +0000] "GET /images/kibana-dashboard3.png HTTP/1.1" 200 322096 "http://somedomain.com/images/kibana-dashboard3.png" "Mozilla/5.0 (iPhone; CPU iPhone OS 14_6 like Mac OS X) AppleWebKit/605.1.15 (KHTML, like Gecko) Version/14.1.1 Mobile/15E148 Safari/604.1"
84.199.32.167 - - [8/May/2015:08:29:49 +0000] "GET /plugin/highlight/highlight.js HTTP/1.1" 200 136573 "http://somedomain.com/api/data" "Mozilla/5.0 (iPhone; CPU iPhone OS 14_6 like Mac OS X) AppleWebKit/605.1.15 (KHTML, like Gecko) Version/14.1.1 Mobile/15E148 Safari/604.1"
92.149.9.216 - - [23/May/2015:16:30:52 +0000] "GET /js/app.js HTTP/1.1" 200 454667 "http://somedomain.com/js/app.js" "Mozilla/5.0 (Windows NT 10.0; Win64; x64) AppleWebKit/537.36 (KHTML, like Gecko) Chrome/91.0.4472.124 Safari/537.36"
77.166.38.94 - - [27/May/2015:15:16:47 +0000] "GET /images/kibana-dashboard3.png HTTP/1.1" 200 362071 "http://somedomain.com/favicon.ico" "Mozilla/5.0 (Macintosh; Intel Mac OS X 10_15_7) AppleWebKit/605.1.15 (KHTML, like Gecko) Version/14.1.1 Safari/605.1.15"
77.166.38.94 - - [5/May/2015:10:43:57 +0000] "GET /contact HTTP/1.1" 200 305242 "http://somedomain.com/images/kibana-search.png" "Mozilla/5.0 (Windows NT 10.0; Win64; x64) AppleWebKit/537.36 (KHTML, like Gecko) Chrome/91.0.4472.124 Safari/537.36"
92.149.9.216 - - [19/May/2015:19:57:57 +0000] "GET /contact HTTP/1.1" 200 311258 "http://somedomain.com/images/kibana-dashboard3.png" "Mozilla/5.0 (Macintosh; Intel Mac OS X 10_15_7) AppleWebKit/605.1.15 (KHTML, like Gecko) Version/14.1.1 Safari/605.1.15"
92.149.9.216 - - [20/May/2015:14:33:40 +0000] "GET /js/app.js HTTP/1.1" 200 273004 "http://somedomain.com/about" "Mozilla/5.0 (iPhone; CPU iPhone OS 14_6 like Mac OS X) AppleWebKit/605.1.15 (KHTML, like Gecko) Version/14.1.1 Mobile/15E148 Safari/604.1"
78.201.15.89 - - [17/May/2015:11:29:44 +0000] "GET /css/styles.css HTTP/1.1" 200 246262 "http://somedomain.com/images/kibana-dashboard3.png" "Mozilla/5.0 (Windows NT 10.0; Win64; x64) AppleWebKit/537.36 (KHTML, like Gecko) Chrome/91.0.4472.124 Safari/537.36"
85.227.44.109 - - [27/May/2015:15:50:40 +0000] "GET /css/styles.css HTTP/1.1" 200 17682 "http://somedomain.com/css/styles.css" "Mozilla/5.0 (Macintosh; Intel Mac OS X 10_15_7) AppleWebKit/605.1.15 (KHTML, like Gecko) Version/14.1.1 Safari/605.1.15"
83.137.9.216 - - [4/May/2015:11:37:26 +0000] "GET /js/app.js HTTP/1.1" 304 415845 "http://somedomain.com/css/styles.css" "Mozilla/5.0 (iPhone; CPU iPhone OS 14_6 like Mac OS X) AppleWebKit/605.1.15 (KHTML, like Gecko) Version/14.1.1 Mobile/15E148 Safari/604.1"
77.166.38.94 - - [5/May/2015:14:24:45 +0000] "GET /contact HTTP/1.1" 200 149209 "http://somedomain.com/css/styles.css" "Mozilla/5.0 (Windows NT 10.0; Win64; x64) AppleWebKit/537.36 (KHTML, like Gecko) Chrome/91.0.4472.124 Safari/537.36"
82.149.9.216 - - [12/May/2015:16:22:40 +0000] "GET /css/styles.css HTTP/1.1" 200 312755 "http://somedomain.com/contact" "Mozilla/5.0 (Windows NT 10.0; Win64; x64) AppleWebKit/537.36 (KHTML, like Gecko) Chrome/91.0.4472.124 Safari/537.36"
97.154.81.158 - - [4/May/2015:07:31:39 +0000] "GET /js/app.js HTTP/1.1" 200 145492 "http://somedomain.com/images/kibana-search.png" "Mozilla/5.0 (iPhone; CPU iPhone OS 14_6 like Mac OS X) AppleWebKit/605.1.15 (KHTML, like Gecko) Version/14.1.1 Mobile/15E148 Safari/604.1"
85.227.44.109 - - [5/May/2015:10:07:11 +0000] "GET /favicon.ico HTTP/1.1" 200 262291 "http://somedomain.com/contact" "Mozilla/5.0 (Macintosh; Intel Mac OS X 10_15_7) AppleWebKit/605.1.15 (KHTML, like Gecko) Version/14.1.1 Safari/605.1.15"
78.201.15.89 - - [21/May/2015:16:23:07 +0000] "GET /favicon.ico HTTP/1.1" 200 403480 "http://somedomain.com/js/app.js" "Mozilla/5.0 (Windows NT 10.0; Win64; x64) AppleWebKit/537.36 (KHTML, like Gecko) Chrome/91.0.4472.124 Safari/537.36"
92.149.9.216 - - [9/May/2015:14:11:49 +0000] "GET /contact HTTP/1.1" 304 434413 "http://somedomain.com/about" "Mozilla/5.0 (Windows NT 10.0; Win64; x64) AppleWebKit/537.36 (KHTML, like Gecko) Chrome/91.0.4472.124 Safari/537.36"
76.144.19.200 - - [10/May/2015:16:45:05 +0000] "GET /images/kibana-dashboard3.png HTTP/1.1" 200 300959 "http://somedomain.com/contact" "Mozilla/5.0 (Macintosh; Intel Mac OS X 10_15_7) AppleWebKit/605.1.15 (KHTML, like Gecko) Version/14.1.1 Safari/605.1.15"
69.211.88.92 - - [9/May/2015:19:31:20 +0000] "GET /plugin/zoom-js/zoom.js HTTP/1.1" 200 201398 "http://somedomain.com/images/kibana-dashboard3.png" "Mozilla/5.0 (Windows NT 10.0; Win64; x64) AppleWebKit/537.36 (KHTML, like Gecko) Chrome/91.0.4472.124 Safari/537.36"
72.158.11.201 - - [14/May/2015:13:13:13 +0000] "GET /about HTTP/1.1" 200 316155 "http://somedomain.com/plugin/highlight/highlight.js" "Mozilla/5.0 (Windows NT 10.0; Win64; x64) AppleWebKit/537.36 (KHTML, like Gecko) Chrome/91.0.4472.124 Safari/537.36"
8.49.39.221 - - [11/May/2015:08:50:43 +0000] "GET /images/kibana-search.png HTTP/1.1" 200 98718 "http://somedomain.com/images/kibana-search.png" "Mozilla/5.0 (Macintosh; Intel Mac OS X 10_15_7) AppleWebKit/605.1.15 (KHTML, like Gecko) Version/14.1.1 Safari/605.1.15"
93.155.66.81 - - [30/May/2015:19:15:06 +0000] "GET /js/app.js HTTP/1.1" 200 94500 "http://somedomain.com/plugin/highlight/highlight.js" "Mozilla/5.0 (iPhone; CPU iPhone OS 14_6 like Mac OS X) AppleWebKit/605.1.15 (KHTML, like Gecko) Version/14.1.1 Mobile/15E148 Safari/604.1"
81.199.53.102 - - [14/May/2015:12:16:51 +0000] "GET /about HTTP/1.1" 200 120667 "http://somedomain.com/js/app.js" "Mozilla/5.0 (Macintosh; Intel Mac OS X 10_15_7) AppleWebKit/605.1.15 (KHTML, like Gecko) Version/14.1.1 Safari/605.1.15"
92.149.9.216 - - [5/May/2015:17:58:39 +0000] "GET /plugin/zoom-js/zoom.js HTTP/1.1" 304 172265 "http://somedomain.com/images/kibana-search.png" "Mozilla/5.0 (Windows NT 10.0; Win64; x64) AppleWebKit/537.36 (KHTML, like Gecko) Chrome/91.0.4472.124 Safari/537.36"
72.158.11.201 - - [8/May/2015:11:47:27 +0000] "GET /images/kibana-search.png HTTP/1.1" 200 249975 "http://somedomain.com/about" "Mozilla/5.0 (Macintosh; Intel Mac OS X 10_15_7) AppleWebKit/605.1.15 (KHTML, like Gecko) Version/14.1.1 Safari/605.1.15"
91.205.77.123 - - [11/May/2015:10:09:52 +0000] "GET /images/kibana-dashboard3.png HTTP/1.1" 200 296537 "http://somedomain.com/css/styles.css" "Mozilla/5.0 (Windows NT 10.0; Win64; x64) AppleWebKit/537.36 (KHTML, like Gecko) Chrome/91.0.4472.124 Safari/537.36"
82.149.9.216 - - [26/May/2015:13:06:00 +0000] "GET /about HTTP/1.1" 200 153369 "http://somedomain.com/about" "Mozilla/5.0 (iPhone; CPU iPhone OS 14_6 like Mac OS X) AppleWebKit/605.1.15 (KHTML, like Gecko) Version/14.1.1 Mobile/15E148 Safari/604.1"
77.166.38.94 - - [13/May/2015:13:33:03 +0000] "GET /api/data HTTP/1.1" 200 415245 "http://somedomain.com/api/data" "Mozilla/5.0 (iPhone; CPU iPhone OS 14_6 like Mac OS X) AppleWebKit/605.1.15 (KHTML, like Gecko) Version/14.1.1 Mobile/15E148 Safari/604.1"
97.154.81.158 - - [5/May/2015:13:13:30 +0000] "GET /images/kibana-search.png HTTP/1.1" 200 8643 "http://somedomain.com/images/kibana-dashboard3.png" "Mozilla/5.0 (Windows NT 10.0; Win64; x64) AppleWebKit/537.36 (KHTML, like Gecko) Chrome/91.0.4472.124 Safari/537.36"
78.201.15.89 - - [13/May/2015:15:41:54 +0000] "GET /css/styles.css HTTP/1.1" 200 186280 "http://somedomain.com/images/kibana-dashboard3.png" "Mozilla/5.0 (iPhone; CPU iPhone OS 14_6 like Mac OS X) AppleWebKit/605.1.15 (KHTML, like Gecko) Version/14.1.1 Mobile/15E148 Safari/604.1"
93.155.66.81 - - [25/May/2015:14:48:04 +0000] "GET /api/data HTTP/1.1" 200 479363 "http://somedomain.com/favicon.ico" "Mozilla/5.0 (iPhone; CPU iPhone OS 14_6 like Mac OS X) AppleWebKit/605.1.15 (KHTML, like Gecko) Version/14.1.1 Mobile/15E148 Safari/604.1"
65.189.22.45 - - [1/May/2015:12:48:24 +0000] "GET /js/app.js HTTP/1.1" 200 396269 "http://somedomain.com/images/kibana-search.png" "Mozilla/5.0 (iPhone; CPU iPhone OS 14_6 like Mac OS X) AppleWebKit/605.1.15 (KHTML, like Gecko) Version/14.1.1 Mobile/15E148 Safari/604.1"
8.49.39.221 - - [21/May/2015:10:33:38 +0000] "GET /js/app.js HTTP/1.1" 200 240025 "http://somedomain.com/css/styles.css" "Mozilla/5.0 (Macintosh; Intel Mac OS X 10_15_7) AppleWebKit/605.1.15 (KHTML, like Gecko) Version/14.1.1 Safari/605.1.15"
72.158.11.201 - - [11/May/2015:21:59:57 +0000] "GET /plugin/highlight/highlight.js HTTP/1.1" 200 279059 "http://somedomain.com/contact" "Mozilla/5.0 (Windows NT 10.0; Win64; x64) AppleWebKit/537.36 (KHTML, like Gecko) Chrome/91.0.4472.124 Safari/537.36"
82.149.9.216 - - [14/May/2015:16:47:20 +0000] "GET /images/kibana-search.png HTTP/1.1" 200 114497 "http://somedomain.com/images/kibana-dashboard3.png" "Mozilla/5.0 (Windows NT 10.0; Win64; x64) AppleWebKit/537.36 (KHTML, like Gecko) Chrome/91.0.4472.124 Safari/537.36"
72.158.11.201 - - [8/May/2015:10:50:45 +0000] "GET /favicon.ico HTTP/1.1" 200 141103 "http://somedomain.com/js/app.js" "Mozilla/5.0 (Macintosh; Intel Mac OS X 10_15_7) AppleWebKit/605.1.15 (KHTML, like Gecko) Version/14.1.1 Safari/605.1.15"
92.149.9.216 - - [21/May/2015:13:19:40 +0000] "GET /js/app.js HTTP/1.1" 200 251645 "http://somedomain.com/favicon.ico" "Mozilla/5.0 (Macintosh; Intel Mac OS X 10_15_7) AppleWebKit/605.1.15 (KHTML, like Gecko) Version/14.1.1 Safari/605.1.15"
84.199.32.167 - - [28/May/2015:16:23:41 +0000] "GET /plugin/highlight/highlight.js HTTP/1.1" 200 436113 "http://somedomain.com/api/data" "Mozilla/5.0 (iPhone; CPU iPhone OS 14_6 like Mac OS X) AppleWebKit/605.1.15 (KHTML, like Gecko) Version/14.1.1 Mobile/15E148 Safari/604.1"
82.149.9.216 - - [31/May/2015:14:42:47 +0000] "GET /js/app.js HTTP/1.1" 200 266155 "http://somedomain.com/plugin/zoom-js/zoom.js" "Mozilla/5.0 (Macintosh; Intel Mac OS X 10_15_7) AppleWebKit/605.1.15 (KHTML, like Gecko) Version/14.1.1 Safari/605.1.15"
83.137.9.216 - - [23/May/2015:16:33:47 +0000] "GET /images/kibana-search.png HTTP/1.1" 200 33604 "http://somedomain.com/js/app.js" "Mozilla/5.0 (Macintosh; Intel Mac OS X 10_15_7) AppleWebKit/605.1.15 (KHTML, like Gecko) Version/14.1.1 Safari/605.1.15"
95.207.60.131 - - [27/May/2015:10:10:05 +0000] "GET /images/kibana-search.png HTTP/1.1" 200 192603 "http://somedomain.com/js/app.js" "Mozilla/5.0 (iPhone; CPU iPhone OS 14_6 like Mac OS X) AppleWebKit/605.1.15 (KHTML, like Gecko) Version/14.1.1 Mobile/15E148 Safari/604.1"
92.149.9.216 - - [5/May/2015:12:30:15 +0000] "GET /js/app.js HTTP/1.1" 200 98485 "http://somedomain.com/images/kibana-dashboard3.png" "Mozilla/5.0 (iPhone; CPU iPhone OS 14_6 like Mac OS X) AppleWebKit/605.1.15 (KHTML, like Gecko) Version/14.1.1 Mobile/15E148 Safari/604.1"
85.227.44.109 - - [14/May/2015:18:00:10 +0000] "GET /about HTTP/1.1" 200 115513 "http://somedomain.com/favicon.ico" "Mozilla/5.0 (Macintosh; Intel Mac OS X 10_15_7) AppleWebKit/605.1.15 (KHTML, like Gecko) Version/14.1.1 Safari/605.1.15"
8.49.39.221 - - [21/May/2015:18:32:32 +0000] "GET /plugin/highlight/highlight.js HTTP/1.1" 200 122749 "http://somedomain.com/images/kibana-search.png" "Mozilla/5.0 (Windows NT 10.0; Win64; x64) AppleWebKit/537.36 (KHTML, like Gecko) Chrome/91.0.4472.124 Safari/537.36"
65.189.22.45 - - [3/May/2015:09:07:22 +0000] "GET /js/app.js HTTP/1.1" 200 180246 "http://somedomain.com/plugin/highlight/highlight.js" "Mozilla/5.0 (Windows NT 10.0; Win64; x64) AppleWebKit/537.36 (KHTML, like Gecko) Chrome/91.0.4472.124 Safari/537.36"
78.201.15.89 - - [14/May/2015:11:47:51 +0000] "GET /about HTTP/1.1" 200 319970 "http://somedomain.com/plugin/zoom-js/zoom.js" "Mozilla/5.0 (Macintosh; Intel Mac OS X 10_15_7) AppleWebKit/605.1.15 (KHTML, like Gecko) Version/14.1.1 Safari/605.1.15"
65.189.22.45 - - [26/May/2015:14:24:29 +0000] "GET /images/kibana-dashboard3.png HTTP/1.1" 200 280793 "http://somedomain.com/images/kibana-dashboard3.png" "Mozilla/5.0 (iPhone; CPU iPhone OS 14_6 like Mac OS X) AppleWebKit/605.1.15 (KHTML, like Gecko) Version/14.1.1 Mobile/15E148 Safari/604.1"
