82.149.9.216 - - [26/May/2015:10:37:25 +0000] "GET /favicon.ico HTTP/1.1" 200 457239 "http://somedomain.com/js/app.js" "Mozilla/5.0 (Windows NT 10.0; Win64; x64) AppleWebKit/537.36 (KHTML, like Gecko) Chrome/91.0.4472.124 Safari/537.36"
82.149.9.216 - - [19/May/2015:06:11:28 +0000] "GET /images/kibana-dashboard3.png HTTP/1.1" 200 39085 "http://somedomain.com/contact" "Mozilla/5.0 (Windows NT 10.0; Win64; x64) AppleWebKit/537.36 (KHTML, like Gecko) Chrome/91.0.4472.124 Safari/537.36"
72.158.11.201 - - [28/May/2015:13:32:02 +0000] "GET /about HTTP/1.1" 200 168331 "http://somedomain.com/plugin/highlight/highlight.js" "Mozilla/5.0 (iPhone; CPU iPhone OS 14_6 like Mac OS X) AppleWebKit/605.1.15 (KHTML, like Gecko) Version/14.1.1 Mobile/15E148 Safari/604.1"
91.205.77.123 - - [5/May/2015:14:04:09 +0000] "GET /images/kibana-search.png HTTP/1.1" 200 301699 "http://somedomain.com/css/styles.css" "Mozilla/5.0 (Macintosh; Intel Mac OS X 10_15_7) AppleWebKit/605.1.15 (KHTML, like Gecko) Version/14.1.1 Safari/605.1.15"
8.49.39.221 - - [5/May/2015:05:40:40 +0000] "GET /api/data HTTP/1.1" 200 239984 "http://somedomain.com/images/kibana-search.png" "Mozilla/5.0 (iPhone; CPU iPhone OS 14_6 like Mac OS X) AppleWebKit/605.1.15 (KHTML, like Gecko) Version/14.1.1 Mobile/15E148 Safari/604.1"
79.132.49.176 - - [14/May/2015:15:53:16 +0000] "GET /plugin/highlight/highlight.js HTTP/1.1" 200 79452 "http://somedomain.com/images/kibana-search.png" "Mozilla/5.0 (Macintosh; Intel Mac OS X 10_15_7) AppleWebKit/605.1.15 (KHTML, like Gecko) Version/14.1.1 Safari/605.1.15"
72.158.11.201 - - [25/May/2015:18:51:40 +0000] "GET /plugin/highlight/highlight.js HTTP/1.1" 200 24574 "http://somedomain.com/css/styles.css" "Mozilla/5.0 (Windows NT 10.0; Win64; x64) AppleWebKit/537.36 (KHTML, like Gecko) Chrome/91.0.4472.124 Safari/537.36"
78.201.15.89 - - [22/May/2015:06:16:35 +0000] "GET /plugin/zoom-js/zoom.js HTTP/1.1" 200 211105 "http://somedomain.com/js/app.js" "Mozilla/5.0 (iPhone; CPU iPhone OS 14_6 like Mac OS X) AppleWebKit/605.1.15 (KHTML, like Gecko) Version/14.1.1 Mobile/15E148 Safari/604.1"
65.189.22.45 - - [10/May/2015:15:56:36 +0000] "GET /favicon.ico HTTP/1.1" 200 411368 "http://somedomain.com/plugin/highlight/highlight.js" "Mozilla/5.0 (iPhone; CPU iPhone OS 14_6 like Mac OS X) AppleWebKit/605.1.15 (KHTML, like Gecko) Version/14.1.1 Mobile/15E148 Safari/604.1"
83.137.9.216 - - [7/May/2015:17:11:37 +0000] "GET /images/kibana-dashboard3.png HTTP/1.1" 200 191430 "http://somedomain.com/about" "Mozilla/5.0 (iPhone; CPU iPhone OS 14_6 like Mac OS X) AppleWebKit/605.1.15 (KHTML, like Gecko) Version/14.1.1 Mobile/15E148 Safari/604.1"
85.227.44.109 - - [18/May/2015:13:23:16 +0000] "GET /contact HTTP/1.1" 200 127396 "http://somedomain.com/plugin/highlight/highlight.js" "Mozilla/5.0 (Windows NT 10.0; Win64; x64) AppleWebKit/537.36 (KHTML, like Gecko) Chrome/91.0.4472.124 Safari/537.36"
77.166.38.94 - - [15/May/2015:16:06:48 +0000] "GET /images/kibana-search.png HTTP/1.1" 200 19345 "http://somedomain.com/favicon.ico" "Mozilla/5.0 (iPhone; CPU iPhone OS 14_6 like Mac OS X) AppleWebKit/605.1.15 (KHTML, like Gecko) Version/14.1.1 Mobile/15E148 Safari/604.1"
77.166.38.94 - - [24/May/2015:07:26:42 +0000] "GET /plugin/highlight/highlight.js HTTP/1.1" 200 355143 "http://somedomain.com/contact" "Mozilla/5.0 (Windows NT 10.0; Win64; x64) AppleWebKit/537.36 (KHTML, like Gecko) Chrome/91.0.4472.124 Safari/537.36"
92.149.9.216 - - [1/May/2015:11:03:57 +0000] "GET /images/kibana-search.png HTTP/1.1" 200 109474 "http://somedomain.com/images/kibana-search.png" "Mozilla/5.0 (iPhone; CPU iPhone OS 14_6 like Mac OS X) AppleWebKit/605.1.15 (KHTML, like Gecko) Version/14.1.1 Mobile/15E148 Safari/604.1"
91.205.77.123 - - [4/May/2015:17:32:45 +0000] "GET /favicon.ico HTTP/1.1" 200 136846 "http://somedomain.com/contact" "Mozilla/5.0 (iPhone; CPU iPhone OS 14_6 like Mac OS X) AppleWebKit/605.1.15 (KHTML, like Gecko) Version/14.1.1 Mobile/15E148 Safari/604.1"
84.199.32.167 - - [8/May/2015:12:36:02 +0000] "GET /images/kibana-search.png HTTP/1.1" 200 25381 "http://somedomain.com/images/kibana-dashboard3.png" "Mozilla/5.0 (Windows NT 10.0; Win64; x64) AppleWebKit/537.36 (KHTML, like Gecko) Chrome/91.0.4472.124 Safari/537.36"
84.199.32.167 - - [29/May/2015:08:34:49 +0000] "GET /images/kibana-dashboard3.png HTTP/1.1" 200 484546 "http://somedomain.com/images/kibana-search.png" "Mozilla/5.0 (iPhone; CPU iPhone OS 14_6 like Mac OS X) AppleWebKit/605.1.15 (KHTML, like Gecko) Version/14.1.1 Mobile/15E148 Safari/604.1"
8.49.39.221 - - [22/May/2015:19:50:05 +0000] "GET /favicon.ico HTTP/1.1" 200 491570 "http://somedomain.com/images/kibana-dashboard3.png" "Mozilla/5.0 (Windows NT 10.0; Win64; x64) AppleWebKit/537.36 (KHTML, like Gecko) Chrome/91.0.4472.124 Safari/537.36"
92.149.9.216 - - [17/May/2015:14:06:40 +0000] "GET /js/app.js HTTP/1.1" 200 227802 "http://somedomain.com/images/kibana-search.png" "Mozilla/5.0 (Windows NT 10.0; Win64; x64) AppleWebKit/537.36 (KHTML, like Gecko) Chrome/91.0.4472.124 Safari/537.36"
78.201.15.89 - - [18/May/2015:23:12:27 +0000] "GET /images/kibana-dashboard3.png HTTP/1.1" 200 245794 "http://somedomain.com/plugin/zoom-js/zoom.js" "Mozilla/5.0 (Macintosh; Intel Mac OS X 10_15_7) AppleWebKit/605.1.15 (KHTML, like Gecko) Version/14.1.1 Safari/605.1.15"
79.132.49.176 - - [12/May/2015:20:23:10 +0000] "GET /about HTTP/1.1" 200 463151 "http://somedomain.com/about" "Mozilla/5.0 (iPhone; CPU iPhone OS 14_6 like Mac OS X) AppleWebKit/605.1.15 (KHTML, like Gecko) Version/14.1.1 Mobile/15E148 Safari/604.1"
8.49.39.221 - - [28/May/2015:17:12:20 +0000] "GET /plugin/highlight/highlight.js HTTP/1.1" 200 425734 "http://somedomain.com/api/data" "Mozilla/5.0 (iPhone; CPU iPhone OS 14_6 like Mac OS X) AppleWebKit/605.1.15 (KHTML, like Gecko) Version/14.1.1 Mobile/15E148 Safari/604.1"
92.149.9.216 - - [15/May/2015:15:19:26 +0000] "GET /api/data HTTP/1.1" 200 419325 "http://somedomain.com/images/kibana-search.png" "Mozilla/5.0 (iPhone; CPU iPhone OS 14_6 like Mac OS X) AppleWebKit/605.1.15 (KHTML, like Gecko) Version/14.1.1 Mobile/15E148 Safari/604.1"
83.137.9.216 - - [20/May/2015:14:02:22 +0000] "GET /css/styles.css HTTP/1.1" 200 280589 "http://somedomain.com/images/kibana-dashboard3.png" "Mozilla/5.0 (Windows NT 10.0; Win64; x64) AppleWebKit/537.36 (KHTML, like Gecko) Chrome/91.0.4472.124 Safari/537.36"
83.137.9.216 - - [15/May/2015:14:56:05 +0000] "GET /favicon.ico HTTP/1.1" 200 385265 "http://somedomain.com/api/data" "Mozilla/5.0 (Windows NT 10.0; Win64; x64) AppleWebKit/537.36 (KHTML, like Gecko) Chrome/91.0.4472.124 Safari/537.36"
92.149.9.216 - - [13/May/2015:16:09:11 +0000] "GET /images/kibana-search.png HTTP/1.1" 200 428293 "http://somedomain.com/images/kibana-search.png" "Mozilla/5.0 (Windows NT 10.0; Win64; x64) AppleWebKit/537.36 (KHTML, like Gecko) Chrome/91.0.4472.124 Safari/537.36"
72.158.11.201 - - [4/May/2015:08:18:50 +0000] "GET /js/app.js HTTP/1.1" 200 464956 "http://somedomain.com/plugin/highlight/highlight.js" "Mozilla/5.0 (iPhone; CPU iPhone OS 14_6 like Mac OS X) AppleWebKit/605.1.15 (KHTML, like Gecko) Version/14.1.1 Mobile/15E148 Safari/604.1"
78.201.15.89 - - [22/May/2015:05:13:17 +0000] "GET /plugin/highlight/highlight.js HTTP/1.1" 200 417957 "http://somedomain.com/about" "Mozilla/5.0 (iPhone; CPU iPhone OS 14_6 like Mac OS X) AppleWebKit/605.1.15 (KHTML, like Gecko) Version/14.1.1 Mobile/15E148 Safari/604.1"
83.137.9.216 - - [6/May/2015:15:48:48 +0000] "GET /css/styles.css HTTP/1.1" 200 436757 "http://somedomain.com/about" "Mozilla/5.0 (Windows NT 10.0; Win64; x64) AppleWebKit/537.36 (KHTML, like Gecko) Chrome/91.0.4472.124 Safari/537.36"
82.149.9.216 - - [2/May/2015:15:55:02 +0000] "GET /images/kibana-search.png HTTP/1.1" 200 56484 "http://somedomain.com/favicon.ico" "Mozilla/5.0 (Macintosh; Intel Mac OS X 10_15_7) AppleWebKit/605.1.15 (KHTML, like Gecko) Version/14.1.1 Safari/605.1.15"
83.137.9.216 - - [13/May/2015:23:15:46 +0000] "GET /css/styles.css HTTP/1.1" 200 342756 "http://somedomain.com/images/kibana-dashboard3.png" "Mozilla/5.0 (iPhone; CPU iPhone OS 14_6 like Mac OS X) AppleWebKit/605.1.15 (KHTML, like Gecko) Version/14.1.1 Mobile/15E148 Safari/604.1"
65.189.22.45 - - [16/May/2015:12:30:33 +0000] "GET /plugin/highlight/highlight.js HTTP/1.1" 200 130086 "http://somedomain.com/images/kibana-dashboard3.png" "Mozilla/5.0 (iPhone; CPU iPhone OS 14_6 like Mac OS X) AppleWebKit/605.1.15 (KHTML, like Gecko) Version/14.1.1 Mobile/15E148 Safari/604.1"
72.158.11.201 - - [27/May/2015:18:06:29 +0000] "GET /plugin/highlight/highlight.js HTTP/1.1" 200 371155 "http://somedomain.com/api/data" "Mozilla/5.0 (Windows NT 10.0; Win64; x64) AppleWebKit/537.36 (KHTML, like Gecko) Chrome/91.0.4472.124 Safari/537.36"
8.49.39.221 - - [4/May/2015:23:20:29 +0000] "GET /plugin/zoom-js/zoom.js HTTP/1.1" 200 287972 "http://somedomain.com/plugin/highlight/highlight.js" "Mozilla/5.0 (Macintosh; Intel Mac OS X 10_15_7) AppleWebKit/605.1.15 (KHTML, like Gecko) Version/14.1.1 Safari/605.1.15"
72.158.11.201 - - [24/May/2015:15:29:03 +0000] "GET /about HTTP/1.1" 404 128684 "http://somedomain.com/plugin/highlight/highlight.js" "Mozilla/5.0 (Windows NT 10.0; Win64; x64) AppleWebKit/537.36 (KHTML, like Gecko) Chrome/91.0.4472.124 Safari/537.36"
92.149.9.216 - - [27/May/2015:16:57:13 +0000] "GET /favicon.ico HTTP/1.1" 200 13421 "http://somedomain.com/css/styles.css" "Mozilla/5.0 (Macintosh; Intel Mac OS X 10_15_7) AppleWebKit/605.1.15 (KHTML, like Gecko) Version/14.1.1 Safari/605.1.15"
79.132.49.176 - - [7/May/2015:17:26:01 +0000] "GET /js/app.js HTTP/1.1" 200 335684 "http://somedomain.com/images/kibana-search.png" "Mozilla/5.0 (Macintosh; Intel Mac OS X 10_15_7) AppleWebKit/605.1.15 (KHTML, like Gecko) Version/14.1.1 Safari/605.1.15"
92.149.9.216 - - [8/May/2015:10:39:52 +0000] "GET /about HTTP/1.1" 200 216212 "http://somedomain.com/js/app.js" "Mozilla/5.0 (Macintosh; Intel Mac OS X 10_15_7) AppleWebKit/605.1.15 (KHTML, like Gecko) Version/14.1.1 Safari/605.1.15"
92.149.9.216 - - [13/May/2015:13:10:34 +0000] "GET /images/kibana-dashboard3.png HTTP/1.1" 200 137747 "http://somedomain.com/images/kibana-search.png" "Mozilla/5.0 (Windows NT 10.0; Win64; x64) AppleWebKit/537.36 (KHTML, like Gecko) Chrome/91.0.4472.124 Safari/537.36"
81.199.53.102 - - [14/May/2015:14:06:08 +0000] "GET /images/kibana-dashboard3.png HTTP/1.1" 200 217711 "http://somedomain.com/about" "Mozilla/5.0 (Macintosh; Intel Mac OS X 10_15_7) AppleWebKit/605.1.15 (KHTML, like Gecko) Version/14.1.1 Safari/605.1.15"
78.201.15.89 - - [31/May/2015:18:54:08 +0000] "GET /favicon.ico HTTP/1.1" 200 151951 "http://somedomain.com/css/styles.css" "Mozilla/5.0 (Macintosh; Intel Mac OS X 10_15_7) AppleWebKit/605.1.15 (KHTML, like Gecko) Version/14.1.1 Safari/605.1.15"
8.49.39.221 - - [20/May/2015:20:14:17 +0000] "GET /api/data HTTP/1.1" 200 498567 "http://somedomain.com/images/kibana-search.png" "Mozilla/5.0 (Macintosh; Intel Mac OS X 10_15_7) AppleWebKit/605.1.15 (KHTML, like Gecko) Version/14.1.1 Safari/605.1.15"
91.205.77.123 - - [29/May/2015:12:18:12 +0000] "GET /about HTTP/1.1" 200 463224 "http://somedomain.com/images/kibana-dashboard3.png" "Mozilla/5.0 (Windows NT 10.0; Win64; x64) AppleWebKit/537.36 (KHTML, like Gecko) Chrome/91.0.4472.124 Safari/537.36"
76.144.19.200 - - [6/May/2015:13:22:38 +0000] "GET /api/data HTTP/1.1" 404 477089 "http://somedomain.com/css/styles.css" "Mozilla/5.0 (iPhone; CPU iPhone OS 14_6 like Mac OS X) AppleWebKit/605.1.15 (KHTML, like Gecko) Version/14.1.1 Mobile/15E148 Safari/604.1"
72.158.11.201 - - [29/May/2015:00:32:44 +0000] "GET /js/app.js HTTP/1.1" 200 445992 "http://somedomain.com/images/kibana-search.png" "Mozilla/5.0 (iPhone; CPU iPhone OS 14_6 like Mac OS X) AppleWebKit/605.1.15 (KHTML, like Gecko) Version/14.1.1 Mobile/15E148 Safari/604.1"
69.211.88.92 - - [3/May/2015:13:19:52 +0000] "GET /api/data HTTP/1.1" 200 231038 "http://somedomain.com/plugin/highlight/highlight.js" "Mozilla/5.0 (iPhone; CPU iPhone OS 14_6 like Mac OS X) AppleWebKit/605.1.15 (KHTML, like Gecko) Version/14.1.1 Mobile/15E148 Safari/604.1"
92.149.9.216 - - [7/May/2015:11:09:20 +0000] "GET /plugin/zoom-js/zoom.js HTTP/1.1" 200 487673 "http://somedomain.com/contact" "Mozilla/5.0 (iPhone; CPU iPhone OS 14_6 like Mac OS X) AppleWebKit/605.1.15 (KHTML, like Gecko) Version/14.1.1 Mobile/15E148 Safari/604.1"
8.49.39.221 - - [11/May/2015:10:43:58 +0000] "GET /css/styles.css HTTP/1.1" 200 288577 "http://somedomain.com/images/kibana-dashboard3.png" "Mozilla/5.0 (Windows NT 10.0; Win64; x64) AppleWebKit/537.36 (KHTML, like Gecko) Chrome/91.0.4472.124 Safari/537.36"
95.207.60.131 - - [29/May/2015:09:37:49 +0000] "GET /about HTTP/1.1" 200 222274 "http://somedomain.com/plugin/highlight/highlight.js" "Mozilla/5.0 (iPhone; CPU iPhone OS 14_6 like Mac OS X) AppleWebKit/605.1.15 (KHTML, like Gecko) Version/14.1.1 Mobile/15E148 Safari/604.1"
92.149.9.216 - - [25/May/2015:08:31:45 +0000] "GET /css/styles.css HTTP/1.1" 200 41185 "http://somedomain.com/js/app.js" "Mozilla/5.0 (iPhone; CPU iPhone OS 14_6 like Mac OS X) AppleWebKit/605.1.15 (KHTML, like Gecko) Version/14.1.1 Mobile/15E148 Safari/604.1"
72.158.11.201 - - [28/May/2015:13:57:51 +0000] "GET /images/kibana-search.png HTTP/1.1" 200 39689 "http://somedomain.com/images/kibana-dashboard3.png" "Mozilla/5.0 (iPhone; CPU iPhone OS 14_6 like Mac OS X) AppleWebKit/605.1.15 (KHTML, like Gecko) Version/14.1.1 Mobile/15E148 Safari/604.1"
65.189.22.45 - - [11/May/2015:11:16:31 +0000] "GET /images/kibana-dashboard3.png HTTP/1.1" 200 283326 "http://somedomain.com/about" "Mozilla/5.0 (Macintosh; Intel Mac OS X 10_15_7) AppleWebKit/605.1.15 (KHTML, like Gecko) Version/14.1.1 Safari/605.1.15"
93.155.66.81 - - [19/May/2015:12:45:14 +0000] "GET /api/data HTTP/1.1" 200 327628 "http://somedomain.com/about" "Mozilla/5.0 (iPhone; CPU iPhone OS 14_6 like Mac OS X) AppleWebKit/605.1.15 (KHTML, like Gecko) Version/14.1.1 Mobile/15E148 Safari/604.1"
85.227.44.109 - - [30/May/2015:11:21:36 +0000] "GET /plugin/highlight/highlight.js HTTP/1.1" 200 78060 "http://somedomain.com/contact" "Mozilla/5.0 (Windows NT 10.0; Win64; x64) AppleWebKit/537.36 (KHTML, like Gecko) Chrome/91.0.4472.124 Safari/537.36"
82.149.9.216 - - [15/May/2015:16:58:59 +0000] "GET /js/app.js HTTP/1.1" 200 422277 "http://somedomain.com/js/app.js" "Mozilla/5.0 (Macintosh; Intel Mac OS X 10_15_7) AppleWebKit/605.1.15 (KHTML, like Gecko) Version/14.1.1 Safari/605.1.15"
8.49.39.221 - - [23/May/2015:07:49:24 +0000] "GET /favicon.ico HTTP/1.1" 200 332926 "http://somedomain.com/css/styles.css" "Mozilla/5.0 (Macintosh; Intel Mac OS X 10_15_7) AppleWebKit/605.1.15 (KHTML, like Gecko) Version/14.1.1 Safari/605.1.15"
78.201.15.89 - - [29/May/2015:08:20:24 +0000] "GET /contact HTTP/1.1" 200 363815 "http://somedomain.com/js/app.js" "Mozilla/5.0 (Windows NT 10.0; Win64; x64) AppleWebKit/537.36 (KHTML, like Gecko) Chrome/91.0.4472.124 Safari/537.36"
83.137.9.216 - - [9/May/2015:10:39:57 +0000] "GET /images/kibana-search.png HTTP/1.1" 200 189599 "http://somedomain.com/images/kibana-search.png" "Mozilla/5.0 (Windows NT 10.0; Win64; x64) AppleWebKit/537.36 (KHTML, like Gecko) Chrome/91.0.4472.124 Safari/537.36"
95.207.60.131 - - [9/May/2015:04:25:07 +0000] "GET /images/kibana-dashboard3.png HTTP/1.1" 200 413350 "http://somedomain.com/api/data" "Mozilla/5.0 (Macintosh; Intel Mac OS X 10_15_7) AppleWebKit/605.1.15 (KHTML, like Gecko) Version/14.1.1 Safari/605.1.15"
82.149.9.216 - - [20/May/2015:10:18:33 +0000] "GET /css/styles.css HTTP/1.1" 200 165728 "http://somedomain.com/api/data" "Mozilla/5.0 (Macintosh; Intel Mac OS X 10_15_7) AppleWebKit/605.1.15 (KHTML, like Gecko) Version/14.1.1 Safari/605.1.15"
84.199.32.167 - - [4/May/2015:18:06:34 +0000] "GET /favicon.ico HTTP/1.1" 200 45109 "http://somedomain.com/api/data" "Mozilla/5.0 (iPhone; CPU iPhone OS 14_6 like Mac OS X) AppleWebKit/605.1.15 (KHTML, like Gecko) Version/14.1.1 Mobile/15E148 Safari/604.1"
65.189.22.45 - - [16/May/2015:17:46:46 +0000] "GET /contact HTTP/1.1" 200 432100 "http://somedomain.com/contact" "Mozilla/5.0 (Macintosh; Intel Mac OS X 10_15_7) AppleWebKit/605.1.15 (KHTML, like Gecko) Version/14.1.1 Safari/605.1.15"
72.158.11.201 - - [13/May/2015:13:43:55 +0000] "GET /images/kibana-dashboard3.png HTTP/1.1" 200 498479 "http://somedomain.com/images/kibana-dashboard3.png" "Mozilla/5.0 (Windows NT 10.0; Win64; x64) AppleWebKit/537.36 (KHTML, like Gecko) Chrome/91.0.4472.124 Safari/537.36"
83.137.9.216 - - [5/May/2015:10:17:14 +0000] "GET /images/kibana-search.png HTTP/1.1" 200 264288 "http://somedomain.com/js/app.js" "Mozilla/5.0 (iPhone; CPU iPhone OS 14_6 like Mac OS X) AppleWebKit/605.1.15 (KHTML, like Gecko) Version/14.1.1 Mobile/15E148 Safari/604.1"
93.155.66.81 - - [3/May/2015:10:42:01 +0000] "GET /images/kibana-dashboard3.png HTTP/1.1" 200 336091 "http://somedomain.com/images/kibana-search.png" "Mozilla/5.0 (Windows NT 10.0; Win64; x64) AppleWebKit/537.36 (KHTML, like Gecko) Chrome/91.0.4472.124 Safari/537.36"
78.201.15.89 - - [3/May/2015:22:58:09 +0000] "GET /favicon.ico HTTP/1.1" 200 12984 "http://somedomain.com/js/app.js" "Mozilla/5.0 (Windows NT 10.0; Win64; x64) AppleWebKit/537.36 (KHTML, like Gecko) Chrome/91.0.4472.124 Safari/537.36"
82.149.9.216 - - [26/May/2015:15:54:41 +0000] "GET /contact HTTP/1.1" 200 186481 "http://somedomain.com/about" "Mozilla/5.0 (iPhone; CPU iPhone OS 14_6 like Mac OS X) AppleWebKit/605.1.15 (KHTML, like Gecko) Version/14.1.1 Mobile/15E148 Safari/604.1"
83.137.9.216 - - [21/May/2015:11:00:13 +0000] "GET /images/kibana-dashboard3.png HTTP/1.1" 200 69751 "http://somedomain.com/about" "Mozilla/5.0 (Macintosh; Intel Mac OS X 10_15_7) AppleWebKit/605.1.15 (KHTML, like Gecko) Version/14.1.1 Safari/605.1.15"
78.201.15.89 - - [25/May/2015:13:08:23 +0000] "GET /plugin/zoom-js/zoom.js HTTP/1.1" 200 358424 "http://somedomain.com/about" "Mozilla/5.0 (Macintosh; Intel Mac OS X 10_15_7) AppleWebKit/605.1.15 (KHTML, like Gecko) Version/14.1.1 Safari/605.1.15"
8.49.39.221 - - [2/May/2015:11:46:42 +0000] "GET /images/kibana-search.png HTTP/1.1" 200 430194 "http://somedomain.com/about" "Mozilla/5.0 (iPhone; CPU iPhone OS 14_6 like Mac OS X) AppleWebKit/605.1.15 (KHTML, like Gecko) Version/14.1.1 Mobile/15E148 Safari/604.1"
84.199.32.167 - - [18/May/2015:15:36:08 +0000] "GET /plugin/zoom-js/zoom.js HTTP/1.1" 200 169997 "http://somedomain.com/plugin/highlight/highlight.js" "Mozilla/5.0 (Windows NT 10.0; Win64; x64) AppleWebKit/537.36 (KHTML, like Gecko) Chrome/91.0.4472.124 Safari/537.36"
91.205.77.123 - - [28/May/2015:12:45:55 +0000] "GET /contact HTTP/1.1" 200 8702 "http://somedomain.com/js/app.js" "Mozilla/5.0 (iPhone; CPU iPhone OS 14_6 like Mac OS X) AppleWebKit/605.1.15 (KHTML, like Gecko) Version/14.1.1 Mobile/15E148 Safari/604.1"
85.227.44.109 - - [6/May/2015:12:07:39 +0000] "GET /plugin/zoom-js/zoom.js HTTP/1.1" 200 155448 "http://somedomain.com/images/kibana-dashboard3.png" "Mozilla/5.0 (Macintosh; Intel Mac OS X 10_15_7) AppleWebKit/605.1.15 (KHTML, like Gecko) Version/14.1.1 Safari/605.1.15"
94.188.25.117 - - [7/May/2015:14:07:12 +0000] "GET /images/kibana-dashboard3.png HTTP/1.1" 200 354850 "http://somedomain.com/plugin/highlight/highlight.js" "Mozilla/5.0 (Windows NT 10.0; Win64; x64) AppleWebKit/537.36 (KHTML, like Gecko) Chrome/91.0.4472.124 Safari/537.36"
8.49.39.221 - - [10/May/2015:13:09:14 +0000] "GET /favicon.ico HTTP/1.1" 304 245267 "http://somedomain.com/plugin/zoom-js/zoom.js" "Mozilla/5.0 (Macintosh; Intel Mac OS X 10_15_7) AppleWebKit/605.1.15 (KHTML, like Gecko) Version/14.1.1 Safari/605.1.15"
72.158.11.201 - - [6/May/2015:16:34:11 +0000] "GET /js/app.js HTTP/1.1" 200 100312 "http://somedomain.com/js/app.js" "Mozilla/5.0 (Windows NT 10.0; Win64; x64) AppleWebKit/537.36 (KHTML, like Gecko) Chrome/91.0.4472.124 Safari/537.36"
81.199.53.102 - - [21/May/2015:15:21:26 +0000] "GET /images/kibana-search.png HTTP/1.1" 200 188182 "http://somedomain.com/css/styles.css" "Mozilla/5.0 (Windows NT 10.0; Win64; x64) AppleWebKit/537.36 (KHTML, like Gecko) Chrome/91.0.4472.124 Safari/537.36"
79.132.49.176 - - [11/May/2015:15:36:29 +0000] "GET /plugin/highlight/highlight.js HTTP/1.1" 200 173686 "http://somedomain.com/js/app.js" "Mozilla/5.0 (iPhone; CPU iPhone OS 14_6 like Mac OS X) AppleWebKit/605.1.15 (KHTML, like Gecko) Version/14.1.1 Mobile/15E148 Safari/604.1"
95.207.60.131 - - [31/May/2015:17:06:58 +0000] "GET /images/kibana-dashboard3.png HTTP/1.1" 200 433811 "http://somedomain.com/images/kibana-search.png" "Mozilla/5.0 (Windows NT 10.0; Win64; x64) AppleWebKit/537.36 (KHTML, like Gecko) Chrome/91.0.4472.124 Safari/537.36"
95.207.60.131 - - [15/May/2015:17:33:49 +0000] "GET /css/styles.css HTTP/1.1" 200 25888 "http://somedomain.com/about" "Mozilla/5.0 (Windows NT 10.0; Win64; x64) AppleWebKit/537.36 (KHTML, like Gecko) Chrome/91.0.4472.124 Safari/537.36"
8.49.39.221 - - [21/May/2015:16:15:56 +0000] "GET /js/app.js HTTP/1.1" 200 426010 "http://somedomain.com/plugin/highlight/highlight.js" "Mozilla/5.0 (Windows NT 10.0; Win64; x64) AppleWebKit/537.36 (KHTML, like Gecko) Chrome/91.0.4472.124 Safari/537.36"
72.158.11.201 - - [25/May/2015:18:54:27 +0000] "GET /plugin/zoom-js/zoom.js HTTP/1.1" 200 25741 "http://somedomain.com/api/data" "Mozilla/5.0 (Windows NT 10.0; Win64; x64) AppleWebKit/537.36 (KHTML, like Gecko) Chrome/91.0.4472.124 Safari/537.36"
8.49.39.221 - - [1/May/2015:16:50:51 +0000] "GET /plugin/highlight/highlight.js HTTP/1.1" 200 88065 "http://somedomain.com/about" "Mozilla/5.0 (Windows NT 10.0; Win64; x64) AppleWebKit/537.36 (KHTML, like Gecko) Chrome/91.0.4472.124 Safari/537.36"
72.158.11.201 - - [14/May/2015:12:35:45 +0000] "GET /api/data HTTP/1.1" 200 207794 "http://somedomain.com/images/kibana-search.png" "Mozilla/5.0 (iPhone; CPU iPhone OS 14_6 like Mac OS X) AppleWebKit/605.1.15 (KHTML, like Gecko) Version/14.1.1 Mobile/15E148 Safari/604.1"
78.201.15.89 - - [25/May/2015:16:35:27 +0000] "GET /plugin/highlight/highlight.js HTTP/1.1" 200 131104 "http://somedomain.com/api/data" "Mozilla/5.0 (Macintosh; Intel Mac OS X 10_15_7) AppleWebKit/605.1.15 (KHTML, like Gecko) Version/14.1.1 Safari/605.1.15"
69.211.88.92 - - [18/May/2015:15:58:53 +0000] "GET /js/app.js HTTP/1.1" 200 299736 "http://somedomain.com/about" "Mozilla/5.0 (Macintosh; Intel Mac OS X 10_15_7) AppleWebKit/605.1.15 (KHTML, like Gecko) Version/14.1.1 Safari/605.1.15"
85.227.44.109 - - [27/May/2015:16:55:13 +0000] "GET /about HTTP/1.1" 200 314588 "http://somedomain.com/images/kibana-dashboard3.png" "Mozilla/5.0 (Macintosh; Intel Mac OS X 10_15_7) AppleWebKit/605.1.15 (KHTML, like Gecko) Version/14.1.1 Safari/605.1.15"
93.155.66.81 - - [30/May/2015:17:21:58 +0000] "GET /images/kibana-search.png HTTP/1.1" 200 183087 "http://somedomain.com/api/data" "Mozilla/5.0 (Windows NT 10.0; Win64; x64) AppleWebKit/537.36 (KHTML, like Gecko) Chrome/91.0.4472.124 Safari/537.36"
92.149.9.216 - - [13/May/2015:07:43:56 +0000] "GET /about HTTP/1.1" 200 379953 "http://somedomain.com/css/styles.css" "Mozilla/5.0 (iPhone; CPU iPhone OS 14_6 like Mac OS X) AppleWebKit/605.1.15 (KHTML, like Gecko) Version/14.1.1 Mobile/15E148 Safari/604.1"
84.199.32.167 - - [22/May/2015:11:16:08 +0000] "GET /images/kibana-search.png HTTP/1.1" 200 54888 "http://somedomain.com/about" "Mozilla/5.0 (Windows NT 10.0; Win64; x64) AppleWebKit/537.36 (KHTML, like Gecko) Chrome/91.0.4472.124 Safari/537.36"
69.211.88.92 - - [26/May/2015:12:28:43 +0000] "GET /images/kibana-search.png HTTP/1.1" 200 117891 "http://somedomain.com/about" "Mozilla/5.0 (Windows NT 10.0; Win64; x64) AppleWebKit/537.36 (KHTML, like Gecko) Chrome/91.0.4472.124 Safari/537.36"
8.49.39.221 - - [21/May/2015:22:02:11 +0000] "GET /js/app.js HTTP/1.1" 200 25800 "http://somedomain.com/api/data" "Mozilla/5.0 (Windows NT 10.0; Win64; x64) AppleWebKit/537.36 (KHTML, like Gecko) Chrome/91.0.4472.124 Safari/537.36"
76.144.19.200 - - [2/May/2015:14:10:40 +0000] "GET /contact HTTP/1.1" 200 331957 "http://somedomain.com/favicon.ico" "Mozilla/5.0 (iPhone; CPU iPhone OS 14_6 like Mac OS X) AppleWebKit/605.1.15 (KHTML, like Gecko) Version/14.1.1 Mobile/15E148 Safari/604.1"
92.149.9.216 - - [31/May/2015:15:14:11 +0000] "GET /about HTTP/1.1" 200 23642 "http://somedomain.com/plugin/zoom-js/zoom.js" "Mozilla/5.0 (iPhone; CPU iPhone OS 14_6 like Mac OS X) AppleWebKit/605.1.15 (KHTML, like Gecko) Version/14.1.1 Mobile/15E148 Safari/604.1"
83.137.9.216 - - [5/May/2015:19:33:29 +0000] "GET /js/app.js HTTP/1.1" 200 98026 "http://somedomain.com/favicon.ico" "Mozilla/5.0 (iPhone; CPU iPhone OS 14_6 like Mac OS X) AppleWebKit/605.1.15 (KHTML, like Gecko) Version/14.1.1 Mobile/15E148 Safari/604.1"
92.149.9.216 - - [23/May/2015:08:14:10 +0000] "GET /favicon.ico HTTP/1.1" 200 128106 "http://somedomain.com/plugin/zoom-js/zoom.js" "Mozilla/5.0 (Windows NT 10.0; Win64; x64) AppleWebKit/537.36 (KHTML, like Gecko) Chrome/91.0.4472.124 Safari/537.36"
69.211.88.92 - - [5/May/2015:17:43:49 +0000] "GET /js/app.js HTTP/1.1" 200 317441 "http://somedomain.com/about" "Mozilla/5.0 (iPhone; CPU iPhone OS 14_6 like Mac OS X) AppleWebKit/605.1.15 (KHTML, like Gecko) Version/14.1.1 Mobile/15E148 Safari/604.1"
82.149.9.216 - - [9/May/2015:15:04:16 +0000] "GET /api/data HTTP/1.1" 200 363183 "http://somedomain.com/api/data" "Mozilla/5.0 (Macintosh; Intel Mac OS X 10_15_7) AppleWebKit/605.1.15 (KHTML, like Gecko) Version/14.1.1 Safari/605.1.15"
94.188.25.117 - - [16/May/2015:14:56:33 +0000] "GET /images/kibana-dashboard3.png HTTP/1.1" 200 76376 "http://somedomain.com/js/app.js" "Mozilla/5.0 (Macintosh; Intel Mac OS X 10_15_7) AppleWebKit/605.1.15 (KHTML, like Gecko) Version/14.1.1 Safari/605.1.15"
83.137.9.216 - - [2/May/2015:17:08:48 +0000] "GET /images/kibana-search.png HTTP/1.1" 200 111701 "http://somedomain.com/css/styles.css" "Mozilla/5.0 (Windows NT 10.0; Win64; x64) AppleWebKit/537.36 (KHTML, like Gecko) Chrome/91.0.4472.124 Safari/537.36"
83.137.9.216 - - [30/May/2015:16:07:08 +0000] "GET /css/styles.css HTTP/1.1" 200 260096 "http://somedomain.com/plugin/zoom-js/zoom.js" "Mozilla/5.0 (Windows NT 10.0; Win64; x64) AppleWebKit/537.36 (KHTML, like Gecko) Chrome/91.0.4472.124 Safari/537.36"
65.189.22.45 - - [25/May/2015:11:23:51 +0000] "GET /images/kibana-search.png HTTP/1.1" 200 415495 "http://somedomain.com/js/app.js" "Mozilla/5.0 (Windows NT 10.0; Win64; x64) AppleWebKit/537.36 (KHTML, like Gecko) Chrome/91.0.4472.124 Safari/537.36"
96.213.70.145 - - [19/May/2015:17:57:23 +0000] "GET /plugin/zoom-js/zoom.js HTTP/1.1" 200 499187 "http://somedomain.com/images/kibana-dashboard3.png" "Mozilla/5.0 (Macintosh; Intel Mac OS X 10_15_7) AppleWebKit/605.1.15 (KHTML, like Gecko) Version/14.1.1 Safari/605.1.15"
72.158.11.201 - - [10/May/2015:11:13:01 +0000] "GET /images/kibana-dashboard3.png HTTP/1.1" 200 492591 "http://somedomain.com/favicon.ico" "Mozilla/5.0 (Windows NT 10.0; Win64; x64) AppleWebKit/537.36 (KHTML, like Gecko) Chrome/91.0.4472.124 Safari/537.36"
85.227.44.109 - - [3/May/2015:20:15:05 +0000] "GET /images/kibana-search.png HTTP/1.1" 200 205144 "http://somedomain.com/about" "Mozilla/5.0 (iPhone; CPU iPhone OS 14_6 like Mac OS X) AppleWebKit/605.1.15 (KHTML, like Gecko) Version/14.1.1 Mobile/15E148 Safari/604.1"
8.49.39.221 - - [8/May/2015:12:17:16 +0000] "GET /css/styles.css HTTP/1.1" 404 490260 "http://somedomain.com/about" "Mozilla/5.0 (iPhone; CPU iPhone OS 14_6 like Mac OS X) AppleWebKit/605.1.15 (KHTML, like Gecko) Version/14.1.1 Mobile/15E148 Safari/604.1"
69.211.88.92 - - [12/May/2015:10:03:20 +0000] "GET /css/styles.css HTTP/1.1" 200 270311 "http://somedomain.com/images/kibana-dashboard3.png" "Mozilla/5.0 (Macintosh; Intel Mac OS X 10_15_7) AppleWebKit/605.1.15 (KHTML, like Gecko) Version/14.1.1 Safari/605.1.15"
96.213.70.145 - - [4/May/2015:19:07:50 +0000] "GET /about HTTP/1.1" 200 362028 "http://somedomain.com/images/kibana-search.png" "Mozilla/5.0 (Macintosh; Intel Mac OS X 10_15_7) AppleWebKit/605.1.15 (KHTML, like Gecko) Version/14.1.1 Safari/605.1.15"
83.137.9.216 - - [3/May/2015:14:46:40 +0000] "GET /plugin/zoom-js/zoom.js HTTP/1.1" 304 223917 "http://somedomain.com/api/data" "Mozilla/5.0 (Windows NT 10.0; Win64; x64) AppleWebKit/537.36 (KHTML, like Gecko) Chrome/91.0.4472.124 Safari/537.36"
84.199.32.167 - - [1/May/2015:03:12:53 +0000] "GET /js/app.js HTTP/1.1" 200 306847 "http://somedomain.com/contact" "Mozilla/5.0 (Windows NT 10.0; Win64; x64) AppleWebKit/537.36 (KHTML, like Gecko) Chrome/91.0.4472.124 Safari/537.36"
83.137.9.216 - - [17/May/2015:11:33:26 +0000] "GET /api/data HTTP/1.1" 200 280194 "http://somedomain.com/favicon.ico" "Mozilla/5.0 (iPhone; CPU iPhone OS 14_6 like Mac OS X) AppleWebKit/605.1.15 (KHTML, like Gecko) Version/14.1.1 Mobile/15E148 Safari/604.1"
82.149.9.216 - - [13/May/2015:14:06:04 +0000] "GET /contact HTTP/1.1" 200 183017 "http://somedomain.com/images/kibana-search.png" "Mozilla/5.0 (Macintosh; Intel Mac OS X 10_15_7) AppleWebKit/605.1.15 (KHTML, like Gecko) Version/14.1.1 Safari/605.1.15"
72.158.11.201 - - [3/May/2015:17:46:48 +0000] "GET /favicon.ico HTTP/1.1" 200 422752 "http://somedomain.com/contact" "Mozilla/5.0 (Windows NT 10.0; Win64; x64) AppleWebKit/537.36 (KHTML, like Gecko) Chrome/91.0.4472.124 Safari/537.36"
72.158.11.201 - - [5/May/2015:11:16:20 +0000] "GET /images/kibana-search.png HTTP/1.1" 200 384317 "http://somedomain.com/api/data" "Mozilla/5.0 (Macintosh; Intel Mac OS X 10_15_7) AppleWebKit/605.1.15 (KHTML, like Gecko) Version/14.1.1 Safari/605.1.15"
8.49.39.221 - - [24/May/2015:10:31:09 +0000] "GET /js/app.js HTTP/1.1" 200 102495 "http://somedomain.com/api/data" "Mozilla/5.0 (Macintosh; Intel Mac OS X 10_15_7) AppleWebKit/605.1.15 (KHTML, like Gecko) Version/14.1.1 Safari/605.1.15"
76.144.19.200 - - [31/May/2015:14:00:34 +0000] "GET /contact HTTP/1.1" 200 145400 "http://somedomain.com/api/data" "Mozilla/5.0 (iPhone; CPU iPhone OS 14_6 like Mac OS X) AppleWebKit/605.1.15 (KHTML, like Gecko) Version/14.1.1 Mobile/15E148 Safari/604.1"
78.201.15.89 - - [15/May/2015:15:34:51 +0000] "GET /css/styles.css HTTP/1.1" 200 411299 "http://somedomain.com/images/kibana-dashboard3.png" "Mozilla/5.0 (Windows NT 10.0; Win64; x64) AppleWebKit/537.36 (KHTML, like Gecko) Chrome/91.0.4472.124 Safari/537.36"
72.158.11.201 - - [19/May/2015:07:23:22 +0000] "GET /favicon.ico HTTP/1.1" 200 473513 "http://somedomain.com/api/data" "Mozilla/5.0 (Windows NT 10.0; Win64; x64) AppleWebKit/537.36 (KHTML, like Gecko) Chrome/91.0.4472.124 Safari/537.36"
72.158.11.201 - - [27/May/2015:14:19:11 +0000] "GET /css/styles.css HTTP/1.1" 404 367784 "http://somedomain.com/plugin/zoom-js/zoom.js" "Mozilla/5.0 (Windows NT 10.0; Win64; x64) AppleWebKit/537.36 (KHTML, like Gecko) Chrome/91.0.4472.124 Safari/537.36"
94.188.25.117 - - [21/May/2015:04:24:48 +0000] "GET /js/app.js HTTP/1.1" 404 269018 "http://somedomain.com/favicon.ico" "Mozilla/5.0 (Macintosh; Intel Mac OS X 10_15_7) AppleWebKit/605.1.15 (KHTML, like Gecko) Version/14.1.1 Safari/605.1.15"
85.227.44.109 - - [30/May/2015:09:17:45 +0000] "GET /favicon.ico HTTP/1.1" 200 185418 "http://somedomain.com/api/data" "Mozilla/5.0 (Macintosh; Intel Mac OS X 10_15_7) AppleWebKit/605.1.15 (KHTML, like Gecko) Version/14.1.1 Safari/605.1.15"
65.189.22.45 - - [27/May/2015:10:08:22 +0000] "GET /plugin/highlight/highlight.js HTTP/1.1" 404 152029 "http://somedomain.com/images/kibana-search.png" "Mozilla/5.0 (Macintosh; Intel Mac OS X 10_15_7) AppleWebKit/605.1.15 (KHTML, like Gecko) Version/14.1.1 Safari/605.1.15"
94.188.25.117 - - [23/May/2015:15:10:54 +0000] "GET /js/app.js HTTP/1.1" 200 187338 "http://somedomain.com/about" "Mozilla/5.0 (Windows NT 10.0; Win64; x64) AppleWebKit/537.36 (KHTML, like Gecko) Chrome/91.0.4472.124 Safari/537.36"
72.158.11.201 - - [9/May/2015:15:03:47 +0000] "GET /api/data HTTP/1.1" 200 58054 "http://somedomain.com/css/styles.css" "Mozilla/5.0 (iPhone; CPU iPhone OS 14_6 like Mac OS X) AppleWebKit/605.1.15 (KHTML, like Gecko) Version/14.1.1 Mobile/15E148 Safari/604.1"
83.137.9.216 - - [22/May/2015:12:47:05 +0000] "GET /js/app.js HTTP/1.1" 200 354396 "http://somedomain.com/plugin/highlight/highlight.js" "Mozilla/5.0 (iPhone; CPU iPhone OS 14_6 like Mac OS X) AppleWebKit/605.1.15 (KHTML, like Gecko) Version/14.1.1 Mobile/15E148 Safari/604.1"
65.189.22.45 - - [24/May/2015:06:22:18 +0000] "GET /plugin/highlight/highlight.js HTTP/1.1" 200 115962 "http://somedomain.com/images/kibana-dashboard3.png" "Mozilla/5.0 (Macintosh; Intel Mac OS X 10_15_7) AppleWebKit/605.1.15 (KHTML, like Gecko) Version/14.1.1 Safari/605.1.15"
91.205.77.123 - - [21/May/2015:17:18:44 +0000] "GET /contact HTTP/1.1" 200 230545 "http://somedomain.com/plugin/highlight/highlight.js" "Mozilla/5.0 (Windows NT 10.0; Win64; x64) AppleWebKit/537.36 (KHTML, like Gecko) Chrome/91.0.4472.124 Safari/537.36"
76.144.19.200 - - [2/May/2015:16:49:04 +0000] "GET /about HTTP/1.1" 200 53264 "http://somedomain.com/contact" "Mozilla/5.0 (iPhone; CPU iPhone OS 14_6 like Mac OS X) AppleWebKit/605.1.15 (KHTML, like Gecko) Version/14.1.1 Mobile/15E148 Safari/604.1"
83.137.9.216 - - [25/May/2015:18:41:24 +0000] "GET /favicon.ico HTTP/1.1" 200 474861 "http://somedomain.com/js/app.js" "Mozilla/5.0 (Windows NT 10.0; Win64; x64) AppleWebKit/537.36 (KHTML, like Gecko) Chrome/91.0.4472.124 Safari/537.36"
76.144.19.200 - - [29/May/2015:07:34:34 +0000] "GET /images/kibana-dashboard3.png HTTP/1.1" 200 499093 "http://somedomain.com/images/kibana-dashboard3.png" "Mozilla/5.0 (Windows NT 10.0; Win64; x64) AppleWebKit/537.36 (KHTML, like Gecko) Chrome/91.0.4472.124 Safari/537.36"
84.199.32.167 - - [4/May/2015:15:57:15 +0000] "GET /js/app.js HTTP/1.1" 200 481408 "http://somedomain.com/css/styles.css" "Mozilla/5.0 (iPhone; CPU iPhone OS 14_6 like Mac OS X) AppleWebKit/605.1.15 (KHTML, like Gecko) Version/14.1.1 Mobile/15E148 Safari/604.1"
69.211.88.92 - - [30/May/2015:13:37:34 +0000] "GET /about HTTP/1.1" 200 157669 "http://somedomain.com/images/kibana-dashboard3.png" "Mozilla/5.0 (iPhone; CPU iPhone OS 14_6 like Mac OS X) AppleWebKit/605.1.15 (KHTML, like Gecko) Version/14.1.1 Mobile/15E148 Safari/604.1"
92.149.9.216 - - [4/May/2015:10:48:31 +0000] "GET /images/kibana-search.png HTTP/1.1" 200 220972 "http://somedomain.com/favicon.ico" "Mozilla/5.0 (Windows NT 10.0; Win64; x64) AppleWebKit/537.36 (KHTML, like Gecko) Chrome/91.0.4472.124 Safari/537.36"
91.205.77.123 - - [27/May/2015:16:02:01 +0000] "GET /plugin/highlight/highlight.js HTTP/1.1" 200 44459 "http://somedomain.com/contact" "Mozilla/5.0 (Macintosh; Intel Mac OS X 10_15_7) AppleWebKit/605.1.15 (KHTML, like Gecko) Version/14.1.1 Safari/605.1.15"
78.201.15.89 - - [27/May/2015:17:54:56 +0000] "GET /about HTTP/1.1" 200 183703 "http://somedomain.com/about" "Mozilla/5.0 (iPhone; CPU iPhone OS 14_6 like Mac OS X) AppleWebKit/605.1.15 (KHTML, like Gecko) Version/14.1.1 Mobile/15E148 Safari/604.1"
82.149.9.216 - - [5/May/2015:14:42:08 +0000] "GET /images/kibana-dashboard3.png HTTP/1.1" 404 377908 "http://somedomain.com/contact" "Mozilla/5.0 (iPhone; CPU iPhone OS 14_6 like Mac OS X) AppleWebKit/605.1.15 (KHTML, like Gecko) Version/14.1.1 Mobile/15E148 Safari/604.1"
8.49.39.221 - - [3/May/2015:18:38:32 +0000] "GET /css/styles.css HTTP/1.1" 304 407049 "http://somedomain.com/images/kibana-dashboard3.png" "Mozilla/5.0 (Macintosh; Intel Mac OS X 10_15_7) AppleWebKit/605.1.15 (KHTML, like Gecko) Version/14.1.1 Safari/605.1.15"
81.199.53.102 - - [7/May/2015:12:38:31 +0000] "GET /favicon.ico HTTP/1.1" 200 95235 "http://somedomain.com/css/styles.css" "Mozilla/5.0 (iPhone; CPU iPhone OS 14_6 like Mac OS X) AppleWebKit/605.1.15 (KHTML, like Gecko) Version/14.1.1 Mobile/15E148 Safari/604.1"
78.201.15.89 - - [12/May/2015:14:49:40 +0000] "GET /css/styles.css HTTP/1.1" 200 431850 "http://somedomain.com/favicon.ico" "Mozilla/5.0 (iPhone; CPU iPhone OS 14_6 like Mac OS X) AppleWebKit/605.1.15 (KHTML, like Gecko) Version/14.1.1 Mobile/15E148 Safari/604.1"
96.213.70.145 - - [7/May/2015:10:47:53 +0000] "GET /api/data HTTP/1.1" 200 318669 "http://somedomain.com/favicon.ico" "Mozilla/5.0 (iPhone; CPU iPhone OS 14_6 like Mac OS X) AppleWebKit/605.1.15 (KHTML, like Gecko) Version/14.1.1 Mobile/15E148 Safari/604.1"
92.149.9.216 - - [3/May/2015:08:08:27 +0000] "GET /js/app.js HTTP/1.1" 200 136206 "http://somedomain.com/images/kibana-dashboard3.png" "Mozilla/5.0 (Windows NT 10.0; Win64; x64) AppleWebKit/537.36 (KHTML, like Gecko) Chrome/91.0.4472.124 Safari/537.36"
8.49.39.221 - - [15/May/2015:14:23:31 +0000] "GET /api/data HTTP/1.1" 200 274988 "http://somedomain.com/api/data" "Mozilla/5.0 (Windows NT 10.0; Win64; x64) AppleWebKit/537.36 (KHTML, like Gecko) Chrome/91.0.4472.124 Safari/537.36"
79.132.49.176 - - [12/May/2015:18:53:41 +0000] "GET /plugin/zoom-js/zoom.js HTTP/1.1" 200 220494 "http://somedomain.com/plugin/zoom-js/zoom.js" "Mozilla/5.0 (Macintosh; Intel Mac OS X 10_15_7) AppleWebKit/605.1.15 (KHTML, like Gecko) Version/14.1.1 Safari/605.1.15"
82.149.9.216 - - [30/May/2015:10:17:44 +0000] "GET /images/kibana-search.png HTTP/1.1" 200 359702 "http://somedomain.com/about" "Mozilla/5.0 (Windows NT 10.0; Win64; x64) AppleWebKit/537.36 (KHTML, like Gecko) Chrome/91.0.4472.124 Safari/537.36"
83.137.9.216 - - [27/May/2015:09:15:00 +0000] "GET /css/styles.css HTTP/1.1" 200 232508 "http://somedomain.com/css/styles.css" "Mozilla/5.0 (Macintosh; Intel Mac OS X 10_15_7) AppleWebKit/605.1.15 (KHTML, like Gecko) Version/14.1.1 Safari/605.1.15"
82.149.9.216 - - [14/May/2015:13:53:45 +0000] "GET /js/app.js HTTP/1.1" 200 130076 "http://somedomain.com/plugin/highlight/highlight.js" "Mozilla/5.0 (Windows NT 10.0; Win64; x64) AppleWebKit/537.36 (KHTML, like Gecko) Chrome/91.0.4472.124 Safari/537.36"
91.205.77.123 - - [21/May/2015:14:44:51 +0000] "GET /plugin/highlight/highlight.js HTTP/1.1" 200 291045 "http://somedomain.com/api/data" "Mozilla/5.0 (Windows NT 10.0; Win64; x64) AppleWebKit/537.36 (KHTML, like Gecko) Chrome/91.0.4472.124 Safari/537.36"
8.49.39.221 - - [6/May/2015:16:00:30 +0000] "GET /js/app.js HTTP/1.1" 200 386294 "http://somedomain.com/images/kibana-search.png" "Mozilla/5.0 (iPhone; CPU iPhone OS 14_6 like Mac OS X) AppleWebKit/605.1.15 (KHTML, like Gecko) Version/14.1.1 Mobile/15E148 Safari/604.1"
79.132.49.176 - - [26/May/2015:11:56:09 +0000] "GET /plugin/highlight/highlight.js HTTP/1.1" 200 411591 "http://somedomain.com/about" "Mozilla/5.0 (Windows NT 10.0; Win64; x64) AppleWebKit/537.36 (KHTML, like Gecko) Chrome/91.0.4472.124 Safari/537.36"
8.49.39.221 - - [5/May/2015:16:33:58 +0000] "GET /images/kibana-dashboard3.png HTTP/1.1" 200 365431 "http://somedomain.com/images/kibana-dashboard3.png" "Mozilla/5.0 (iPhone; CPU iPhone OS 14_6 like Mac OS X) AppleWebKit/605.1.15 (KHTML, like Gecko) Version/14.1.1 Mobile/15E148 Safari/604.1"
65.189.22.45 - - [4/May/2015:17:27:17 +0000] "GET /api/data HTTP/1.1" 200 291086 "http://somedomain.com/about" "Mozilla/5.0 (Windows NT 10.0; Win64; x64) AppleWebKit/537.36 (KHTML, like Gecko) Chrome/91.0.4472.124 Safari/537.36"
92.149.9.216 - - [21/May/2015:16:59:21 +0000] "GET /js/app.js HTTP/1.1" 200 182311 "http://somedomain.com/images/kibana-dashboard3.png" "Mozilla/5.0 (iPhone; CPU iPhone OS 14_6 like Mac OS X) AppleWebKit/605.1.15 (KHTML, like Gecko) Version/14.1.1 Mobile/15E148 Safari/604.1"
91.205.77.123 - - [26/May/2015:11:15:24 +0000] "GET /plugin/zoom-js/zoom.js HTTP/1.1" 200 230002 "http://somedomain.com/images/kibana-search.png" "Mozilla/5.0 (Macintosh; Intel Mac OS X 10_15_7) AppleWebKit/605.1.15 (KHTML, like Gecko) Version/14.1.1 Safari/605.1.15"
92.149.9.216 - - [7/May/2015:07:22:47 +0000] "GET /plugin/zoom-js/zoom.js HTTP/1.1" 200 60659 "http://somedomain.com/contact" "Mozilla/5.0 (Macintosh; Intel Mac OS X 10_15_7) AppleWebKit/605.1.15 (KHTML, like Gecko) Version/14.1.1 Safari/605.1.15"
97.154.81.158 - - [10/May/2015:11:29:51 +0000] "GET /contact HTTP/1.1" 200 485549 "http://somedomain.com/images/kibana-dashboard3.png" "Mozilla/5.0 (Macintosh; Intel Mac OS X 10_15_7) AppleWebKit/605.1.15 (KHTML, like Gecko) Version/14.1.1 Safari/605.1.15"
69.211.88.92 - - [2/May/2015:09:11:23 +0000] "GET /plugin/zoom-js/zoom.js HTTP/1.1" 200 433690 "http://somedomain.com/plugin/highlight/highlight.js" "Mozilla/5.0 (Macintosh; Intel Mac OS X 10_15_7) AppleWebKit/605.1.15 (KHTML, like Gecko) Version/14.1.1 Safari/605.1.15"
84.199.32.167 - - [9/May/2015:14:39:53 +0000] "GET /plugin/highlight/highlight.js HTTP/1.1" 200 137498 "http://somedomain.com/contact" "Mozilla/5.0 (Windows NT 10.0; Win64; x64) AppleWebKit/537.36 (KHTML, like Gecko) Chrome/91.0.4472.124 Safari/537.36"
8.49.39.221 - - [15/May/2015:11:25:20 +0000] "GET /images/kibana-search.png HTTP/1.1" 200 39827 "http://somedomain.com/css/styles.css" "Mozilla/5.0 (Macintosh; Intel Mac OS X 10_15_7) AppleWebKit/605.1.15 (KHTML, like Gecko) Version/14.1.1 Safari/605.1.15"
83.137.9.216 - - [7/May/2015:17:36:17 +0000] "GET /about HTTP/1.1" 200 412560 "http://somedomain.com/contact" "Mozilla/5.0 (iPhone; CPU iPhone OS 14_6 like Mac OS X) AppleWebKit/605.1.15 (KHTML, like Gecko) Version/14.1.1 Mobile/15E148 Safari/604.1"
79.132.49.176 - - [5/May/2015:17:13:21 +0000] "GET /plugin/zoom-js/zoom.js HTTP/1.1" 404 158567 "http://somedomain.com/plugin/highlight/highlight.js" "Mozilla/5.0 (Macintosh; Intel Mac OS X 10_15_7) AppleWebKit/605.1.15 (KHTML, like Gecko) Version/14.1.1 Safari/605.1.15"
97.154.81.158 - - [25/May/2015:18:44:13 +0000] "GET /plugin/zoom-js/zoom.js HTTP/1.1" 200 317382 "http://somedomain.com/images/kibana-dashboard3.png" "Mozilla/5.0 (iPhone; CPU iPhone OS 14_6 like Mac OS X) AppleWebKit/605.1.15 (KHTML, like Gecko) Version/14.1.1 Mobile/15E148 Safari/604.1"
72.158.11.201 - - [14/May/2015:08:10:28 +0000] "GET /plugin/zoom-js/zoom.js HTTP/1.1" 200 360203 "http://somedomain.com/css/styles.css" "Mozilla/5.0 (Macintosh; Intel Mac OS X 10_15_7) AppleWebKit/605.1.15 (KHTML, like Gecko) Version/14.1.1 Safari/605.1.15"
84.199.32.167 - - [11/May/2015:14:46:06 +0000] "GET /plugin/zoom-js/zoom.js HTTP/1.1" 200 365854 "http://somedomain.com/images/kibana-search.png" "Mozilla/5.0 (Windows NT 10.0; Win64; x64) AppleWebKit/537.36 (KHTML, like Gecko) Chrome/91.0.4472.124 Safari/537.36"
85.227.44.109 - - [3/May/2015:15:16:51 +0000] "GET /plugin/zoom-js/zoom.js HTTP/1.1" 200 58035 "http://somedomain.com/contact" "Mozilla/5.0 (Macintosh; Intel Mac OS X 10_15_7) AppleWebKit/605.1.15 (KHTML, like Gecko) Version/14.1.1 Safari/605.1.15"
84.199.32.167 - - [22/May/2015:11:34:10 +0000] "GET /api/data HTTP/1.1" 200 464232 "http://somedomain.com/api/data" "Mozilla/5.0 (iPhone; CPU iPhone OS 14_6 like Mac OS X) AppleWebKit/605.1.15 (KHTML, like Gecko) Version/14.1.1 Mobile/15E148 Safari/604.1"
8.49.39.221 - - [18/May/2015:13:42:53 +0000] "GET /js/app.js HTTP/1.1" 200 193292 "http://somedomain.com/api/data" "Mozilla/5.0 (Windows NT 10.0; Win64; x64) AppleWebKit/537.36 (KHTML, like Gecko) Chrome/91.0.4472.124 Safari/537.36"
92.149.9.216 - - [21/May/2015:17:51:41 +0000] "GET /about HTTP/1.1" 200 11387 "http://somedomain.com/images/kibana-dashboard3.png" "Mozilla/5.0 (iPhone; CPU iPhone OS 14_6 like Mac OS X) AppleWebKit/605.1.15 (KHTML, like Gecko) Version/14.1.1 Mobile/15E148 Safari/604.1"
72.158.11.201 - - [13/May/2015:14:44:59 +0000] "GET /css/styles.css HTTP/1.1" 200 441224 "http://somedomain.com/css/styles.css" "Mozilla/5.0 (Macintosh; Intel Mac OS X 10_15_7) AppleWebKit/605.1.15 (KHTML, like Gecko) Version/14.1.1 Safari/605.1.15"
8.49.39.221 - - [8/May/2015:12:33:15 +0000] "GET /plugin/zoom-js/zoom.js HTTP/1.1" 200 270782 "http://somedomain.com/about" "Mozilla/5.0 (Macintosh; Intel Mac OS X 10_15_7) AppleWebKit/605.1.15 (KHTML, like Gecko) Version/14.1.1 Safari/605.1.15"
76.144.19.200 - - [24/May/2015:08:01:58 +0000] "GET /plugin/zoom-js/zoom.js HTTP/1.1" 200 227439 "http://somedomain.com/about" "Mozilla/5.0 (iPhone; CPU iPhone OS 14_6 like Mac OS X) AppleWebKit/605.1.15 (KHTML, like Gecko) Version/14.1.1 Mobile/15E148 Safari/604.1"
91.205.77.123 - - [1/May/2015:13:13:44 +0000] "GET /images/kibana-search.png HTTP/1.1" 200 283300 "http://somedomain.com/about" "Mozilla/5.0 (Macintosh; Intel Mac OS X 10_15_7) AppleWebKit/605.1.15 (KHTML, like Gecko) Version/14.1.1 Safari/605.1.15"
85.227.44.109 - - [12/May/2015:17:02:37 +0000] "GET /contact HTTP/1.1" 200 299606 "http://somedomain.com/js/app.js" "Mozilla/5.0 (Macintosh; Intel Mac OS X 10_15_7) AppleWebKit/605.1.15 (KHTML, like Gecko) Version/14.1.1 Safari/605.1.15"
94.188.25.117 - - [4/May/2015:13:38:57 +0000] "GET /plugin/zoom-js/zoom.js HTTP/1.1" 200 375146 "http://somedomain.com/images/kibana-search.png" "Mozilla/5.0 (iPhone; CPU iPhone OS 14_6 like Mac OS X) AppleWebKit/605.1.15 (KHTML, like Gecko) Version/14.1.1 Mobile/15E148 Safari/604.1"
85.227.44.109 - - [2/May/2015:17:04:14 +0000] "GET /images/kibana-search.png HTTP/1.1" 200 55329 "http://somedomain.com/images/kibana-search.png" "Mozilla/5.0 (iPhone; CPU iPhone OS 14_6 like Mac OS X) AppleWebKit/605.1.15 (KHTML, like Gecko) Version/14.1.1 Mobile/15E148 Safari/604.1"
82.149.9.216 - - [26/May/2015:12:18:13 +0000] "GET /plugin/highlight/highlight.js HTTP/1.1" 200 343758 "http://somedomain.com/about" "Mozilla/5.0 (Windows NT 10.0; Win64; x64) AppleWebKit/537.36 (KHTML, like Gecko) Chrome/91.0.4472.124 Safari/537.36"
92.149.9.216 - - [7/May/2015:12:32:39 +0000] "GET /api/data HTTP/1.1" 200 494519 "http://somedomain.com/css/styles.css" "Mozilla/5.0 (iPhone; CPU iPhone OS 14_6 like Mac OS X) AppleWebKit/605.1.15 (KHTML, like Gecko) Version/14.1.1 Mobile/15E148 Safari/604.1"
94.188.25.117 - - [7/May/2015:10:04:35 +0000] "GET /favicon.ico HTTP/1.1" 200 108793 "http://somedomain.com/plugin/highlight/highlight.js" "Mozilla/5.0 (Macintosh; Intel Mac OS X 10_15_7) AppleWebKit/605.1.15 (KHTML, like Gecko) Version/14.1.1 Safari/605.1.15"
92.149.9.216 - - [28/May/2015:07:57:33 +0000] "GET /favicon.ico HTTP/1.1" 200 172682 "http://somedomain.com/images/kibana-dashboard3.png" "Mozilla/5.0 (Windows NT 10.0; Win64; x64) AppleWebKit/537.36 (KHTML, like Gecko) Chrome/91.0.4472.124 Safari/537.36"
92.149.9.216 - - [13/May/2015:14:07:03 +0000] "GET /js/app.js HTTP/1.1" 200 446445 "http://somedomain.com/plugin/zoom-js/zoom.js" "Mozilla/5.0 (iPhone; CPU iPhone OS 14_6 like Mac OS X) AppleWebKit/605.1.15 (KHTML, like Gecko) Version/14.1.1 Mobile/15E148 Safari/604.1"
8.49.39.221 - - [26/May/2015:17:23:48 +0000] "GET /images/kibana-dashboard3.png HTTP/1.1" 200 256656 "http://somedomain.com/about" "Mozilla/5.0 (Macintosh; Intel Mac OS X 10_15_7) AppleWebKit/605.1.15 (KHTML, like Gecko) Version/14.1.1 Safari/605.1.15"
8.49.39.221 - - [7/May/2015:08:19:03 +0000] "GET /images/kibana-dashboard3.png HTTP/1.1" 200 24136 "http://somedomain.com/contact" "Mozilla/5.0 (iPhone; CPU iPhone OS 14_6 like Mac OS X) AppleWebKit/605.1.15 (KHTML, like Gecko) Version/14.1.1 Mobile/15E148 Safari/604.1"
8.49.39.221 - - [20/May/2015:15:58:56 +0000] "GET /images/kibana-search.png HTTP/1.1" 200 498171 "http://somedomain.com/contact" "Mozilla/5.0 (Macintosh; Intel Mac OS X 10_15_7) AppleWebKit/605.1.15 (KHTML, like Gecko) Version/14.1.1 Safari/605.1.15"
95.207.60.131 - - [7/May/2015:09:19:56 +0000] "GET /favicon.ico HTTP/1.1" 200 332741 "http://somedomain.com/contact" "Mozilla/5.0 (Macintosh; Intel Mac OS X 10_15_7) AppleWebKit/605.1.15 (KHTML, like Gecko) Version/14.1.1 Safari/605.1.15"
65.189.22.45 - - [13/May/2015:10:09:13 +0000] "GET /js/app.js HTTP/1.1" 200 449937 "http://somedomain.com/css/styles.css" "Mozilla/5.0 (Macintosh; Intel Mac OS X 10_15_7) AppleWebKit/605.1.15 (KHTML, like Gecko) Version/14.1.1 Safari/605.1.15"
85.227.44.109 - - [4/May/2015:11:57:14 +0000] "GET /about HTTP/1.1" 200 13149 "http://somedomain.com/plugin/highlight/highlight.js" "Mozilla/5.0 (Windows NT 10.0; Win64; x64) AppleWebKit/537.36 (KHTML, like Gecko) Chrome/91.0.4472.124 Safari/537.36"
85.227.44.109 - - [8/May/2015:07:40:52 +0000] "GET /images/kibana-dashboard3.png HTTP/1.1" 200 330324 "http://somedomain.com/css/styles.css" "Mozilla/5.0 (Macintosh; Intel Mac OS X 10_15_7) AppleWebKit/605.1.15 (KHTML, like Gecko) Version/14.1.1 Safari/605.1.15"
92.149.9.216 - - [19/May/2015:12:27:58 +0000] "GET /plugin/highlight/highlight.js HTTP/1.1" 200 311888 "http://somedomain.com/about" "Mozilla/5.0 (Windows NT 10.0; Win64; x64) AppleWebKit/537.36 (KHTML, like Gecko) Chrome/91.0.4472.124 Safari/537.36"
8.49.39.221 - - [27/May/2015:20:58:10 +0000] "GET /about HTTP/1.1" 200 222493 "http://somedomain.com/about" "Mozilla/5.0 (Macintosh; Intel Mac OS X 10_15_7) AppleWebKit/605.1.15 (KHTML, like Gecko) Version/14.1.1 Safari/605.1.15"
82.149.9.216 - - [24/May/2015:09:46:31 +0000] "GET /plugin/zoom-js/zoom.js HTTP/1.1" 200 7845 "http://somedomain.com/js/app.js" "Mozilla/5.0 (Macintosh; Intel Mac OS X 10_15_7) AppleWebKit/605.1.15 (KHTML, like Gecko) Version/14.1.1 Safari/605.1.15"
93.155.66.81 - - [16/May/2015:10:28:01 +0000] "GET /plugin/zoom-js/zoom.js HTTP/1.1" 200 128407 "http://somedomain.com/images/kibana-search.png" "Mozilla/5.0 (Windows NT 10.0; Win64; x64) AppleWebKit/537.36 (KHTML, like Gecko) Chrome/91.0.4472.124 Safari/537.36"
83.137.9.216 - - [29/May/2015:17:39:31 +0000] "GET /plugin/zoom-js/zoom.js HTTP/1.1" 200 436539 "http://somedomain.com/contact" "Mozilla/5.0 (Macintosh; Intel Mac OS X 10_15_7) AppleWebKit/605.1.15 (KHTML, like Gecko) Version/14.1.1 Safari/605.1.15"
69.211.88.92 - - [6/May/2015:16:34:28 +0000] "GET /api/data HTTP/1.1" 200 46890 "http://somedomain.com/images/kibana-search.png" "Mozilla/5.0 (iPhone; CPU iPhone OS 14_6 like Mac OS X) AppleWebKit/605.1.15 (KHTML, like Gecko) Version/14.1.1 Mobile/15E148 Safari/604.1"
8.49.39.221 - - [6/May/2015:10:41:57 +0000] "GET /images/kibana-search.png HTTP/1.1" 200 487113 "http://somedomain.com/images/kibana-dashboard3.png" "Mozilla/5.0 (Macintosh; Intel Mac OS X 10_15_7) AppleWebKit/605.1.15 (KHTML, like Gecko) Version/14.1.1 Safari/605.1.15"
78.201.15.89 - - [30/May/2015:18:47:13 +0000] "GET /favicon.ico HTTP/1.1" 200 6156 "http://somedomain.com/about" "Mozilla/5.0 (Macintosh; Intel Mac OS X 10_15_7) AppleWebKit/605.1.15 (KHTML, like Gecko) Version/14.1.1 Safari/605.1.15"
