78.201.15.89 - - [8/May/2015:22:04:35 +0000] "GET /plugin/highlight/highlight.js HTTP/1.1" 200 128564 "http://somedomain.com/images/kibana-search.png" "Mozilla/5.0 (Macintosh; Intel Mac OS X 10_15_7) AppleWebKit/605.1.15 (KHTML, like Gecko) Version/14.1.1 Safari/605.1.15"
85.227.44.109 - - [25/May/2015:10:00:30 +0000] "GET /images/kibana-dashboard3.png HTTP/1.1" 200 180925 "http://somedomain.com/images/kibana-search.png" "Mozilla/5.0 (Macintosh; Intel Mac OS X 10_15_7) AppleWebKit/605.1.15 (KHTML, like Gecko) Version/14.1.1 Safari/605.1.15"
65.189.22.45 - - [12/May/2015:13:19:57 +0000] "GET /contact HTTP/1.1" 200 43694 "http://somedomain.com/js/app.js" "Mozilla/5.0 (iPhone; CPU iPhone OS 14_6 like Mac OS X) AppleWebKit/605.1.15 (KHTML, like Gecko) Version/14.1.1 Mobile/15E148 Safari/604.1"
65.189.22.45 - - [30/May/2015:21:42:15 +0000] "GET /api/data HTTP/1.1" 200 239800 "http://somedomain.com/images/kibana-search.png" "Mozilla/5.0 (Windows NT 10.0; Win64; x64) AppleWebKit/537.36 (KHTML, like Gecko) Chrome/91.0.4472.124 Safari/537.36"
91.205.77.123 - - [4/May/2015:08:46:55 +0000] "GET /css/styles.css HTTP/1.1" 200 269819 "http://somedomain.com/js/app.js" "Mozilla/5.0 (iPhone; CPU iPhone OS 14_6 like Mac OS X) AppleWebKit/605.1.15 (KHTML, like Gecko) Version/14.1.1 Mobile/15E148 Safari/604.1"
69.211.88.92 - - [29/May/2015:16:17:10 +0000] "GET /js/app.js HTTP/1.1" 200 445888 "http://somedomain.com/images/kibana-search.png" "Mozilla/5.0 (iPhone; CPU iPhone OS 14_6 like Mac OS X) AppleWebKit/605.1.15 (KHTML, like Gecko) Version/14.1.1 Mobile/15E148 Safari/604.1"
91.205.77.123 - - [8/May/2015:11:03:00 +0000] "GET /api/data HTTP/1.1" 200 247200 "http://somedomain.com/contact" "Mozilla/5.0 (Macintosh; Intel Mac OS X 10_15_7) AppleWebKit/605.1.15 (KHTML, like Gecko) Version/14.1.1 Safari/605.1.15"
69.211.88.92 - - [10/May/2015:14:39:33 +0000] "GET /api/data HTTP/1.1" 304 450301 "http://somedomain.com/contact" "Mozilla/5.0 (Windows NT 10.0; Win64; x64) AppleWebKit/537.36 (KHTML, like Gecko) Chrome/91.0.4472.124 Safari/537.36"
95.207.60.131 - - [23/May/2015:12:57:52 +0000] "GET /js/app.js HTTP/1.1" 200 120079 "http://somedomain.com/contact" "Mozilla/5.0 (Macintosh; Intel Mac OS X 10_15_7) AppleWebKit/605.1.15 (KHTML, like Gecko) Version/14.1.1 Safari/605.1.15"
84.199.32.167 - - [27/May/2015:14:54:03 +0000] "GET /plugin/zoom-js/zoom.js HTTP/1.1" 200 481175 "http://somedomain.com/plugin/zoom-js/zoom.js" "Mozilla/5.0 (iPhone; CPU iPhone OS 14_6 like Mac OS X) AppleWebKit/605.1.15 (KHTML, like Gecko) Version/14.1.1 Mobile/15E148 Safari/604.1"
92.149.9.216 - - [28/May/2015:10:09:24 +0000] "GET /favicon.ico HTTP/1.1" 200 152563 "http://somedomain.com/api/data" "Mozilla/5.0 (Windows NT 10.0; Win64; x64) AppleWebKit/537.36 (KHTML, like Gecko) Chrome/91.0.4472.124 Safari/537.36"
83.137.9.216 - - [3/May/2015:17:49:05 +0000] "GET /images/kibana-search.png HTTP/1.1" 200 157367 "http://somedomain.com/about" "Mozilla/5.0 (Windows NT 10.0; Win64; x64) AppleWebKit/537.36 (KHTML, like Gecko) Chrome/91.0.4472.124 Safari/537.36"
8.49.39.221 - - [14/May/2015:18:14:59 +0000] "GET /images/kibana-search.png HTTP/1.1" 200 50358 "http://somedomain.com/js/app.js" "Mozilla/5.0 (iPhone; CPU iPhone OS 14_6 like Mac OS X) AppleWebKit/605.1.15 (KHTML, like Gecko) Version/14.1.1 Mobile/15E148 Safari/604.1"
92.149.9.216 - - [17/May/2015:04:49:49 +0000] "GET /css/styles.css HTTP/1.1" 200 266683 "http://somedomain.com/plugin/zoom-js/zoom.js" "Mozilla/5.0 (Macintosh; Intel Mac OS X 10_15_7) AppleWebKit/605.1.15 (KHTML, like Gecko) Version/14.1.1 Safari/605.1.15"
85.227.44.109 - - [15/May/2015:07:05:00 +0000] "GET /api/data HTTP/1.1" 200 235610 "http://somedomain.com/images/kibana-dashboard3.png" "Mozilla/5.0 (Macintosh; Intel Mac OS X 10_15_7) AppleWebKit/605.1.15 (KHTML, like Gecko) Version/14.1.1 Safari/605.1.15"
72.158.11.201 - - [1/May/2015:17:04:27 +0000] "GET /plugin/zoom-js/zoom.js HTTP/1.1" 200 292047 "http://somedomain.com/plugin/highlight/highlight.js" "Mozilla/5.0 (iPhone; CPU iPhone OS 14_6 like Mac OS X) AppleWebKit/605.1.15 (KHTML, like Gecko) Version/14.1.1 Mobile/15E148 Safari/604.1"
83.137.9.216 - - [5/May/2015:17:54:30 +0000] "GET /js/app.js HTTP/1.1" 200 378597 "http://somedomain.com/favicon.ico" "Mozilla/5.0 (Macintosh; Intel Mac OS X 10_15_7) AppleWebKit/605.1.15 (KHTML, like Gecko) Version/14.1.1 Safari/605.1.15"
78.201.15.89 - - [20/May/2015:16:43:57 +0000] "GET /images/kibana-search.png HTTP/1.1" 200 44052 "http://somedomain.com/images/kibana-dashboard3.png" "Mozilla/5.0 (Windows NT 10.0; Win64; x64) AppleWebKit/537.36 (KHTML, like Gecko) Chrome/91.0.4472.124 Safari/537.36"
82.149.9.216 - - [5/May/2015:10:58:15 +0000] "GET /plugin/zoom-js/zoom.js HTTP/1.1" 200 403891 "http://somedomain.com/plugin/zoom-js/zoom.js" "Mozilla/5.0 (Macintosh; Intel Mac OS X 10_15_7) AppleWebKit/605.1.15 (KHTML, like Gecko) Version/14.1.1 Safari/605.1.15"
94.188.25.117 - - [6/May/2015:14:54:24 +0000] "GET /contact HTTP/1.1" 200 382781 "http://somedomain.com/about" "Mozilla/5.0 (iPhone; CPU iPhone OS 14_6 like Mac OS X) AppleWebKit/605.1.15 (KHTML, like Gecko) Version/14.1.1 Mobile/15E148 Safari/604.1"
92.149.9.216 - - [1/May/2015:15:54:38 +0000] "GET /images/kibana-search.png HTTP/1.1" 200 222851 "http://somedomain.com/plugin/highlight/highlight.js" "Mozilla/5.0 (Windows NT 10.0; Win64; x64) AppleWebKit/537.36 (KHTML, like Gecko) Chrome/91.0.4472.124 Safari/537.36"
8.49.39.221 - - [13/May/2015:12:22:47 +0000] "GET /js/app.js HTTP/1.1" 200 93220 "http://somedomain.com/js/app.js" "Mozilla/5.0 (iPhone; CPU iPhone OS 14_6 like Mac OS X) AppleWebKit/605.1.15 (KHTML, like Gecko) Version/14.1.1 Mobile/15E148 Safari/604.1"
91.205.77.123 - - [28/May/2015:12:59:49 +0000] "GET /css/styles.css HTTP/1.1" 200 154587 "http://somedomain.com/contact" "Mozilla/5.0 (Macintosh; Intel Mac OS X 10_15_7) AppleWebKit/605.1.15 (KHTML, like Gecko) Version/14.1.1 Safari/605.1.15"
84.199.32.167 - - [27/May/2015:07:47:01 +0000] "GET /api/data HTTP/1.1" 200 314392 "http://somedomain.com/about" "Mozilla/5.0 (iPhone; CPU iPhone OS 14_6 like Mac OS X) AppleWebKit/605.1.15 (KHTML, like Gecko) Version/14.1.1 Mobile/15E148 Safari/604.1"
81.199.53.102 - - [26/May/2015:22:19:33 +0000] "GET /contact HTTP/1.1" 200 23413 "http://somedomain.com/about" "Mozilla/5.0 (Windows NT 10.0; Win64; x64) AppleWebKit/537.36 (KHTML, like Gecko) Chrome/91.0.4472.124 Safari/537.36"
81.199.53.102 - - [10/May/2015:05:28:49 +0000] "GET /about HTTP/1.1" 200 12369 "http://somedomain.com/images/kibana-search.png" "Mozilla/5.0 (Windows NT 10.0; Win64; x64) AppleWebKit/537.36 (KHTML, like Gecko) Chrome/91.0.4472.124 Safari/537.36"
65.189.22.45 - - [19/May/2015:15:02:03 +0000] "GET /css/styles.css HTTP/1.1" 200 74206 "http://somedomain.com/plugin/highlight/highlight.js" "Mozilla/5.0 (Macintosh; Intel Mac OS X 10_15_7) AppleWebKit/605.1.15 (KHTML, like Gecko) Version/14.1.1 Safari/605.1.15"
83.137.9.216 - - [23/May/2015:14:48:15 +0000] "GET /plugin/highlight/highlight.js HTTP/1.1" 404 184607 "http://somedomain.com/js/app.js" "Mozilla/5.0 (Windows NT 10.0; Win64; x64) AppleWebKit/537.36 (KHTML, like Gecko) Chrome/91.0.4472.124 Safari/537.36"
69.211.88.92 - - [15/May/2015:07:06:26 +0000] "GET /images/kibana-dashboard3.png HTTP/1.1" 200 245746 "http://somedomain.com/about" "Mozilla/5.0 (Macintosh; Intel Mac OS X 10_15_7) AppleWebKit/605.1.15 (KHTML, like Gecko) Version/14.1.1 Safari/605.1.15"
82.149.9.216 - - [24/May/2015:14:28:54 +0000] "GET /images/kibana-search.png HTTP/1.1" 200 492343 "http://somedomain.com/favicon.ico" "Mozilla/5.0 (Macintosh; Intel Mac OS X 10_15_7) AppleWebKit/605.1.15 (KHTML, like Gecko) Version/14.1.1 Safari/605.1.15"
92.149.9.216 - - [9/May/2015:11:04:31 +0000] "GET /plugin/highlight/highlight.js HTTP/1.1" 200 153786 "http://somedomain.com/plugin/zoom-js/zoom.js" "Mozilla/5.0 (Windows NT 10.0; Win64; x64) AppleWebKit/537.36 (KHTML, like Gecko) Chrome/91.0.4472.124 Safari/537.36"
85.227.44.109 - - [3/May/2015:11:21:18 +0000] "GET /about HTTP/1.1" 200 355333 "http://somedomain.com/contact" "Mozilla/5.0 (iPhone; CPU iPhone OS 14_6 like Mac OS X) AppleWebKit/605.1.15 (KHTML, like Gecko) Version/14.1.1 Mobile/15E148 Safari/604.1"
72.158.11.201 - - [15/May/2015:15:47:21 +0000] "GET /js/app.js HTTP/1.1" 200 367641 "http://somedomain.com/contact" "Mozilla/5.0 (Macintosh; Intel Mac OS X 10_15_7) AppleWebKit/605.1.15 (KHTML, like Gecko) Version/14.1.1 Safari/605.1.15"
91.205.77.123 - - [8/May/2015:23:14:29 +0000] "GET /plugin/highlight/highlight.js HTTP/1.1" 200 185395 "http://somedomain.com/plugin/zoom-js/zoom.js" "Mozilla/5.0 (Macintosh; Intel Mac OS X 10_15_7) AppleWebKit/605.1.15 (KHTML, like Gecko) Version/14.1.1 Safari/605.1.15"
94.188.25.117 - - [12/May/2015:12:10:16 +0000] "GET /contact HTTP/1.1" 200 250633 "http://somedomain.com/api/data" "Mozilla/5.0 (iPhone; CPU iPhone OS 14_6 like Mac OS X) AppleWebKit/605.1.15 (KHTML, like Gecko) Version/14.1.1 Mobile/15E148 Safari/604.1"
91.205.77.123 - - [20/May/2015:10:49:30 +0000] "GET /plugin/highlight/highlight.js HTTP/1.1" 200 232220 "http://somedomain.com/about" "Mozilla/5.0 (Macintosh; Intel Mac OS X 10_15_7) AppleWebKit/605.1.15 (KHTML, like Gecko) Version/14.1.1 Safari/605.1.15"
97.154.81.158 - - [15/May/2015:11:27:24 +0000] "GET /about HTTP/1.1" 200 369259 "http://somedomain.com/plugin/highlight/highlight.js" "Mozilla/5.0 (Windows NT 10.0; Win64; x64) AppleWebKit/537.36 (KHTML, like Gecko) Chrome/91.0.4472.124 Safari/537.36"
91.205.77.123 - - [13/May/2015:10:38:10 +0000] "GET /images/kibana-dashboard3.png HTTP/1.1" 200 222827 "http://somedomain.com/about" "Mozilla/5.0 (Macintosh; Intel Mac OS X 10_15_7) AppleWebKit/605.1.15 (KHTML, like Gecko) Version/14.1.1 Safari/605.1.15"
72.158.11.201 - - [7/May/2015:12:55:42 +0000] "GET /js/app.js HTTP/1.1" 200 225804 "http://somedomain.com/images/kibana-search.png" "Mozilla/5.0 (Macintosh; Intel Mac OS X 10_15_7) AppleWebKit/605.1.15 (KHTML, like Gecko) Version/14.1.1 Safari/605.1.15"
91.205.77.123 - - [17/May/2015:10:59:46 +0000] "GET /plugin/highlight/highlight.js HTTP/1.1" 200 419898 "http://somedomain.com/images/kibana-search.png" "Mozilla/5.0 (Windows NT 10.0; Win64; x64) AppleWebKit/537.36 (KHTML, like Gecko) Chrome/91.0.4472.124 Safari/537.36"
76.144.19.200 - - [20/May/2015:11:48:45 +0000] "GET /plugin/zoom-js/zoom.js HTTP/1.1" 200 138007 "http://somedomain.com/images/kibana-dashboard3.png" "Mozilla/5.0 (Macintosh; Intel Mac OS X 10_15_7) AppleWebKit/605.1.15 (KHTML, like Gecko) Version/14.1.1 Safari/605.1.15"
83.137.9.216 - - [5/May/2015:16:37:21 +0000] "GET /favicon.ico HTTP/1.1" 200 331451 "http://somedomain.com/plugin/highlight/highlight.js" "Mozilla/5.0 (Windows NT 10.0; Win64; x64) AppleWebKit/537.36 (KHTML, like Gecko) Chrome/91.0.4472.124 Safari/537.36"
84.199.32.167 - - [2/May/2015:16:40:17 +0000] "GET /images/kibana-search.png HTTP/1.1" 200 483782 "http://somedomain.com/api/data" "Mozilla/5.0 (Macintosh; Intel Mac OS X 10_15_7) AppleWebKit/605.1.15 (KHTML, like Gecko) Version/14.1.1 Safari/605.1.15"
65.189.22.45 - - [19/May/2015:07:12:37 +0000] "GET /favicon.ico HTTP/1.1" 200 132552 "http://somedomain.com/images/kibana-search.png" "Mozilla/5.0 (Macintosh; Intel Mac OS X 10_15_7) AppleWebKit/605.1.15 (KHTML, like Gecko) Version/14.1.1 Safari/605.1.15"
82.149.9.216 - - [4/May/2015:13:21:03 +0000] "GET /images/kibana-dashboard3.png HTTP/1.1" 200 376370 "http://somedomain.com/plugin/highlight/highlight.js" "Mozilla/5.0 (Macintosh; Intel Mac OS X 10_15_7) AppleWebKit/605.1.15 (KHTML, like Gecko) Version/14.1.1 Safari/605.1.15"
8.49.39.221 - - [7/May/2015:17:45:49 +0000] "GET /plugin/zoom-js/zoom.js HTTP/1.1" 200 110021 "http://somedomain.com/favicon.ico" "Mozilla/5.0 (Windows NT 10.0; Win64; x64) AppleWebKit/537.36 (KHTML, like Gecko) Chrome/91.0.4472.124 Safari/537.36"
78.201.15.89 - - [16/May/2015:10:30:59 +0000] "GET /contact HTTP/1.1" 200 133410 "http://somedomain.com/js/app.js" "Mozilla/5.0 (iPhone; CPU iPhone OS 14_6 like Mac OS X) AppleWebKit/605.1.15 (KHTML, like Gecko) Version/14.1.1 Mobile/15E148 Safari/604.1"
77.166.38.94 - - [28/May/2015:12:30:13 +0000] "GET /about HTTP/1.1" 200 205353 "http://somedomain.com/contact" "Mozilla/5.0 (Macintosh; Intel Mac OS X 10_15_7) AppleWebKit/605.1.15 (KHTML, like Gecko) Version/14.1.1 Safari/605.1.15"
8.49.39.221 - - [17/May/2015:15:33:18 +0000] "GET /css/styles.css HTTP/1.1" 200 183741 "http://somedomain.com/images/kibana-search.png" "Mozilla/5.0 (Macintosh; Intel Mac OS X 10_15_7) AppleWebKit/605.1.15 (KHTML, like Gecko) Version/14.1.1 Safari/605.1.15"
82.149.9.216 - - [18/May/2015:13:08:45 +0000] "GET /js/app.js HTTP/1.1" 200 314300 "http://somedomain.com/js/app.js" "Mozilla/5.0 (Windows NT 10.0; Win64; x64) AppleWebKit/537.36 (KHTML, like Gecko) Chrome/91.0.4472.124 Safari/537.36"
65.189.22.45 - - [27/May/2015:08:57:40 +0000] "GET /plugin/highlight/highlight.js HTTP/1.1" 200 422837 "http://somedomain.com/plugin/zoom-js/zoom.js" "Mozilla/5.0 (Windows NT 10.0; Win64; x64) AppleWebKit/537.36 (KHTML, like Gecko) Chrome/91.0.4472.124 Safari/537.36"
69.211.88.92 - - [4/May/2015:07:59:05 +0000] "GET /api/data HTTP/1.1" 200 181667 "http://somedomain.com/js/app.js" "Mozilla/5.0 (Windows NT 10.0; Win64; x64) AppleWebKit/537.36 (KHTML, like Gecko) Chrome/91.0.4472.124 Safari/537.36"
93.155.66.81 - - [13/May/2015:12:25:59 +0000] "GET /contact HTTP/1.1" 200 379332 "http://somedomain.com/plugin/highlight/highlight.js" "Mozilla/5.0 (Windows NT 10.0; Win64; x64) AppleWebKit/537.36 (KHTML, like Gecko) Chrome/91.0.4472.124 Safari/537.36"
65.189.22.45 - - [7/May/2015:13:48:24 +0000] "GET /favicon.ico HTTP/1.1" 200 442590 "http://somedomain.com/images/kibana-dashboard3.png" "Mozilla/5.0 (Windows NT 10.0; Win64; x64) AppleWebKit/537.36 (KHTML, like Gecko) Chrome/91.0.4472.124 Safari/537.36"
78.201.15.89 - - [10/May/2015:07:45:38 +0000] "GET /css/styles.css HTTP/1.1" 200 24590 "http://somedomain.com/api/data" "Mozilla/5.0 (Windows NT 10.0; Win64; x64) AppleWebKit/537.36 (KHTML, like Gecko) Chrome/91.0.4472.124 Safari/537.36"
82.149.9.216 - - [1/May/2015:17:12:27 +0000] "GET /images/kibana-dashboard3.png HTTP/1.1" 200 198236 "http://somedomain.com/contact" "Mozilla/5.0 (Macintosh; Intel Mac OS X 10_15_7) AppleWebKit/605.1.15 (KHTML, like Gecko) Version/14.1.1 Safari/605.1.15"
72.158.11.201 - - [7/May/2015:16:46:22 +0000] "GET /contact HTTP/1.1" 200 222240 "http://somedomain.com/favicon.ico" "Mozilla/5.0 (iPhone; CPU iPhone OS 14_6 like Mac OS X) AppleWebKit/605.1.15 (KHTML, like Gecko) Version/14.1.1 Mobile/15E148 Safari/604.1"
77.166.38.94 - - [20/May/2015:14:25:12 +0000] "GET /plugin/zoom-js/zoom.js HTTP/1.1" 200 31194 "http://somedomain.com/images/kibana-search.png" "Mozilla/5.0 (Macintosh; Intel Mac OS X 10_15_7) AppleWebKit/605.1.15 (KHTML, like Gecko) Version/14.1.1 Safari/605.1.15"
72.158.11.201 - - [6/May/2015:10:15:17 +0000] "GET /favicon.ico HTTP/1.1" 304 427832 "http://somedomain.com/favicon.ico" "Mozilla/5.0 (Macintosh; Intel Mac OS X 10_15_7) AppleWebKit/605.1.15 (KHTML, like Gecko) Version/14.1.1 Safari/605.1.15"
78.201.15.89 - - [14/May/2015:08:19:55 +0000] "GET /about HTTP/1.1" 200 181927 "http://somedomain.com/plugin/highlight/highlight.js" "Mozilla/5.0 (iPhone; CPU iPhone OS 14_6 like Mac OS X) AppleWebKit/605.1.15 (KHTML, like Gecko) Version/14.1.1 Mobile/15E148 Safari/604.1"
76.144.19.200 - - [31/May/2015:11:11:44 +0000] "GET /images/kibana-search.png HTTP/1.1" 200 350788 "http://somedomain.com/plugin/highlight/highlight.js" "Mozilla/5.0 (Macintosh; Intel Mac OS X 10_15_7) AppleWebKit/605.1.15 (KHTML, like Gecko) Version/14.1.1 Safari/605.1.15"
91.205.77.123 - - [30/May/2015:16:59:14 +0000] "GET /favicon.ico HTTP/1.1" 200 389064 "http://somedomain.com/js/app.js" "Mozilla/5.0 (iPhone; CPU iPhone OS 14_6 like Mac OS X) AppleWebKit/605.1.15 (KHTML, like Gecko) Version/14.1.1 Mobile/15E148 Safari/604.1"
76.144.19.200 - - [30/May/2015:21:45:57 +0000] "GET /js/app.js HTTP/1.1" 200 436988 "http://somedomain.com/css/styles.css" "Mozilla/5.0 (iPhone; CPU iPhone OS 14_6 like Mac OS X) AppleWebKit/605.1.15 (KHTML, like Gecko) Version/14.1.1 Mobile/15E148 Safari/604.1"
97.154.81.158 - - [6/May/2015:22:36:03 +0000] "GET /about HTTP/1.1" 200 325420 "http://somedomain.com/about" "Mozilla/5.0 (Windows NT 10.0; Win64; x64) AppleWebKit/537.36 (KHTML, like Gecko) Chrome/91.0.4472.124 Safari/537.36"
92.149.9.216 - - [22/May/2015:22:44:09 +0000] "GET /css/styles.css HTTP/1.1" 200 1863 "http://somedomain.com/api/data" "Mozilla/5.0 (Windows NT 10.0; Win64; x64) AppleWebKit/537.36 (KHTML, like Gecko) Chrome/91.0.4472.124 Safari/537.36"
82.149.9.216 - - [16/May/2015:17:20:48 +0000] "GET /plugin/zoom-js/zoom.js HTTP/1.1" 200 254328 "http://somedomain.com/plugin/zoom-js/zoom.js" "Mozilla/5.0 (Windows NT 10.0; Win64; x64) AppleWebKit/537.36 (KHTML, like Gecko) Chrome/91.0.4472.124 Safari/537.36"
82.149.9.216 - - [19/May/2015:18:35:33 +0000] "GET /contact HTTP/1.1" 304 147014 "http://somedomain.com/js/app.js" "Mozilla/5.0 (iPhone; CPU iPhone OS 14_6 like Mac OS X) AppleWebKit/605.1.15 (KHTML, like Gecko) Version/14.1.1 Mobile/15E148 Safari/604.1"
92.149.9.216 - - [28/May/2015:12:26:00 +0000] "GET /api/data HTTP/1.1" 404 29119 "http://somedomain.com/plugin/highlight/highlight.js" "Mozilla/5.0 (Macintosh; Intel Mac OS X 10_15_7) AppleWebKit/605.1.15 (KHTML, like Gecko) Version/14.1.1 Safari/605.1.15"
83.137.9.216 - - [7/May/2015:18:56:32 +0000] "GET /css/styles.css HTTP/1.1" 200 35568 "http://somedomain.com/favicon.ico" "Mozilla/5.0 (Windows NT 10.0; Win64; x64) AppleWebKit/537.36 (KHTML, like Gecko) Chrome/91.0.4472.124 Safari/537.36"
81.199.53.102 - - [1/May/2015:14:24:05 +0000] "GET /css/styles.css HTTP/1.1" 200 311890 "http://somedomain.com/api/data" "Mozilla/5.0 (Macintosh; Intel Mac OS X 10_15_7) AppleWebKit/605.1.15 (KHTML, like Gecko) Version/14.1.1 Safari/605.1.15"
83.137.9.216 - - [24/May/2015:16:03:45 +0000] "GET /favicon.ico HTTP/1.1" 200 409096 "http://somedomain.com/images/kibana-dashboard3.png" "Mozilla/5.0 (iPhone; CPU iPhone OS 14_6 like Mac OS X) AppleWebKit/605.1.15 (KHTML, like Gecko) Version/14.1.1 Mobile/15E148 Safari/604.1"
65.189.22.45 - - [16/May/2015:16:47:42 +0000] "GET /favicon.ico HTTP/1.1" 200 285693 "http://somedomain.com/css/styles.css" "Mozilla/5.0 (Macintosh; Intel Mac OS X 10_15_7) AppleWebKit/605.1.15 (KHTML, like Gecko) Version/14.1.1 Safari/605.1.15"
78.201.15.89 - - [23/May/2015:10:28:41 +0000] "GET /plugin/zoom-js/zoom.js HTTP/1.1" 200 74933 "http://somedomain.com/plugin/zoom-js/zoom.js" "Mozilla/5.0 (Macintosh; Intel Mac OS X 10_15_7) AppleWebKit/605.1.15 (KHTML, like Gecko) Version/14.1.1 Safari/605.1.15"
8.49.39.221 - - [8/May/2015:16:38:37 +0000] "GET /plugin/highlight/highlight.js HTTP/1.1" 200 79665 "http://somedomain.com/images/kibana-dashboard3.png" "Mozilla/5.0 (Macintosh; Intel Mac OS X 10_15_7) AppleWebKit/605.1.15 (KHTML, like Gecko) Version/14.1.1 Safari/605.1.15"
85.227.44.109 - - [19/May/2015:14:46:56 +0000] "GET /favicon.ico HTTP/1.1" 200 267203 "http://somedomain.com/js/app.js" "Mozilla/5.0 (Macintosh; Intel Mac OS X 10_15_7) AppleWebKit/605.1.15 (KHTML, like Gecko) Version/14.1.1 Safari/605.1.15"
76.144.19.200 - - [13/May/2015:19:18:08 +0000] "GET /css/styles.css HTTP/1.1" 200 417440 "http://somedomain.com/contact" "Mozilla/5.0 (iPhone; CPU iPhone OS 14_6 like Mac OS X) AppleWebKit/605.1.15 (KHTML, like Gecko) Version/14.1.1 Mobile/15E148 Safari/604.1"
77.166.38.94 - - [16/May/2015:14:48:47 +0000] "GET /css/styles.css HTTP/1.1" 200 338538 "http://somedomain.com/plugin/highlight/highlight.js" "Mozilla/5.0 (Windows NT 10.0; Win64; x64) AppleWebKit/537.36 (KHTML, like Gecko) Chrome/91.0.4472.124 Safari/537.36"
78.201.15.89 - - [19/May/2015:12:10:17 +0000] "GET /about HTTP/1.1" 200 434336 "http://somedomain.com/images/kibana-search.png" "Mozilla/5.0 (Macintosh; Intel Mac OS X 10_15_7) AppleWebKit/605.1.15 (KHTML, like Gecko) Version/14.1.1 Safari/605.1.15"
8.49.39.221 - - [3/May/2015:08:38:12 +0000] "GET /images/kibana-search.png HTTP/1.1" 200 300468 "http://somedomain.com/images/kibana-search.png" "Mozilla/5.0 (Windows NT 10.0; Win64; x64) AppleWebKit/537.36 (KHTML, like Gecko) Chrome/91.0.4472.124 Safari/537.36"
82.149.9.216 - - [2/May/2015:15:15:53 +0000] "GET /api/data HTTP/1.1" 200 227804 "http://somedomain.com/api/data" "Mozilla/5.0 (Macintosh; Intel Mac OS X 10_15_7) AppleWebKit/605.1.15 (KHTML, like Gecko) Version/14.1.1 Safari/605.1.15"
91.205.77.123 - - [17/May/2015:18:35:58 +0000] "GET /plugin/zoom-js/zoom.js HTTP/1.1" 200 303493 "http://somedomain.com/contact" "Mozilla/5.0 (iPhone; CPU iPhone OS 14_6 like Mac OS X) AppleWebKit/605.1.15 (KHTML, like Gecko) Version/14.1.1 Mobile/15E148 Safari/604.1"
85.227.44.109 - - [23/May/2015:08:03:40 +0000] "GET /images/kibana-search.png HTTP/1.1" 200 310314 "http://somedomain.com/plugin/zoom-js/zoom.js" "Mozilla/5.0 (Windows NT 10.0; Win64; x64) AppleWebKit/537.36 (KHTML, like Gecko) Chrome/91.0.4472.124 Safari/537.36"
81.199.53.102 - - [25/May/2015:13:57:39 +0000] "GET /images/kibana-dashboard3.png HTTP/1.1" 200 110784 "http://somedomain.com/about" "Mozilla/5.0 (Macintosh; Intel Mac OS X 10_15_7) AppleWebKit/605.1.15 (KHTML, like Gecko) Version/14.1.1 Safari/605.1.15"
8.49.39.221 - - [13/May/2015:10:22:31 +0000] "GET /favicon.ico HTTP/1.1" 200 81481 "http://somedomain.com/plugin/highlight/highlight.js" "Mozilla/5.0 (iPhone; CPU iPhone OS 14_6 like Mac OS X) AppleWebKit/605.1.15 (KHTML, like Gecko) Version/14.1.1 Mobile/15E148 Safari/604.1"
8.49.39.221 - - [12/May/2015:13:03:18 +0000] "GET /contact HTTP/1.1" 200 135955 "http://somedomain.com/favicon.ico" "Mozilla/5.0 (iPhone; CPU iPhone OS 14_6 like Mac OS X) AppleWebKit/605.1.15 (KHTML, like Gecko) Version/14.1.1 Mobile/15E148 Safari/604.1"
85.227.44.109 - - [19/May/2015:18:37:02 +0000] "GET /favicon.ico HTTP/1.1" 200 185505 "http://somedomain.com/images/kibana-dashboard3.png" "Mozilla/5.0 (Macintosh; Intel Mac OS X 10_15_7) AppleWebKit/605.1.15 (KHTML, like Gecko) Version/14.1.1 Safari/605.1.15"
78.201.15.89 - - [6/May/2015:11:33:52 +0000] "GET /css/styles.css HTTP/1.1" 200 235656 "http://somedomain.com/images/kibana-dashboard3.png" "Mozilla/5.0 (Windows NT 10.0; Win64; x64) AppleWebKit/537.36 (KHTML, like Gecko) Chrome/91.0.4472.124 Safari/537.36"
82.149.9.216 - - [16/May/2015:16:30:32 +0000] "GET /css/styles.css HTTP/1.1" 200 488400 "http://somedomain.com/api/data" "Mozilla/5.0 (Windows NT 10.0; Win64; x64) AppleWebKit/537.36 (KHTML, like Gecko) Chrome/91.0.4472.124 Safari/537.36"
78.201.15.89 - - [4/May/2015:06:37:39 +0000] "GET /plugin/highlight/highlight.js HTTP/1.1" 200 266867 "http://somedomain.com/plugin/zoom-js/zoom.js" "Mozilla/5.0 (Windows NT 10.0; Win64; x64) AppleWebKit/537.36 (KHTML, like Gecko) Chrome/91.0.4472.124 Safari/537.36"
85.227.44.109 - - [10/May/2015:20:22:42 +0000] "GET /images/kibana-search.png HTTP/1.1" 200 495917 "http://somedomain.com/plugin/zoom-js/zoom.js" "Mozilla/5.0 (iPhone; CPU iPhone OS 14_6 like Mac OS X) AppleWebKit/605.1.15 (KHTML, like Gecko) Version/14.1.1 Mobile/15E148 Safari/604.1"
92.149.9.216 - - [16/May/2015:17:17:39 +0000] "GET /contact HTTP/1.1" 404 29969 "http://somedomain.com/api/data" "Mozilla/5.0 (Windows NT 10.0; Win64; x64) AppleWebKit/537.36 (KHTML, like Gecko) Chrome/91.0.4472.124 Safari/537.36"
65.189.22.45 - - [20/May/2015:14:41:14 +0000] "GET /contact HTTP/1.1" 200 1316 "http://somedomain.com/about" "Mozilla/5.0 (Windows NT 10.0; Win64; x64) AppleWebKit/537.36 (KHTML, like Gecko) Chrome/91.0.4472.124 Safari/537.36"
72.158.11.201 - - [3/May/2015:18:41:14 +0000] "GET /plugin/zoom-js/zoom.js HTTP/1.1" 200 254142 "http://somedomain.com/contact" "Mozilla/5.0 (iPhone; CPU iPhone OS 14_6 like Mac OS X) AppleWebKit/605.1.15 (KHTML, like Gecko) Version/14.1.1 Mobile/15E148 Safari/604.1"
72.158.11.201 - - [9/May/2015:18:26:25 +0000] "GET /favicon.ico HTTP/1.1" 200 21717 "http://somedomain.com/about" "Mozilla/5.0 (Windows NT 10.0; Win64; x64) AppleWebKit/537.36 (KHTML, like Gecko) Chrome/91.0.4472.124 Safari/537.36"
8.49.39.221 - - [17/May/2015:09:33:21 +0000] "GET /js/app.js HTTP/1.1" 200 175248 "http://somedomain.com/favicon.ico" "Mozilla/5.0 (Macintosh; Intel Mac OS X 10_15_7) AppleWebKit/605.1.15 (KHTML, like Gecko) Version/14.1.1 Safari/605.1.15"
8.49.39.221 - - [28/May/2015:16:04:04 +0000] "GET /images/kibana-search.png HTTP/1.1" 200 4019 "http://somedomain.com/plugin/highlight/highlight.js" "Mozilla/5.0 (Macintosh; Intel Mac OS X 10_15_7) AppleWebKit/605.1.15 (KHTML, like Gecko) Version/14.1.1 Safari/605.1.15"
93.155.66.81 - - [13/May/2015:10:01:55 +0000] "GET /js/app.js HTTP/1.1" 200 191719 "http://somedomain.com/about" "Mozilla/5.0 (Windows NT 10.0; Win64; x64) AppleWebKit/537.36 (KHTML, like Gecko) Chrome/91.0.4472.124 Safari/537.36"
76.144.19.200 - - [20/May/2015:22:46:54 +0000] "GET /images/kibana-dashboard3.png HTTP/1.1" 200 288318 "http://somedomain.com/css/styles.css" "Mozilla/5.0 (Windows NT 10.0; Win64; x64) AppleWebKit/537.36 (KHTML, like Gecko) Chrome/91.0.4472.124 Safari/537.36"
83.137.9.216 - - [25/May/2015:13:56:06 +0000] "GET /images/kibana-dashboard3.png HTTP/1.1" 200 382286 "http://somedomain.com/css/styles.css" "Mozilla/5.0 (iPhone; CPU iPhone OS 14_6 like Mac OS X) AppleWebKit/605.1.15 (KHTML, like Gecko) Version/14.1.1 Mobile/15E148 Safari/604.1"
65.189.22.45 - - [5/May/2015:15:58:22 +0000] "GET /about HTTP/1.1" 200 14513 "http://somedomain.com/plugin/zoom-js/zoom.js" "Mozilla/5.0 (iPhone; CPU iPhone OS 14_6 like Mac OS X) AppleWebKit/605.1.15 (KHTML, like Gecko) Version/14.1.1 Mobile/15E148 Safari/604.1"
77.166.38.94 - - [6/May/2015:12:12:23 +0000] "GET /plugin/zoom-js/zoom.js HTTP/1.1" 200 232564 "http://somedomain.com/favicon.ico" "Mozilla/5.0 (Windows NT 10.0; Win64; x64) AppleWebKit/537.36 (KHTML, like Gecko) Chrome/91.0.4472.124 Safari/537.36"
8.49.39.221 - - [13/May/2015:06:35:42 +0000] "GET /images/kibana-dashboard3.png HTTP/1.1" 200 108545 "http://somedomain.com/plugin/zoom-js/zoom.js" "Mozilla/5.0 (Windows NT 10.0; Win64; x64) AppleWebKit/537.36 (KHTML, like Gecko) Chrome/91.0.4472.124 Safari/537.36"
72.158.11.201 - - [12/May/2015:13:56:31 +0000] "GET /api/data HTTP/1.1" 200 297274 "http://somedomain.com/favicon.ico" "Mozilla/5.0 (Macintosh; Intel Mac OS X 10_15_7) AppleWebKit/605.1.15 (KHTML, like Gecko) Version/14.1.1 Safari/605.1.15"
83.137.9.216 - - [5/May/2015:18:32:14 +0000] "GET /about HTTP/1.1" 200 74516 "http://somedomain.com/contact" "Mozilla/5.0 (Macintosh; Intel Mac OS X 10_15_7) AppleWebKit/605.1.15 (KHTML, like Gecko) Version/14.1.1 Safari/605.1.15"
8.49.39.221 - - [23/May/2015:14:22:16 +0000] "GET /css/styles.css HTTP/1.1" 200 155290 "http://somedomain.com/plugin/highlight/highlight.js" "Mozilla/5.0 (Windows NT 10.0; Win64; x64) AppleWebKit/537.36 (KHTML, like Gecko) Chrome/91.0.4472.124 Safari/537.36"
85.227.44.109 - - [23/May/2015:09:20:48 +0000] "GET /js/app.js HTTP/1.1" 200 245752 "http://somedomain.com/images/kibana-search.png" "Mozilla/5.0 (Macintosh; Intel Mac OS X 10_15_7) AppleWebKit/605.1.15 (KHTML, like Gecko) Version/14.1.1 Safari/605.1.15"
81.199.53.102 - - [4/May/2015:15:29:22 +0000] "GET /favicon.ico HTTP/1.1" 200 392917 "http://somedomain.com/contact" "Mozilla/5.0 (Windows NT 10.0; Win64; x64) AppleWebKit/537.36 (KHTML, like Gecko) Chrome/91.0.4472.124 Safari/537.36"
78.201.15.89 - - [2/May/2015:14:12:59 +0000] "GET /images/kibana-search.png HTTP/1.1" 200 96363 "http://somedomain.com/plugin/zoom-js/zoom.js" "Mozilla/5.0 (Windows NT 10.0; Win64; x64) AppleWebKit/537.36 (KHTML, like Gecko) Chrome/91.0.4472.124 Safari/537.36"
8.49.39.221 - - [9/May/2015:08:31:27 +0000] "GET /contact HTTP/1.1" 200 489800 "http://somedomain.com/js/app.js" "Mozilla/5.0 (iPhone; CPU iPhone OS 14_6 like Mac OS X) AppleWebKit/605.1.15 (KHTML, like Gecko) Version/14.1.1 Mobile/15E148 Safari/604.1"
78.201.15.89 - - [24/May/2015:20:47:23 +0000] "GET /about HTTP/1.1" 200 73089 "http://somedomain.com/api/data" "Mozilla/5.0 (Windows NT 10.0; Win64; x64) AppleWebKit/537.36 (KHTML, like Gecko) Chrome/91.0.4472.124 Safari/537.36"
93.155.66.81 - - [29/May/2015:16:19:33 +0000] "GET /css/styles.css HTTP/1.1" 200 256968 "http://somedomain.com/favicon.ico" "Mozilla/5.0 (Macintosh; Intel Mac OS X 10_15_7) AppleWebKit/605.1.15 (KHTML, like Gecko) Version/14.1.1 Safari/605.1.15"
65.189.22.45 - - [14/May/2015:23:52:17 +0000] "GET /contact HTTP/1.1" 200 66499 "http://somedomain.com/images/kibana-dashboard3.png" "Mozilla/5.0 (Windows NT 10.0; Win64; x64) AppleWebKit/537.36 (KHTML, like Gecko) Chrome/91.0.4472.124 Safari/537.36"
69.211.88.92 - - [30/May/2015:15:33:26 +0000] "GET /images/kibana-dashboard3.png HTTP/1.1" 200 218658 "http://somedomain.com/images/kibana-search.png" "Mozilla/5.0 (iPhone; CPU iPhone OS 14_6 like Mac OS X) AppleWebKit/605.1.15 (KHTML, like Gecko) Version/14.1.1 Mobile/15E148 Safari/604.1"
83.137.9.216 - - [11/May/2015:17:30:45 +0000] "GET /images/kibana-dashboard3.png HTTP/1.1" 200 109579 "http://somedomain.com/about" "Mozilla/5.0 (iPhone; CPU iPhone OS 14_6 like Mac OS X) AppleWebKit/605.1.15 (KHTML, like Gecko) Version/14.1.1 Mobile/15E148 Safari/604.1"
65.189.22.45 - - [8/May/2015:15:14:02 +0000] "GET /contact HTTP/1.1" 200 16391 "http://somedomain.com/contact" "Mozilla/5.0 (iPhone; CPU iPhone OS 14_6 like Mac OS X) AppleWebKit/605.1.15 (KHTML, like Gecko) Version/14.1.1 Mobile/15E148 Safari/604.1"
8.49.39.221 - - [24/May/2015:16:13:55 +0000] "GET /css/styles.css HTTP/1.1" 200 207367 "http://somedomain.com/api/data" "Mozilla/5.0 (iPhone; CPU iPhone OS 14_6 like Mac OS X) AppleWebKit/605.1.15 (KHTML, like Gecko) Version/14.1.1 Mobile/15E148 Safari/604.1"
65.189.22.45 - - [16/May/2015:20:34:03 +0000] "GET /api/data HTTP/1.1" 200 319086 "http://somedomain.com/images/kibana-search.png" "Mozilla/5.0 (Windows NT 10.0; Win64; x64) AppleWebKit/537.36 (KHTML, like Gecko) Chrome/91.0.4472.124 Safari/537.36"
8.49.39.221 - - [31/May/2015:11:55:26 +0000] "GET /favicon.ico HTTP/1.1" 200 271234 "http://somedomain.com/contact" "Mozilla/5.0 (Windows NT 10.0; Win64; x64) AppleWebKit/537.36 (KHTML, like Gecko) Chrome/91.0.4472.124 Safari/537.36"
84.199.32.167 - - [31/May/2015:14:05:58 +0000] "GET /images/kibana-dashboard3.png HTTP/1.1" 200 87090 "http://somedomain.com/js/app.js" "Mozilla/5.0 (Macintosh; Intel Mac OS X 10_15_7) AppleWebKit/605.1.15 (KHTML, like Gecko) Version/14.1.1 Safari/605.1.15"
8.49.39.221 - - [17/May/2015:17:28:20 +0000] "GET /api/data HTTP/1.1" 200 114850 "http://somedomain.com/favicon.ico" "Mozilla/5.0 (Macintosh; Intel Mac OS X 10_15_7) AppleWebKit/605.1.15 (KHTML, like Gecko) Version/14.1.1 Safari/605.1.15"
93.155.66.81 - - [7/May/2015:08:51:31 +0000] "GET /plugin/zoom-js/zoom.js HTTP/1.1" 200 224732 "http://somedomain.com/css/styles.css" "Mozilla/5.0 (Macintosh; Intel Mac OS X 10_15_7) AppleWebKit/605.1.15 (KHTML, like Gecko) Version/14.1.1 Safari/605.1.15"
82.149.9.216 - - [1/May/2015:16:24:20 +0000] "GET /js/app.js HTTP/1.1" 200 7334 "http://somedomain.com/about" "Mozilla/5.0 (iPhone; CPU iPhone OS 14_6 like Mac OS X) AppleWebKit/605.1.15 (KHTML, like Gecko) Version/14.1.1 Mobile/15E148 Safari/604.1"
82.149.9.216 - - [13/May/2015:07:24:40 +0000] "GET /images/kibana-search.png HTTP/1.1" 404 203751 "http://somedomain.com/about" "Mozilla/5.0 (iPhone; CPU iPhone OS 14_6 like Mac OS X) AppleWebKit/605.1.15 (KHTML, like Gecko) Version/14.1.1 Mobile/15E148 Safari/604.1"
94.188.25.117 - - [2/May/2015:12:36:32 +0000] "GET /plugin/zoom-js/zoom.js HTTP/1.1" 200 338247 "http://somedomain.com/about" "Mozilla/5.0 (Windows NT 10.0; Win64; x64) AppleWebKit/537.36 (KHTML, like Gecko) Chrome/91.0.4472.124 Safari/537.36"
8.49.39.221 - - [19/May/2015:11:05:00 +0000] "GET /about HTTP/1.1" 200 489727 "http://somedomain.com/about" "Mozilla/5.0 (iPhone; CPU iPhone OS 14_6 like Mac OS X) AppleWebKit/605.1.15 (KHTML, like Gecko) Version/14.1.1 Mobile/15E148 Safari/604.1"
82.149.9.216 - - [15/May/2015:17:55:21 +0000] "GET /plugin/highlight/highlight.js HTTP/1.1" 200 42429 "http://somedomain.com/api/data" "Mozilla/5.0 (Windows NT 10.0; Win64; x64) AppleWebKit/537.36 (KHTML, like Gecko) Chrome/91.0.4472.124 Safari/537.36"
81.199.53.102 - - [13/May/2015:12:00:08 +0000] "GET /plugin/highlight/highlight.js HTTP/1.1" 200 450055 "http://somedomain.com/contact" "Mozilla/5.0 (Windows NT 10.0; Win64; x64) AppleWebKit/537.36 (KHTML, like Gecko) Chrome/91.0.4472.124 Safari/537.36"
8.49.39.221 - - [12/May/2015:13:32:33 +0000] "GET /images/kibana-search.png HTTP/1.1" 200 51339 "http://somedomain.com/plugin/zoom-js/zoom.js" "Mozilla/5.0 (Windows NT 10.0; Win64; x64) AppleWebKit/537.36 (KHTML, like Gecko) Chrome/91.0.4472.124 Safari/537.36"
72.158.11.201 - - [1/May/2015:15:48:56 +0000] "GET /images/kibana-dashboard3.png HTTP/1.1" 200 363172 "http://somedomain.com/js/app.js" "Mozilla/5.0 (Windows NT 10.0; Win64; x64) AppleWebKit/537.36 (KHTML, like Gecko) Chrome/91.0.4472.124 Safari/537.36"
8.49.39.221 - - [5/May/2015:18:24:31 +0000] "GET /css/styles.css HTTP/1.1" 200 319375 "http://somedomain.com/favicon.ico" "Mozilla/5.0 (Windows NT 10.0; Win64; x64) AppleWebKit/537.36 (KHTML, like Gecko) Chrome/91.0.4472.124 Safari/537.36"
65.189.22.45 - - [9/May/2015:11:37:59 +0000] "GET /images/kibana-search.png HTTP/1.1" 200 387168 "http://somedomain.com/plugin/highlight/highlight.js" "Mozilla/5.0 (Windows NT 10.0; Win64; x64) AppleWebKit/537.36 (KHTML, like Gecko) Chrome/91.0.4472.124 Safari/537.36"
91.205.77.123 - - [29/May/2015:11:06:40 +0000] "GET /contact HTTP/1.1" 200 50504 "http://somedomain.com/contact" "Mozilla/5.0 (Macintosh; Intel Mac OS X 10_15_7) AppleWebKit/605.1.15 (KHTML, like Gecko) Version/14.1.1 Safari/605.1.15"
72.158.11.201 - - [23/May/2015:13:59:04 +0000] "GET /plugin/zoom-js/zoom.js HTTP/1.1" 200 245548 "http://somedomain.com/images/kibana-dashboard3.png" "Mozilla/5.0 (Macintosh; Intel Mac OS X 10_15_7) AppleWebKit/605.1.15 (KHTML, like Gecko) Version/14.1.1 Safari/605.1.15"
82.149.9.216 - - [5/May/2015:15:43:25 +0000] "GET /favicon.ico HTTP/1.1" 200 304185 "http://somedomain.com/api/data" "Mozilla/5.0 (Macintosh; Intel Mac OS X 10_15_7) AppleWebKit/605.1.15 (KHTML, like Gecko) Version/14.1.1 Safari/605.1.15"
95.207.60.131 - - [19/May/2015:15:36:10 +0000] "GET /favicon.ico HTTP/1.1" 200 115046 "http://somedomain.com/api/data" "Mozilla/5.0 (Macintosh; Intel Mac OS X 10_15_7) AppleWebKit/605.1.15 (KHTML, like Gecko) Version/14.1.1 Safari/605.1.15"
82.149.9.216 - - [25/May/2015:11:29:07 +0000] "GET /about HTTP/1.1" 200 22733 "http://somedomain.com/favicon.ico" "Mozilla/5.0 (iPhone; CPU iPhone OS 14_6 like Mac OS X) AppleWebKit/605.1.15 (KHTML, like Gecko) Version/14.1.1 Mobile/15E148 Safari/604.1"
91.205.77.123 - - [11/May/2015:10:56:36 +0000] "GET /contact HTTP/1.1" 200 394347 "http://somedomain.com/js/app.js" "Mozilla/5.0 (Macintosh; Intel Mac OS X 10_15_7) AppleWebKit/605.1.15 (KHTML, like Gecko) Version/14.1.1 Safari/605.1.15"
8.49.39.221 - - [17/May/2015:10:58:32 +0000] "GET /images/kibana-dashboard3.png HTTP/1.1" 200 216286 "http://somedomain.com/about" "Mozilla/5.0 (iPhone; CPU iPhone OS 14_6 like Mac OS X) AppleWebKit/605.1.15 (KHTML, like Gecko) Version/14.1.1 Mobile/15E148 Safari/604.1"
8.49.39.221 - - [29/May/2015:18:19:06 +0000] "GET /images/kibana-search.png HTTP/1.1" 200 265766 "http://somedomain.com/contact" "Mozilla/5.0 (Macintosh; Intel Mac OS X 10_15_7) AppleWebKit/605.1.15 (KHTML, like Gecko) Version/14.1.1 Safari/605.1.15"
65.189.22.45 - - [20/May/2015:06:22:23 +0000] "GET /css/styles.css HTTP/1.1" 200 385927 "http://somedomain.com/css/styles.css" "Mozilla/5.0 (Macintosh; Intel Mac OS X 10_15_7) AppleWebKit/605.1.15 (KHTML, like Gecko) Version/14.1.1 Safari/605.1.15"
91.205.77.123 - - [14/May/2015:23:28:12 +0000] "GET /images/kibana-dashboard3.png HTTP/1.1" 200 346579 "http://somedomain.com/css/styles.css" "Mozilla/5.0 (Macintosh; Intel Mac OS X 10_15_7) AppleWebKit/605.1.15 (KHTML, like Gecko) Version/14.1.1 Safari/605.1.15"
8.49.39.221 - - [1/May/2015:07:47:23 +0000] "GET /about HTTP/1.1" 200 303208 "http://somedomain.com/plugin/zoom-js/zoom.js" "Mozilla/5.0 (Macintosh; Intel Mac OS X 10_15_7) AppleWebKit/605.1.15 (KHTML, like Gecko) Version/14.1.1 Safari/605.1.15"
69.211.88.92 - - [21/May/2015:12:34:52 +0000] "GET /api/data HTTP/1.1" 200 233252 "http://somedomain.com/plugin/zoom-js/zoom.js" "Mozilla/5.0 (Macintosh; Intel Mac OS X 10_15_7) AppleWebKit/605.1.15 (KHTML, like Gecko) Version/14.1.1 Safari/605.1.15"
78.201.15.89 - - [3/May/2015:16:04:55 +0000] "GET /plugin/highlight/highlight.js HTTP/1.1" 200 214837 "http://somedomain.com/css/styles.css" "Mozilla/5.0 (iPhone; CPU iPhone OS 14_6 like Mac OS X) AppleWebKit/605.1.15 (KHTML, like Gecko) Version/14.1.1 Mobile/15E148 Safari/604.1"
8.49.39.221 - - [2/May/2015:19:12:50 +0000] "GET /css/styles.css HTTP/1.1" 200 348680 "http://somedomain.com/images/kibana-search.png" "Mozilla/5.0 (Windows NT 10.0; Win64; x64) AppleWebKit/537.36 (KHTML, like Gecko) Chrome/91.0.4472.124 Safari/537.36"
82.149.9.216 - - [9/May/2015:12:20:18 +0000] "GET /images/kibana-dashboard3.png HTTP/1.1" 200 86985 "http://somedomain.com/contact" "Mozilla/5.0 (iPhone; CPU iPhone OS 14_6 like Mac OS X) AppleWebKit/605.1.15 (KHTML, like Gecko) Version/14.1.1 Mobile/15E148 Safari/604.1"
65.189.22.45 - - [25/May/2015:14:09:38 +0000] "GET /js/app.js HTTP/1.1" 200 213373 "http://somedomain.com/images/kibana-search.png" "Mozilla/5.0 (Macintosh; Intel Mac OS X 10_15_7) AppleWebKit/605.1.15 (KHTML, like Gecko) Version/14.1.1 Safari/605.1.15"
96.213.70.145 - - [22/May/2015:17:28:45 +0000] "GET /images/kibana-dashboard3.png HTTP/1.1" 200 333710 "http://somedomain.com/plugin/zoom-js/zoom.js" "Mozilla/5.0 (Macintosh; Intel Mac OS X 10_15_7) AppleWebKit/605.1.15 (KHTML, like Gecko) Version/14.1.1 Safari/605.1.15"
77.166.38.94 - - [6/May/2015:13:25:23 +0000] "GET /contact HTTP/1.1" 200 241615 "http://somedomain.com/contact" "Mozilla/5.0 (iPhone; CPU iPhone OS 14_6 like Mac OS X) AppleWebKit/605.1.15 (KHTML, like Gecko) Version/14.1.1 Mobile/15E148 Safari/604.1"
78.201.15.89 - - [29/May/2015:05:32:35 +0000] "GET /api/data HTTP/1.1" 304 120855 "http://somedomain.com/contact" "Mozilla/5.0 (Macintosh; Intel Mac OS X 10_15_7) AppleWebKit/605.1.15 (KHTML, like Gecko) Version/14.1.1 Safari/605.1.15"
81.199.53.102 - - [23/May/2015:18:46:29 +0000] "GET /favicon.ico HTTP/1.1" 200 238490 "http://somedomain.com/js/app.js" "Mozilla/5.0 (Windows NT 10.0; Win64; x64) AppleWebKit/537.36 (KHTML, like Gecko) Chrome/91.0.4472.124 Safari/537.36"
91.205.77.123 - - [14/May/2015:07:41:11 +0000] "GET /css/styles.css HTTP/1.1" 200 6680 "http://somedomain.com/api/data" "Mozilla/5.0 (Macintosh; Intel Mac OS X 10_15_7) AppleWebKit/605.1.15 (KHTML, like Gecko) Version/14.1.1 Safari/605.1.15"
69.211.88.92 - - [19/May/2015:18:02:11 +0000] "GET /css/styles.css HTTP/1.1" 200 304552 "http://somedomain.com/plugin/zoom-js/zoom.js" "Mozilla/5.0 (iPhone; CPU iPhone OS 14_6 like Mac OS X) AppleWebKit/605.1.15 (KHTML, like Gecko) Version/14.1.1 Mobile/15E148 Safari/604.1"
8.49.39.221 - - [30/May/2015:14:02:25 +0000] "GET /about HTTP/1.1" 200 65002 "http://somedomain.com/js/app.js" "Mozilla/5.0 (Macintosh; Intel Mac OS X 10_15_7) AppleWebKit/605.1.15 (KHTML, like Gecko) Version/14.1.1 Safari/605.1.15"
8.49.39.221 - - [27/May/2015:12:45:43 +0000] "GET /contact HTTP/1.1" 200 53809 "http://somedomain.com/contact" "Mozilla/5.0 (Macintosh; Intel Mac OS X 10_15_7) AppleWebKit/605.1.15 (KHTML, like Gecko) Version/14.1.1 Safari/605.1.15"
85.227.44.109 - - [20/May/2015:15:37:48 +0000] "GET /images/kibana-search.png HTTP/1.1" 200 7331 "http://somedomain.com/images/kibana-dashboard3.png" "Mozilla/5.0 (Macintosh; Intel Mac OS X 10_15_7) AppleWebKit/605.1.15 (KHTML, like Gecko) Version/14.1.1 Safari/605.1.15"
85.227.44.109 - - [10/May/2015:13:41:02 +0000] "GET /css/styles.css HTTP/1.1" 200 298224 "http://somedomain.com/images/kibana-search.png" "Mozilla/5.0 (iPhone; CPU iPhone OS 14_6 like Mac OS X) AppleWebKit/605.1.15 (KHTML, like Gecko) Version/14.1.1 Mobile/15E148 Safari/604.1"
8.49.39.221 - - [27/May/2015:22:30:23 +0000] "GET /js/app.js HTTP/1.1" 200 333385 "http://somedomain.com/plugin/zoom-js/zoom.js" "Mozilla/5.0 (Macintosh; Intel Mac OS X 10_15_7) AppleWebKit/605.1.15 (KHTML, like Gecko) Version/14.1.1 Safari/605.1.15"
78.201.15.89 - - [23/May/2015:12:01:02 +0000] "GET /plugin/zoom-js/zoom.js HTTP/1.1" 200 394599 "http://somedomain.com/plugin/highlight/highlight.js" "Mozilla/5.0 (iPhone; CPU iPhone OS 14_6 like Mac OS X) AppleWebKit/605.1.15 (KHTML, like Gecko) Version/14.1.1 Mobile/15E148 Safari/604.1"
65.189.22.45 - - [3/May/2015:10:17:13 +0000] "GET /js/app.js HTTP/1.1" 200 464099 "http://somedomain.com/favicon.ico" "Mozilla/5.0 (Windows NT 10.0; Win64; x64) AppleWebKit/537.36 (KHTML, like Gecko) Chrome/91.0.4472.124 Safari/537.36"
82.149.9.216 - - [16/May/2015:15:36:15 +0000] "GET /plugin/zoom-js/zoom.js HTTP/1.1" 304 188990 "http://somedomain.com/images/kibana-dashboard3.png" "Mozilla/5.0 (Macintosh; Intel Mac OS X 10_15_7) AppleWebKit/605.1.15 (KHTML, like Gecko) Version/14.1.1 Safari/605.1.15"
91.205.77.123 - - [11/May/2015:16:58:10 +0000] "GET /css/styles.css HTTP/1.1" 200 339051 "http://somedomain.com/images/kibana-dashboard3.png" "Mozilla/5.0 (Macintosh; Intel Mac OS X 10_15_7) AppleWebKit/605.1.15 (KHTML, like Gecko) Version/14.1.1 Safari/605.1.15"
8.49.39.221 - - [17/May/2015:14:01:05 +0000] "GET /css/styles.css HTTP/1.1" 200 99749 "http://somedomain.com/plugin/zoom-js/zoom.js" "Mozilla/5.0 (Macintosh; Intel Mac OS X 10_15_7) AppleWebKit/605.1.15 (KHTML, like Gecko) Version/14.1.1 Safari/605.1.15"
82.149.9.216 - - [10/May/2015:06:03:55 +0000] "GET /images/kibana-dashboard3.png HTTP/1.1" 200 457671 "http://somedomain.com/images/kibana-dashboard3.png" "Mozilla/5.0 (Windows NT 10.0; Win64; x64) AppleWebKit/537.36 (KHTML, like Gecko) Chrome/91.0.4472.124 Safari/537.36"
77.166.38.94 - - [30/May/2015:21:38:41 +0000] "GET /images/kibana-search.png HTTP/1.1" 200 36622 "http://somedomain.com/about" "Mozilla/5.0 (iPhone; CPU iPhone OS 14_6 like Mac OS X) AppleWebKit/605.1.15 (KHTML, like Gecko) Version/14.1.1 Mobile/15E148 Safari/604.1"
92.149.9.216 - - [5/May/2015:08:45:36 +0000] "GET /plugin/highlight/highlight.js HTTP/1.1" 200 484485 "http://somedomain.com/images/kibana-search.png" "Mozilla/5.0 (Macintosh; Intel Mac OS X 10_15_7) AppleWebKit/605.1.15 (KHTML, like Gecko) Version/14.1.1 Safari/605.1.15"
8.49.39.221 - - [16/May/2015:05:26:10 +0000] "GET /plugin/highlight/highlight.js HTTP/1.1" 200 149311 "http://somedomain.com/js/app.js" "Mozilla/5.0 (Macintosh; Intel Mac OS X 10_15_7) AppleWebKit/605.1.15 (KHTML, like Gecko) Version/14.1.1 Safari/605.1.15"
94.188.25.117 - - [20/May/2015:14:39:45 +0000] "GET /api/data HTTP/1.1" 200 478819 "http://somedomain.com/favicon.ico" "Mozilla/5.0 (Macintosh; Intel Mac OS X 10_15_7) AppleWebKit/605.1.15 (KHTML, like Gecko) Version/14.1.1 Safari/605.1.15"
93.155.66.81 - - [24/May/2015:15:40:56 +0000] "GET /plugin/highlight/highlight.js HTTP/1.1" 200 72997 "http://somedomain.com/api/data" "Mozilla/5.0 (Windows NT 10.0; Win64; x64) AppleWebKit/537.36 (KHTML, like Gecko) Chrome/91.0.4472.124 Safari/537.36"
8.49.39.221 - - [16/May/2015:11:35:12 +0000] "GET /plugin/zoom-js/zoom.js HTTP/1.1" 200 151938 "http://somedomain.com/contact" "Mozilla/5.0 (iPhone; CPU iPhone OS 14_6 like Mac OS X) AppleWebKit/605.1.15 (KHTML, like Gecko) Version/14.1.1 Mobile/15E148 Safari/604.1"
85.227.44.109 - - [2/May/2015:17:14:10 +0000] "GET /js/app.js HTTP/1.1" 200 464555 "http://somedomain.com/images/kibana-dashboard3.png" "Mozilla/5.0 (Windows NT 10.0; Win64; x64) AppleWebKit/537.36 (KHTML, like Gecko) Chrome/91.0.4472.124 Safari/537.36"
78.201.15.89 - - [16/May/2015:18:21:06 +0000] "GET /js/app.js HTTP/1.1" 200 25276 "http://somedomain.com/plugin/highlight/highlight.js" "Mozilla/5.0 (iPhone; CPU iPhone OS 14_6 like Mac OS X) AppleWebKit/605.1.15 (KHTML, like Gecko) Version/14.1.1 Mobile/15E148 Safari/604.1"
93.155.66.81 - - [23/May/2015:14:39:24 +0000] "GET /api/data HTTP/1.1" 200 436464 "http://somedomain.com/js/app.js" "Mozilla/5.0 (Macintosh; Intel Mac OS X 10_15_7) AppleWebKit/605.1.15 (KHTML, like Gecko) Version/14.1.1 Safari/605.1.15"
93.155.66.81 - - [3/May/2015:12:42:18 +0000] "GET /api/data HTTP/1.1" 200 371461 "http://somedomain.com/css/styles.css" "Mozilla/5.0 (Windows NT 10.0; Win64; x64) AppleWebKit/537.36 (KHTML, like Gecko) Chrome/91.0.4472.124 Safari/537.36"
85.227.44.109 - - [11/May/2015:08:09:18 +0000] "GET /api/data HTTP/1.1" 200 493270 "http://somedomain.com/images/kibana-dashboard3.png" "Mozilla/5.0 (Macintosh; Intel Mac OS X 10_15_7) AppleWebKit/605.1.15 (KHTML, like Gecko) Version/14.1.1 Safari/605.1.15"
78.201.15.89 - - [11/May/2015:14:16:19 +0000] "GET /js/app.js HTTP/1.1" 200 255950 "http://somedomain.com/plugin/highlight/highlight.js" "Mozilla/5.0 (Macintosh; Intel Mac OS X 10_15_7) AppleWebKit/605.1.15 (KHTML, like Gecko) Version/14.1.1 Safari/605.1.15"
78.201.15.89 - - [24/May/2015:12:41:45 +0000] "GET /about HTTP/1.1" 200 66209 "http://somedomain.com/plugin/highlight/highlight.js" "Mozilla/5.0 (Macintosh; Intel Mac OS X 10_15_7) AppleWebKit/605.1.15 (KHTML, like Gecko) Version/14.1.1 Safari/605.1.15"
81.199.53.102 - - [11/May/2015:19:41:50 +0000] "GET /contact HTTP/1.1" 200 418286 "http://somedomain.com/images/kibana-dashboard3.png" "Mozilla/5.0 (Macintosh; Intel Mac OS X 10_15_7) AppleWebKit/605.1.15 (KHTML, like Gecko) Version/14.1.1 Safari/605.1.15"
84.199.32.167 - - [27/May/2015:11:16:04 +0000] "GET /plugin/highlight/highlight.js HTTP/1.1" 200 429226 "http://somedomain.com/css/styles.css" "Mozilla/5.0 (Macintosh; Intel Mac OS X 10_15_7) AppleWebKit/605.1.15 (KHTML, like Gecko) Version/14.1.1 Safari/605.1.15"
84.199.32.167 - - [11/May/2015:14:47:55 +0000] "GET /favicon.ico HTTP/1.1" 200 273173 "http://somedomain.com/plugin/highlight/highlight.js" "Mozilla/5.0 (Macintosh; Intel Mac OS X 10_15_7) AppleWebKit/605.1.15 (KHTML, like Gecko) Version/14.1.1 Safari/605.1.15"
83.137.9.216 - - [5/May/2015:15:15:46 +0000] "GET /contact HTTP/1.1" 200 468639 "http://somedomain.com/plugin/zoom-js/zoom.js" "Mozilla/5.0 (iPhone; CPU iPhone OS 14_6 like Mac OS X) AppleWebKit/605.1.15 (KHTML, like Gecko) Version/14.1.1 Mobile/15E148 Safari/604.1"
8.49.39.221 - - [29/May/2015:05:01:40 +0000] "GET /images/kibana-search.png HTTP/1.1" 200 158226 "http://somedomain.com/css/styles.css" "Mozilla/5.0 (iPhone; CPU iPhone OS 14_6 like Mac OS X) AppleWebKit/605.1.15 (KHTML, like Gecko) Version/14.1.1 Mobile/15E148 Safari/604.1"
91.205.77.123 - - [19/May/2015:17:43:43 +0000] "GET /js/app.js HTTP/1.1" 200 213861 "http://somedomain.com/js/app.js" "Mozilla/5.0 (Windows NT 10.0; Win64; x64) AppleWebKit/537.36 (KHTML, like Gecko) Chrome/91.0.4472.124 Safari/537.36"
92.149.9.216 - - [25/May/2015:12:16:08 +0000] "GET /js/app.js HTTP/1.1" 200 421936 "http://somedomain.com/contact" "Mozilla/5.0 (iPhone; CPU iPhone OS 14_6 like Mac OS X) AppleWebKit/605.1.15 (KHTML, like Gecko) Version/14.1.1 Mobile/15E148 Safari/604.1"
8.49.39.221 - - [9/May/2015:07:41:26 +0000] "GET /css/styles.css HTTP/1.1" 200 362825 "http://somedomain.com/plugin/zoom-js/zoom.js" "Mozilla/5.0 (Windows NT 10.0; Win64; x64) AppleWebKit/537.36 (KHTML, like Gecko) Chrome/91.0.4472.124 Safari/537.36"
72.158.11.201 - - [25/May/2015:16:14:56 +0000] "GET /images/kibana-search.png HTTP/1.1" 200 394228 "http://somedomain.com/images/kibana-dashboard3.png" "Mozilla/5.0 (Windows NT 10.0; Win64; x64) AppleWebKit/537.36 (KHTML, like Gecko) Chrome/91.0.4472.124 Safari/537.36"
92.149.9.216 - - [8/May/2015:08:52:53 +0000] "GET /api/data HTTP/1.1" 200 1078 "http://somedomain.com/plugin/zoom-js/zoom.js" "Mozilla/5.0 (Macintosh; Intel Mac OS X 10_15_7) AppleWebKit/605.1.15 (KHTML, like Gecko) Version/14.1.1 Safari/605.1.15"
91.205.77.123 - - [4/May/2015:13:17:57 +0000] "GET /about HTTP/1.1" 200 436058 "http://somedomain.com/about" "Mozilla/5.0 (Macintosh; Intel Mac OS X 10_15_7) AppleWebKit/605.1.15 (KHTML, like Gecko) Version/14.1.1 Safari/605.1.15"
95.207.60.131 - - [11/May/2015:15:18:41 +0000] "GET /contact HTTP/1.1" 200 456958 "http://somedomain.com/plugin/zoom-js/zoom.js" "Mozilla/5.0 (Macintosh; Intel Mac OS X 10_15_7) AppleWebKit/605.1.15 (KHTML, like Gecko) Version/14.1.1 Safari/605.1.15"
65.189.22.45 - - [13/May/2015:19:09:41 +0000] "GET /images/kibana-search.png HTTP/1.1" 404 389490 "http://somedomain.com/plugin/zoom-js/zoom.js" "Mozilla/5.0 (Windows NT 10.0; Win64; x64) AppleWebKit/537.36 (KHTML, like Gecko) Chrome/91.0.4472.124 Safari/537.36"
81.199.53.102 - - [27/May/2015:16:11:18 +0000] "GET /api/data HTTP/1.1" 200 445078 "http://somedomain.com/css/styles.css" "Mozilla/5.0 (Macintosh; Intel Mac OS X 10_15_7) AppleWebKit/605.1.15 (KHTML, like Gecko) Version/14.1.1 Safari/605.1.15"
91.205.77.123 - - [4/May/2015:12:09:39 +0000] "GET /images/kibana-search.png HTTP/1.1" 200 8584 "http://somedomain.com/images/kibana-search.png" "Mozilla/5.0 (iPhone; CPU iPhone OS 14_6 like Mac OS X) AppleWebKit/605.1.15 (KHTML, like Gecko) Version/14.1.1 Mobile/15E148 Safari/604.1"
72.158.11.201 - - [2/May/2015:12:33:24 +0000] "GET /about HTTP/1.1" 404 333596 "http://somedomain.com/api/data" "Mozilla/5.0 (Macintosh; Intel Mac OS X 10_15_7) AppleWebKit/605.1.15 (KHTML, like Gecko) Version/14.1.1 Safari/605.1.15"
78.201.15.89 - - [27/May/2015:14:22:43 +0000] "GET /images/kibana-dashboard3.png HTTP/1.1" 200 196512 "http://somedomain.com/api/data" "Mozilla/5.0 (Windows NT 10.0; Win64; x64) AppleWebKit/537.36 (KHTML, like Gecko) Chrome/91.0.4472.124 Safari/537.36"
84.199.32.167 - - [11/May/2015:12:57:01 +0000] "GET /images/kibana-search.png HTTP/1.1" 200 344919 "http://somedomain.com/plugin/highlight/highlight.js" "Mozilla/5.0 (Windows NT 10.0; Win64; x64) AppleWebKit/537.36 (KHTML, like Gecko) Chrome/91.0.4472.124 Safari/537.36"
